Component: ARM Compiler 5.06 update 6 (build 750) Tool: armlink [4d35ed]

==============================================================================

Section Cross References

    startup_stm32f427xx.o(RESET) refers to startup_stm32f427xx.o(STACK) for __initial_sp
    startup_stm32f427xx.o(RESET) refers to startup_stm32f427xx.o(.text) for Reset_Handler
    startup_stm32f427xx.o(RESET) refers to stm32f4xx_it.o(i.NMI_Handler) for NMI_Handler
    startup_stm32f427xx.o(RESET) refers to stm32f4xx_it.o(i.HardFault_Handler) for HardFault_Handler
    startup_stm32f427xx.o(RESET) refers to stm32f4xx_it.o(i.MemManage_Handler) for MemManage_Handler
    startup_stm32f427xx.o(RESET) refers to stm32f4xx_it.o(i.BusFault_Handler) for BusFault_Handler
    startup_stm32f427xx.o(RESET) refers to stm32f4xx_it.o(i.UsageFault_Handler) for UsageFault_Handler
    startup_stm32f427xx.o(RESET) refers to stm32f4xx_it.o(i.SVC_Handler) for SVC_Handler
    startup_stm32f427xx.o(RESET) refers to stm32f4xx_it.o(i.DebugMon_Handler) for DebugMon_Handler
    startup_stm32f427xx.o(RESET) refers to stm32f4xx_it.o(i.PendSV_Handler) for PendSV_Handler
    startup_stm32f427xx.o(RESET) refers to stm32f4xx_it.o(i.SysTick_Handler) for SysTick_Handler
    startup_stm32f427xx.o(RESET) refers to stm32f4xx_it.o(i.EXTI2_IRQHandler) for EXTI2_IRQHandler
    startup_stm32f427xx.o(RESET) refers to stm32f4xx_it.o(i.DMA1_Stream2_IRQHandler) for DMA1_Stream2_IRQHandler
    startup_stm32f427xx.o(RESET) refers to stm32f4xx_it.o(i.DMA1_Stream3_IRQHandler) for DMA1_Stream3_IRQHandler
    startup_stm32f427xx.o(RESET) refers to stm32f4xx_it.o(i.DMA1_Stream4_IRQHandler) for DMA1_Stream4_IRQHandler
    startup_stm32f427xx.o(RESET) refers to stm32f4xx_it.o(i.DMA1_Stream6_IRQHandler) for DMA1_Stream6_IRQHandler
    startup_stm32f427xx.o(RESET) refers to stm32f4xx_it.o(i.CAN1_RX0_IRQHandler) for CAN1_RX0_IRQHandler
    startup_stm32f427xx.o(RESET) refers to stm32f4xx_it.o(i.EXTI9_5_IRQHandler) for EXTI9_5_IRQHandler
    startup_stm32f427xx.o(RESET) refers to stm32f4xx_it.o(i.TIM3_IRQHandler) for TIM3_IRQHandler
    startup_stm32f427xx.o(RESET) refers to stm32f4xx_it.o(i.USART1_IRQHandler) for USART1_IRQHandler
    startup_stm32f427xx.o(RESET) refers to stm32f4xx_it.o(i.USART3_IRQHandler) for USART3_IRQHandler
    startup_stm32f427xx.o(RESET) refers to stm32f4xx_it.o(i.TIM5_IRQHandler) for TIM5_IRQHandler
    startup_stm32f427xx.o(RESET) refers to stm32f4xx_it.o(i.DMA2_Stream1_IRQHandler) for DMA2_Stream1_IRQHandler
    startup_stm32f427xx.o(RESET) refers to stm32f4xx_it.o(i.DMA2_Stream2_IRQHandler) for DMA2_Stream2_IRQHandler
    startup_stm32f427xx.o(RESET) refers to stm32f4xx_it.o(i.DMA2_Stream5_IRQHandler) for DMA2_Stream5_IRQHandler
    startup_stm32f427xx.o(RESET) refers to stm32f4xx_it.o(i.DMA2_Stream6_IRQHandler) for DMA2_Stream6_IRQHandler
    startup_stm32f427xx.o(RESET) refers to stm32f4xx_it.o(i.USART6_IRQHandler) for USART6_IRQHandler
    startup_stm32f427xx.o(RESET) refers to stm32f4xx_it.o(i.UART7_IRQHandler) for UART7_IRQHandler
    startup_stm32f427xx.o(RESET) refers to stm32f4xx_it.o(i.UART8_IRQHandler) for UART8_IRQHandler
    startup_stm32f427xx.o(.text) refers to system_stm32f4xx.o(i.SystemInit) for SystemInit
    startup_stm32f427xx.o(.text) refers to entry.o(.ARM.Collect$$$$00000000) for __main
    stm32f4xx_hal_can.o(i.CAN_Receive_IT) refers to can_ctrl.o(i.HAL_CAN_RxCpltCallback) for HAL_CAN_RxCpltCallback
    stm32f4xx_hal_can.o(i.CAN_Transmit_IT) refers to stm32f4xx_hal_can.o(i.HAL_CAN_TxCpltCallback) for HAL_CAN_TxCpltCallback
    stm32f4xx_hal_can.o(i.HAL_CAN_DeInit) refers to can.o(i.HAL_CAN_MspDeInit) for HAL_CAN_MspDeInit
    stm32f4xx_hal_can.o(i.HAL_CAN_IRQHandler) refers to stm32f4xx_hal_can.o(i.CAN_Transmit_IT) for CAN_Transmit_IT
    stm32f4xx_hal_can.o(i.HAL_CAN_IRQHandler) refers to stm32f4xx_hal_can.o(i.CAN_Receive_IT) for CAN_Receive_IT
    stm32f4xx_hal_can.o(i.HAL_CAN_IRQHandler) refers to stm32f4xx_hal_can.o(i.HAL_CAN_ErrorCallback) for HAL_CAN_ErrorCallback
    stm32f4xx_hal_can.o(i.HAL_CAN_Init) refers to can.o(i.HAL_CAN_MspInit) for HAL_CAN_MspInit
    stm32f4xx_hal_can.o(i.HAL_CAN_Init) refers to stm32f4xx_hal.o(i.HAL_GetTick) for HAL_GetTick
    stm32f4xx_hal_can.o(i.HAL_CAN_Receive) refers to stm32f4xx_hal.o(i.HAL_GetTick) for HAL_GetTick
    stm32f4xx_hal_can.o(i.HAL_CAN_Sleep) refers to stm32f4xx_hal.o(i.HAL_GetTick) for HAL_GetTick
    stm32f4xx_hal_can.o(i.HAL_CAN_Transmit) refers to stm32f4xx_hal.o(i.HAL_GetTick) for HAL_GetTick
    stm32f4xx_hal_can.o(i.HAL_CAN_WakeUp) refers to stm32f4xx_hal.o(i.HAL_GetTick) for HAL_GetTick
    stm32f4xx_hal_tim.o(i.HAL_TIM_Base_DeInit) refers to tim.o(i.HAL_TIM_Base_MspDeInit) for HAL_TIM_Base_MspDeInit
    stm32f4xx_hal_tim.o(i.HAL_TIM_Base_Init) refers to tim.o(i.HAL_TIM_Base_MspInit) for HAL_TIM_Base_MspInit
    stm32f4xx_hal_tim.o(i.HAL_TIM_Base_Init) refers to stm32f4xx_hal_tim.o(i.TIM_Base_SetConfig) for TIM_Base_SetConfig
[...]
    i.HAL_RCC_GetPCLK1Freq                   0x0800281c   Section        0  stm32f4xx_hal_rcc.o(i.HAL_RCC_GetPCLK1Freq)
    i.HAL_RCC_GetPCLK2Freq                   0x0800284c   Section        0  stm32f4xx_hal_rcc.o(i.HAL_RCC_GetPCLK2Freq)
    i.HAL_RCC_GetSysClockFreq                0x0800287c   Section        0  stm32f4xx_hal_rcc.o(i.HAL_RCC_GetSysClockFreq)
    i.HAL_RCC_OscConfig                      0x080028f0   Section        0  stm32f4xx_hal_rcc.o(i.HAL_RCC_OscConfig)
    i.HAL_SYSTICK_CLKSourceConfig            0x08002bd4   Section        0  stm32f4xx_hal_cortex.o(i.HAL_SYSTICK_CLKSourceConfig)
    i.HAL_SYSTICK_Callback                   0x08002bec   Section        0  stm32f4xx_hal_cortex.o(i.HAL_SYSTICK_Callback)
    i.HAL_SYSTICK_Config                     0x08002bee   Section        0  stm32f4xx_hal_cortex.o(i.HAL_SYSTICK_Config)
    i.HAL_SYSTICK_IRQHandler                 0x08002c16   Section        0  stm32f4xx_hal_cortex.o(i.HAL_SYSTICK_IRQHandler)
    i.HAL_TIMEx_BreakCallback                0x08002c1e   Section        0  stm32f4xx_hal_tim_ex.o(i.HAL_TIMEx_BreakCallback)
    i.HAL_TIMEx_CommutationCallback          0x08002c20   Section        0  stm32f4xx_hal_tim_ex.o(i.HAL_TIMEx_CommutationCallback)
    i.HAL_TIMEx_MasterConfigSynchronization  0x08002c22   Section        0  stm32f4xx_hal_tim_ex.o(i.HAL_TIMEx_MasterConfigSynchronization)
    i.HAL_TIM_Base_Init                      0x08002c72   Section        0  stm32f4xx_hal_tim.o(i.HAL_TIM_Base_Init)
    i.HAL_TIM_Base_MspInit                   0x08002ca8   Section        0  tim.o(i.HAL_TIM_Base_MspInit)
    i.HAL_TIM_Base_Start_IT                  0x08002d0c   Section        0  stm32f4xx_hal_tim.o(i.HAL_TIM_Base_Start_IT)
    i.HAL_TIM_ConfigClockSource              0x08002d24   Section        0  stm32f4xx_hal_tim.o(i.HAL_TIM_ConfigClockSource)
    i.HAL_TIM_IC_CaptureCallback             0x08002e18   Section        0  shoot_ctrl.o(i.HAL_TIM_IC_CaptureCallback)
    i.HAL_TIM_IC_Start_IT                    0x08002fe0   Section        0  stm32f4xx_hal_tim.o(i.HAL_TIM_IC_Start_IT)
    i.HAL_TIM_IRQHandler                     0x0800302c   Section        0  stm32f4xx_hal_tim.o(i.HAL_TIM_IRQHandler)
    i.HAL_TIM_MspPostInit                    0x08003194   Section        0  tim.o(i.HAL_TIM_MspPostInit)
    i.HAL_TIM_OC_DelayElapsedCallback        0x080031c8   Section        0  stm32f4xx_hal_tim.o(i.HAL_TIM_OC_DelayElapsedCallback)
    i.HAL_TIM_PWM_ConfigChannel              0x080031ca   Section        0  stm32f4xx_hal_tim.o(i.HAL_TIM_PWM_ConfigChannel)
    i.HAL_TIM_PWM_Init                       0x0800329a   Section        0  stm32f4xx_hal_tim.o(i.HAL_TIM_PWM_Init)
    i.HAL_TIM_PWM_MspInit                    0x080032d0   Section        0  tim.o(i.HAL_TIM_PWM_MspInit)
    i.HAL_TIM_PWM_PulseFinishedCallback      0x080032f8   Section        0  stm32f4xx_hal_tim.o(i.HAL_TIM_PWM_PulseFinishedCallback)
    i.HAL_TIM_PWM_Start                      0x080032fc   Section        0  stm32f4xx_hal_tim.o(i.HAL_TIM_PWM_Start)
    i.HAL_TIM_PeriodElapsedCallback          0x08003334   Section        0  stm32f4xx_hal_tim.o(i.HAL_TIM_PeriodElapsedCallback)
    i.HAL_TIM_ReadCapturedValue              0x08003336   Section        0  stm32f4xx_hal_tim.o(i.HAL_TIM_ReadCapturedValue)
    i.HAL_TIM_TriggerCallback                0x0800337a   Section        0  stm32f4xx_hal_tim.o(i.HAL_TIM_TriggerCallback)
    i.HAL_UART_DMAStop                       0x0800337c   Section        0  stm32f4xx_hal_uart.o(i.HAL_UART_DMAStop)
    i.HAL_UART_ErrorCallback                 0x080033d4   Section        0  stm32f4xx_hal_uart.o(i.HAL_UART_ErrorCallback)
    i.HAL_UART_IRQHandler                    0x080033d8   Section        0  stm32f4xx_hal_uart.o(i.HAL_UART_IRQHandler)
    i.HAL_UART_Init                          0x080034e8   Section        0  stm32f4xx_hal_uart.o(i.HAL_UART_Init)
    i.HAL_UART_MspInit                       0x0800354c   Section        0  usart.o(i.HAL_UART_MspInit)
    i.HAL_UART_Receive_DMA                   0x08003848   Section        0  stm32f4xx_hal_uart.o(i.HAL_UART_Receive_DMA)
    i.HAL_UART_RxCpltCallback                0x080038d8   Section        0  stm32f4xx_hal_uart.o(i.HAL_UART_RxCpltCallback)
    i.HAL_UART_RxHalfCpltCallback            0x080038da   Section        0  stm32f4xx_hal_uart.o(i.HAL_UART_RxHalfCpltCallback)
    i.HAL_UART_Transmit                      0x080038dc   Section        0  stm32f4xx_hal_uart.o(i.HAL_UART_Transmit)
    i.HAL_UART_TxCpltCallback                0x08003996   Section        0  stm32f4xx_hal_uart.o(i.HAL_UART_TxCpltCallback)
    i.HardFault_Handler                      0x08003998   Section        0  stm32f4xx_it.o(i.HardFault_Handler)
    i.JY901_Data_Receive                     0x0800399c   Section        0  imu.o(i.JY901_Data_Receive)
    i.JY901_Decode                           0x08003a20   Section        0  imu.o(i.JY901_Decode)
    i.LESO_Init                              0x08003a58   Section        0  adrc.o(i.LESO_Init)
    i.MX_CAN1_Init                           0x08003a7c   Section        0  can.o(i.MX_CAN1_Init)
    i.MX_DMA_Init                            0x08003adc   Section        0  dma.o(i.MX_DMA_Init)
    i.MX_GPIO_Init                           0x08003b08   Section        0  gpio.o(i.MX_GPIO_Init)
    i.MX_TIM3_Init                           0x08003c00   Section        0  tim.o(i.MX_TIM3_Init)
    i.MX_TIM4_Init                           0x08003c78   Section        0  tim.o(i.MX_TIM4_Init)
    i.MX_UART7_Init                          0x08003d24   Section        0  usart.o(i.MX_UART7_Init)
    i.MX_UART8_Init                          0x08003d74   Section        0  usart.o(i.MX_UART8_Init)
    i.MX_USART1_UART_Init                    0x08003dc4   Section        0  usart.o(i.MX_USART1_UART_Init)
    i.MX_USART3_UART_Init                    0x08003e1c   Section        0  usart.o(i.MX_USART3_UART_Init)
    i.MemManage_Handler                      0x08003e6c   Section        0  stm32f4xx_it.o(i.MemManage_Handler)
    i.Motor_AbsPos                           0x08003e6e   Section        0  motor_ctrl.o(i.Motor_AbsPos)
    i.Motor_IncPos                           0x08003e9c   Section        0  motor_ctrl.o(i.Motor_IncPos)
    i.Motor_SetVel                           0x08003eca   Section        0  motor_ctrl.o(i.Motor_SetVel)
    i.Motor_ValueSet                         0x08003ed0   Section        0  motor_ctrl.o(i.Motor_ValueSet)
    i.Motor_VeloCtrl                         0x08003ef0   Section        0  motor_ctrl.o(i.Motor_VeloCtrl)
    Motor_VeloCtrl                           0x08003ef1   Thumb Code   140  motor_ctrl.o(i.Motor_VeloCtrl)
    i.NMI_Handler                            0x08003f8c   Section        0  stm32f4xx_it.o(i.NMI_Handler)
    i.NVIC_SetPriority                       0x08003f8e   Section        0  stm32f4xx_hal_cortex.o(i.NVIC_SetPriority)
    NVIC_SetPriority                         0x08003f8f   Thumb Code    32  stm32f4xx_hal_cortex.o(i.NVIC_SetPriority)
    i.PendSV_Handler                         0x08003fae   Section        0  stm32f4xx_it.o(i.PendSV_Handler)
    i.RC_DataHandle                          0x08003fb0   Section        0  remote_ctrl.o(i.RC_DataHandle)
    i.Referee_Decode                         0x08004058   Section        0  referee_comm.o(i.Referee_Decode)
    i.RemoteCtl_Data_Receive                 0x080040ac   Section        0  remote_ctrl.o(i.RemoteCtl_Data_Receive)
    i.SVC_Handler                            0x08004140   Section        0  stm32f4xx_it.o(i.SVC_Handler)
    i.SendDatabuild                          0x08004144   Section        0  referee_comm.o(i.SendDatabuild)
    i.ShootWheel_Control                     0x080041b8   Section        0  shoot_ctrl.o(i.ShootWheel_Control)
    i.SysNVIC_SetPriority                    0x0800424c   Section        0  sys.o(i.SysNVIC_SetPriority)
    i.SysTick_Handler                        0x08004332   Section        0  stm32f4xx_it.o(i.SysTick_Handler)
    i.SystemClock_Config                     0x08004340   Section        0  main.o(i.SystemClock_Config)
    i.SystemInit                             0x080043e0   Section        0  system_stm32f4xx.o(i.SystemInit)
    i.TD4_init                               0x08004434   Section        0  main.o(i.TD4_init)
    TD4_init                                 0x08004435   Thumb Code    58  main.o(i.TD4_init)
    i.TD_Calculate                           0x08004478   Section        0  adrc.o(i.TD_Calculate)
    i.TD_Init                                0x080044b6   Section        0  adrc.o(i.TD_Init)
    i.TIM3_IRQHandler                        0x080044c0   Section        0  stm32f4xx_it.o(i.TIM3_IRQHandler)
    i.TIM5_IRQHandler                        0x080044d4   Section        0  stm32f4xx_it.o(i.TIM5_IRQHandler)
    i.TIM_Base_SetConfig                     0x080044e0   Section        0  stm32f4xx_hal_tim.o(i.TIM_Base_SetConfig)
    i.TIM_CCxChannelCmd                      0x080045a0   Section        0  stm32f4xx_hal_tim.o(i.TIM_CCxChannelCmd)
    i.TIM_ETR_SetConfig                      0x080045b6   Section        0  stm32f4xx_hal_tim.o(i.TIM_ETR_SetConfig)
    TIM_ETR_SetConfig                        0x080045b7   Thumb Code    20  stm32f4xx_hal_tim.o(i.TIM_ETR_SetConfig)
    i.TIM_ITRx_SetConfig                     0x080045ca   Section        0  stm32f4xx_hal_tim.o(i.TIM_ITRx_SetConfig)
    TIM_ITRx_SetConfig                       0x080045cb   Thumb Code    16  stm32f4xx_hal_tim.o(i.TIM_ITRx_SetConfig)
    i.TIM_OC1_SetConfig                      0x080045dc   Section        0  stm32f4xx_hal_tim.o(i.TIM_OC1_SetConfig)
    TIM_OC1_SetConfig                        0x080045dd   Thumb Code    80  stm32f4xx_hal_tim.o(i.TIM_OC1_SetConfig)
    i.TIM_OC2_SetConfig                      0x08004634   Section        0  stm32f4xx_hal_tim.o(i.TIM_OC2_SetConfig)
    i.TIM_OC3_SetConfig                      0x08004698   Section        0  stm32f4xx_hal_tim.o(i.TIM_OC3_SetConfig)
    TIM_OC3_SetConfig                        0x08004699   Thumb Code    88  stm32f4xx_hal_tim.o(i.TIM_OC3_SetConfig)
    i.TIM_OC4_SetConfig                      0x080046f8   Section        0  stm32f4xx_hal_tim.o(i.TIM_OC4_SetConfig)
    TIM_OC4_SetConfig                        0x080046f9   Thumb Code    70  stm32f4xx_hal_tim.o(i.TIM_OC4_SetConfig)
    i.TIM_TI1_ConfigInputStage               0x08004748   Section        0  stm32f4xx_hal_tim.o(i.TIM_TI1_ConfigInputStage)
    TIM_TI1_ConfigInputStage                 0x08004749   Thumb Code    34  stm32f4xx_hal_tim.o(i.TIM_TI1_ConfigInputStage)
    i.TIM_TI2_ConfigInputStage               0x0800476a   Section        0  stm32f4xx_hal_tim.o(i.TIM_TI2_ConfigInputStage)
    TIM_TI2_ConfigInputStage                 0x0800476b   Thumb Code    36  stm32f4xx_hal_tim.o(i.TIM_TI2_ConfigInputStage)
    i.UART7_IRQHandler                       0x0800478e   Section        0  stm32f4xx_it.o(i.UART7_IRQHandler)
    i.UART8_IRQHandler                       0x08004792   Section        0  stm32f4xx_it.o(i.UART8_IRQHandler)
    i.UART_DMAAbortOnError                   0x08004796   Section        0  stm32f4xx_hal_uart.o(i.UART_DMAAbortOnError)
    UART_DMAAbortOnError                     0x08004797   Thumb Code    16  stm32f4xx_hal_uart.o(i.UART_DMAAbortOnError)
    i.UART_DMAError                          0x080047a6   Section        0  stm32f4xx_hal_uart.o(i.UART_DMAError)
    UART_DMAError                            0x080047a7   Thumb Code    74  stm32f4xx_hal_uart.o(i.UART_DMAError)
    i.UART_DMAReceiveCplt                    0x080047f0   Section        0  stm32f4xx_hal_uart.o(i.UART_DMAReceiveCplt)
    UART_DMAReceiveCplt                      0x080047f1   Thumb Code    60  stm32f4xx_hal_uart.o(i.UART_DMAReceiveCplt)
    i.UART_DMARxHalfCplt                     0x0800482c   Section        0  stm32f4xx_hal_uart.o(i.UART_DMARxHalfCplt)
    UART_DMARxHalfCplt                       0x0800482d   Thumb Code    10  stm32f4xx_hal_uart.o(i.UART_DMARxHalfCplt)
    i.UART_EndRxTransfer                     0x08004836   Section        0  stm32f4xx_hal_uart.o(i.UART_EndRxTransfer)
    UART_EndRxTransfer                       0x08004837   Thumb Code    28  stm32f4xx_hal_uart.o(i.UART_EndRxTransfer)
    i.UART_EndTxTransfer                     0x08004852   Section        0  stm32f4xx_hal_uart.o(i.UART_EndTxTransfer)
    UART_EndTxTransfer                       0x08004853   Thumb Code    18  stm32f4xx_hal_uart.o(i.UART_EndTxTransfer)
    i.UART_Receive_IT                        0x08004864   Section        0  stm32f4xx_hal_uart.o(i.UART_Receive_IT)
    UART_Receive_IT                          0x08004865   Thumb Code   140  stm32f4xx_hal_uart.o(i.UART_Receive_IT)
    i.UART_SetConfig                         0x080048f0   Section        0  stm32f4xx_hal_uart.o(i.UART_SetConfig)
    UART_SetConfig                           0x080048f1   Thumb Code   676  stm32f4xx_hal_uart.o(i.UART_SetConfig)
    i.UART_Transmit_IT                       0x08004b9c   Section        0  stm32f4xx_hal_uart.o(i.UART_Transmit_IT)
    UART_Transmit_IT                         0x08004b9d   Thumb Code    98  stm32f4xx_hal_uart.o(i.UART_Transmit_IT)
    i.UART_WaitOnFlagUntilTimeout            0x08004bfe   Section        0  stm32f4xx_hal_uart.o(i.UART_WaitOnFlagUntilTimeout)
    UART_WaitOnFlagUntilTimeout              0x08004bff   Thumb Code   100  stm32f4xx_hal_uart.o(i.UART_WaitOnFlagUntilTimeout)
    i.USART1_IRQHandler                      0x08004c62   Section        0  stm32f4xx_it.o(i.USART1_IRQHandler)
    i.USART3_IRQHandler                      0x08004c68   Section        0  stm32f4xx_it.o(i.USART3_IRQHandler)
    i.USART6_IRQHandler                      0x08004c84   Section        0  stm32f4xx_it.o(i.USART6_IRQHandler)
    i.UsageFault_Handler                     0x08004c88   Section        0  stm32f4xx_it.o(i.UsageFault_Handler)
    i.Verify_CRC16_Check_Sum                 0x08004c8c   Section        0  crc.o(i.Verify_CRC16_Check_Sum)
    i.Verify_CRC8_Check_Sum                  0x08004cc8   Section        0  crc.o(i.Verify_CRC8_Check_Sum)
    i._Error_Handler                         0x08004cf8   Section        0  main.o(i._Error_Handler)
    i.__hardfp_sqrt                          0x08004cfa   Section        0  sqrt_full.o(i.__hardfp_sqrt)
    i.__scatterload_copy                     0x08004d74   Section       14  handlers.o(i.__scatterload_copy)
    i.__scatterload_null                     0x08004d82   Section        2  handlers.o(i.__scatterload_null)
    i.__scatterload_zeroinit                 0x08004d84   Section       14  handlers.o(i.__scatterload_zeroinit)
    i.__set_errno                            0x08004d94   Section        0  errno.o(i.__set_errno)
    i.data_head_blue_init                    0x08004da0   Section        0  referee_comm.o(i.data_head_blue_init)
    i.delay_init                             0x08004dc4   Section        0  delay.o(i.delay_init)
    i.delay_ms                               0x08004dd8   Section        0  delay.o(i.delay_ms)
    i.delay_us                               0x08004df4   Section        0  delay.o(i.delay_us)
    i.fhan                                   0x08004e28   Section        0  adrc.o(i.fhan)
    fhan                                     0x08004e29   Thumb Code   226  adrc.o(i.fhan)
    i.get_moto_Practical_angle               0x08004f0c   Section        0  stm32f4xx_it.o(i.get_moto_Practical_angle)
    get_moto_Practical_angle                 0x08004f0d   Thumb Code   140  stm32f4xx_it.o(i.get_moto_Practical_angle)
    i.kalman_filter_calc                     0x08004fb4   Section        0  control_loop.o(i.kalman_filter_calc)
    kalman_filter_calc                       0x08004fb5   Thumb Code   308  control_loop.o(i.kalman_filter_calc)
    i.kalman_filter_init                     0x080050e8   Section        0  main.o(i.kalman_filter_init)
    kalman_filter_init                       0x080050e9   Thumb Code   226  main.o(i.kalman_filter_init)
    i.main                                   0x080051cc   Section        0  main.o(i.main)
    i.motorPitchCalcuPos                     0x08005670   Section        0  motor_ctrl.o(i.motorPitchCalcuPos)
    motorPitchCalcuPos                       0x08005671   Thumb Code   176  motor_ctrl.o(i.motorPitchCalcuPos)
    i.motorYawCalcuPos                       0x08005738   Section        0  motor_ctrl.o(i.motorYawCalcuPos)
    motorYawCalcuPos                         0x08005739   Thumb Code   142  motor_ctrl.o(i.motorYawCalcuPos)
    i.pcUartDecode                           0x080057dc   Section        0  pc_uart.o(i.pcUartDecode)
    i.pcUartReceive                          0x08005814   Section        0  pc_uart.o(i.pcUartReceive)
    i.sign                                   0x0800589c   Section        0  adrc.o(i.sign)
    sign                                     0x0800589d   Thumb Code    38  adrc.o(i.sign)
    i.sysControl                             0x080058c8   Section        0  control_loop.o(i.sysControl)
    .constdata                               0x08005cbc   Section       16  stm32f4xx_hal_rcc.o(.constdata)
    .constdata                               0x08005ccc   Section        8  stm32f4xx_hal_dma.o(.constdata)
    flagBitshiftOffset                       0x08005ccc   Data           8  stm32f4xx_hal_dma.o(.constdata)
    .constdata                               0x08005cd4   Section      360  main.o(.constdata)
    .constdata                               0x08005e3c   Section      768  crc.o(.constdata)
    .data                                    0x20000000   Section        4  stm32f4xx_hal.o(.data)
    .data                                    0x20000004   Section        4  stm32f4xx_it.o(.data)
    USART6_DMA_RX_BUF                        0x20000004   Data           4  stm32f4xx_it.o(.data)
    .data                                    0x20000008   Section        4  system_stm32f4xx.o(.data)
    .data                                    0x2000000c   Section        8  main.o(.data)
    .data                                    0x20000014   Section        4  can_ctrl.o(.data)
    .data                                    0x20000018   Section       28  control_loop.o(.data)
    .data                                    0x20000034   Section       12  motor_ctrl.o(.data)
    bodanCwCcwFlag                           0x20000034   Data           1  motor_ctrl.o(.data)
    .data                                    0x20000040   Section        3  remote_ctrl.o(.data)
    .data                                    0x20000044   Section       16  shoot_ctrl.o(.data)
    .data                                    0x20000054   Section       12  pc_uart.o(.data)
    .data                                    0x20000060   Section        4  crc.o(.data)
    .data                                    0x20000064   Section        4  delay.o(.data)
    fac_us                                   0x20000064   Data           4  delay.o(.data)
    .data                                    0x20000068   Section        4  errno.o(.data)
    _errno                                   0x20000068   Data           4  errno.o(.data)
    .bss                                     0x2000006c   Section      216  control_loop.o(.bss)
    .bss                                     0x20000144   Section      108  control_loop.o(.bss)
    .bss                                     0x200001b0   Section      620  motor_ctrl.o(.bss)
    .bss                                     0x2000041c   Section       28  motor_ctrl.o(.bss)
    .bss                                     0x20000438   Section       28  motor_ctrl.o(.bss)
    .bss                                     0x20000454   Section       28  motor_ctrl.o(.bss)
    .bss                                     0x20000470   Section       28  motor_ctrl.o(.bss)
    .bss                                     0x2000048c   Section      144  motor_ctrl.o(.bss)
    .bss                                     0x2000051c   Section       60  motor_ctrl.o(.bss)
    .bss                                     0x20000558   Section       60  motor_ctrl.o(.bss)
    .bss                                     0x20000594   Section       60  motor_ctrl.o(.bss)
    .bss                                     0x200005d0   Section       60  motor_ctrl.o(.bss)
    .bss                                     0x2000060c   Section       54  remote_ctrl.o(.bss)
    .bss                                     0x20000644   Section       72  shoot_ctrl.o(.bss)
    .bss                                     0x2000068c   Section       60  imu.o(.bss)
    .bss                                     0x200006c8   Section       20  pc_uart.o(.bss)
    .bss                                     0x200006dc   Section      128  referee_comm.o(.bss)
    .bss                                     0x2000075c   Section       72  referee_comm.o(.bss)
    .bss                                     0x200007a4   Section      128  can.o(.bss)
    TxMessage                                0x200007a4   Data          28  can.o(.bss)
    RxMessage                                0x200007c0   Data          36  can.o(.bss)
    .bss                                     0x20000824   Section      180  tim.o(.bss)
    .bss                                     0x200008d8   Section       96  tim.o(.bss)
    .bss                                     0x20000938   Section       96  tim.o(.bss)
    .bss                                     0x20000998   Section      896  usart.o(.bss)
    .bss                                     0x20000d18   Section      184  spi.o(.bss)
    STACK                                    0x20000dd0   Section     1024  startup_stm32f427xx.o(STACK)

    Global Symbols

    Symbol Name                              Value     Ov Type        Size  Object(Section)

    BuildAttributes$$THM_ISAv4$E$P$D$K$B$S$7EM$VFPi3$EXTD16$VFPS$VFMA$PE$A:L22UL41UL21$X:L11$S22US41US21$IEEE1$IW$USESV6$~STKCKD$USESV7$~SHL$OTIME$ROPI$IEEEX$EBA8$MICROLIB$REQ8$PRES8$EABIv2 0x00000000   Number         0  anon$$obj.o ABSOLUTE
    __ARM_use_no_argv                        0x00000000   Number         0  main.o ABSOLUTE
    __cpp_initialize__aeabi_                  - Undefined Weak Reference
    __cxa_finalize                            - Undefined Weak Reference
    __decompress                              - Undefined Weak Reference
    _clock_init                               - Undefined Weak Reference
    _microlib_exit                            - Undefined Weak Reference
    __Vectors_Size                           0x000001ac   Number         0  startup_stm32f427xx.o ABSOLUTE
    __Vectors                                0x08000000   Data           4  startup_stm32f427xx.o(RESET)
    __Vectors_End                            0x080001ac   Data           0  startup_stm32f427xx.o(RESET)
    __main                                   0x080001ad   Thumb Code     0  entry.o(.ARM.Collect$$$$00000000)
    _main_stk                                0x080001ad   Thumb Code     0  entry2.o(.ARM.Collect$$$$00000001)
    _main_scatterload                        0x080001b1   Thumb Code     0  entry5.o(.ARM.Collect$$$$00000004)
    __main_after_scatterload                 0x080001b5   Thumb Code     0  entry5.o(.ARM.Collect$$$$00000004)
    _main_clock                              0x080001b5   Thumb Code     0  entry7b.o(.ARM.Collect$$$$00000008)
    _main_cpp_init                           0x080001b5   Thumb Code     0  entry8b.o(.ARM.Collect$$$$0000000A)
    _main_init                               0x080001b5   Thumb Code     0  entry9a.o(.ARM.Collect$$$$0000000B)
    __rt_final_cpp                           0x080001bd   Thumb Code     0  entry10a.o(.ARM.Collect$$$$0000000D)
    __rt_final_exit                          0x080001bd   Thumb Code     0  entry11a.o(.ARM.Collect$$$$0000000F)
    Reset_Handler                            0x080001c1   Thumb Code     8  startup_stm32f427xx.o(.text)
    ADC_IRQHandler                           0x080001db   Thumb Code     0  startup_stm32f427xx.o(.text)
    CAN1_RX1_IRQHandler                      0x080001db   Thumb Code     0  startup_stm32f427xx.o(.text)
    CAN1_SCE_IRQHandler                      0x080001db   Thumb Code     0  startup_stm32f427xx.o(.text)
    CAN1_TX_IRQHandler                       0x080001db   Thumb Code     0  startup_stm32f427xx.o(.text)
    CAN2_RX0_IRQHandler                      0x080001db   Thumb Code     0  startup_stm32f427xx.o(.text)
    CAN2_RX1_IRQHandler                      0x080001db   Thumb Code     0  startup_stm32f427xx.o(.text)
    CAN2_SCE_IRQHandler                      0x080001db   Thumb Code     0  startup_stm32f427xx.o(.text)
    CAN2_TX_IRQHandler                       0x080001db   Thumb Code     0  startup_stm32f427xx.o(.text)
    DCMI_IRQHandler                          0x080001db   Thumb Code     0  startup_stm32f427xx.o(.text)
    DMA1_Stream0_IRQHandler                  0x080001db   Thumb Code     0  startup_stm32f427xx.o(.text)
    DMA1_Stream1_IRQHandler                  0x080001db   Thumb Code     0  startup_stm32f427xx.o(.text)
    DMA1_Stream5_IRQHandler                  0x080001db   Thumb Code     0  startup_stm32f427xx.o(.text)
    DMA1_Stream7_IRQHandler                  0x080001db   Thumb Code     0  startup_stm32f427xx.o(.text)
    DMA2D_IRQHandler                         0x080001db   Thumb Code     0  startup_stm32f427xx.o(.text)
    DMA2_Stream0_IRQHandler                  0x080001db   Thumb Code     0  startup_stm32f427xx.o(.text)
    DMA2_Stream3_IRQHandler                  0x080001db   Thumb Code     0  startup_stm32f427xx.o(.text)
    DMA2_Stream4_IRQHandler                  0x080001db   Thumb Code     0  startup_stm32f427xx.o(.text)
    DMA2_Stream7_IRQHandler                  0x080001db   Thumb Code     0  startup_stm32f427xx.o(.text)
    ETH_IRQHandler                           0x080001db   Thumb Code     0  startup_stm32f427xx.o(.text)
    ETH_WKUP_IRQHandler                      0x080001db   Thumb Code     0  startup_stm32f427xx.o(.text)
    EXTI0_IRQHandler                         0x080001db   Thumb Code     0  startup_stm32f427xx.o(.text)
    EXTI15_10_IRQHandler                     0x080001db   Thumb Code     0  startup_stm32f427xx.o(.text)
    EXTI1_IRQHandler                         0x080001db   Thumb Code     0  startup_stm32f427xx.o(.text)
    EXTI3_IRQHandler                         0x080001db   Thumb Code     0  startup_stm32f427xx.o(.text)
    EXTI4_IRQHandler                         0x080001db   Thumb Code     0  startup_stm32f427xx.o(.text)
    FLASH_IRQHandler                         0x080001db   Thumb Code     0  startup_stm32f427xx.o(.text)
    FMC_IRQHandler                           0x080001db   Thumb Code     0  startup_stm32f427xx.o(.text)
    FPU_IRQHandler                           0x080001db   Thumb Code     0  startup_stm32f427xx.o(.text)
    HASH_RNG_IRQHandler                      0x080001db   Thumb Code     0  startup_stm32f427xx.o(.text)
    I2C1_ER_IRQHandler                       0x080001db   Thumb Code     0  startup_stm32f427xx.o(.text)
    I2C1_EV_IRQHandler                       0x080001db   Thumb Code     0  startup_stm32f427xx.o(.text)
    I2C2_ER_IRQHandler                       0x080001db   Thumb Code     0  startup_stm32f427xx.o(.text)
    I2C2_EV_IRQHandler                       0x080001db   Thumb Code     0  startup_stm32f427xx.o(.text)
    I2C3_ER_IRQHandler                       0x080001db   Thumb Code     0  startup_stm32f427xx.o(.text)
    I2C3_EV_IRQHandler                       0x080001db   Thumb Code     0  startup_stm32f427xx.o(.text)
    OTG_FS_IRQHandler                        0x080001db   Thumb Code     0  startup_stm32f427xx.o(.text)
    OTG_FS_WKUP_IRQHandler                   0x080001db   Thumb Code     0  startup_stm32f427xx.o(.text)
    OTG_HS_EP1_IN_IRQHandler                 0x080001db   Thumb Code     0  startup_stm32f427xx.o(.text)
    OTG_HS_EP1_OUT_IRQHandler                0x080001db   Thumb Code     0  startup_stm32f427xx.o(.text)
    OTG_HS_IRQHandler                        0x080001db   Thumb Code     0  startup_stm32f427xx.o(.text)
    OTG_HS_WKUP_IRQHandler                   0x080001db   Thumb Code     0  startup_stm32f427xx.o(.text)
    PVD_IRQHandler                           0x080001db   Thumb Code     0  startup_stm32f427xx.o(.text)
    RCC_IRQHandler                           0x080001db   Thumb Code     0  startup_stm32f427xx.o(.text)
    RTC_Alarm_IRQHandler                     0x080001db   Thumb Code     0  startup_stm32f427xx.o(.text)
    RTC_WKUP_IRQHandler                      0x080001db   Thumb Code     0  startup_stm32f427xx.o(.text)
    SAI1_IRQHandler                          0x080001db   Thumb Code     0  startup_stm32f427xx.o(.text)
    SDIO_IRQHandler                          0x080001db   Thumb Code     0  startup_stm32f427xx.o(.text)
    SPI1_IRQHandler                          0x080001db   Thumb Code     0  startup_stm32f427xx.o(.text)
    SPI2_IRQHandler                          0x080001db   Thumb Code     0  startup_stm32f427xx.o(.text)
    SPI3_IRQHandler                          0x080001db   Thumb Code     0  startup_stm32f427xx.o(.text)
    SPI4_IRQHandler                          0x080001db   Thumb Code     0  startup_stm32f427xx.o(.text)
    SPI5_IRQHandler                          0x080001db   Thumb Code     0  startup_stm32f427xx.o(.text)
    SPI6_IRQHandler                          0x080001db   Thumb Code     0  startup_stm32f427xx.o(.text)
    TAMP_STAMP_IRQHandler                    0x080001db   Thumb Code     0  startup_stm32f427xx.o(.text)
    TIM1_BRK_TIM9_IRQHandler                 0x080001db   Thumb Code     0  startup_stm32f427xx.o(.text)
    TIM1_CC_IRQHandler                       0x080001db   Thumb Code     0  startup_stm32f427xx.o(.text)
    TIM1_TRG_COM_TIM11_IRQHandler            0x080001db   Thumb Code     0  startup_stm32f427xx.o(.text)
    TIM1_UP_TIM10_IRQHandler                 0x080001db   Thumb Code     0  startup_stm32f427xx.o(.text)
    TIM2_IRQHandler                          0x080001db   Thumb Code     0  startup_stm32f427xx.o(.text)
    TIM4_IRQHandler                          0x080001db   Thumb Code     0  startup_stm32f427xx.o(.text)
    TIM6_DAC_IRQHandler                      0x080001db   Thumb Code     0  startup_stm32f427xx.o(.text)
    TIM7_IRQHandler                          0x080001db   Thumb Code     0  startup_stm32f427xx.o(.text)
    TIM8_BRK_TIM12_IRQHandler                0x080001db   Thumb Code     0  startup_stm32f427xx.o(.text)
    TIM8_CC_IRQHandler                       0x080001db   Thumb Code     0  startup_stm32f427xx.o(.text)
    TIM8_TRG_COM_TIM14_IRQHandler            0x080001db   Thumb Code     0  startup_stm32f427xx.o(.text)
    TIM8_UP_TIM13_IRQHandler                 0x080001db   Thumb Code     0  startup_stm32f427xx.o(.text)
    UART4_IRQHandler                         0x080001db   Thumb Code     0  startup_stm32f427xx.o(.text)
    UART5_IRQHandler                         0x080001db   Thumb Code     0  startup_stm32f427xx.o(.text)
    USART2_IRQHandler                        0x080001db   Thumb Code     0  startup_stm32f427xx.o(.text)
    WWDG_IRQHandler                          0x080001db   Thumb Code     0  startup_stm32f427xx.o(.text)
    arm_mat_add_f32                          0x080001e5   Thumb Code   264  arm_mat_add_f32.o(.text)
    arm_mat_init_f32                         0x080002ed   Thumb Code     8  arm_mat_init_f32.o(.text)
    arm_mat_inverse_f32                      0x080002f5   Thumb Code  1328  arm_mat_inverse_f32.o(.text)
    arm_mat_mult_f32                         0x08000825   Thumb Code   312  arm_mat_mult_f32.o(.text)
    arm_mat_sub_f32                          0x08000961   Thumb Code   264  arm_mat_sub_f32.o(.text)
    arm_mat_trans_f32                        0x08000a69   Thumb Code   276  arm_mat_trans_f32.o(.text)
    __aeabi_memcpy                           0x08000b7d   Thumb Code    36  memcpya.o(.text)
    __aeabi_memcpy4                          0x08000b7d   Thumb Code     0  memcpya.o(.text)
    __aeabi_memcpy8                          0x08000b7d   Thumb Code     0  memcpya.o(.text)
    __aeabi_dadd                             0x08000ba1   Thumb Code   322  dadd.o(.text)
    __aeabi_dsub                             0x08000ce3   Thumb Code     6  dadd.o(.text)
    __aeabi_drsub                            0x08000ce9   Thumb Code     6  dadd.o(.text)
    __aeabi_dmul                             0x08000cef   Thumb Code   228  dmul.o(.text)
    __aeabi_i2d                              0x08000dd3   Thumb Code    34  dflti.o(.text)
    __aeabi_f2d                              0x08000df5   Thumb Code    38  f2d.o(.text)
    __aeabi_d2f                              0x08000e1b   Thumb Code    56  d2f.o(.text)
    __aeabi_llsl                             0x08000e53   Thumb Code    30  llshl.o(.text)
    _ll_shift_l                              0x08000e53   Thumb Code     0  llshl.o(.text)
    __aeabi_lasr                             0x08000e71   Thumb Code    36  llsshr.o(.text)
    _ll_sshift_r                             0x08000e71   Thumb Code     0  llsshr.o(.text)
    __I$use$fp                               0x08000e95   Thumb Code     0  iusefp.o(.text)
    _float_round                             0x08000e95   Thumb Code    18  fepilogue.o(.text)
    _float_epilogue                          0x08000ea7   Thumb Code    92  fepilogue.o(.text)
    _double_round                            0x08000f03   Thumb Code    30  depilogue.o(.text)
    _double_epilogue                         0x08000f21   Thumb Code   156  depilogue.o(.text)
    _dsqrt                                   0x08000fbd   Thumb Code   162  dsqrt.o(.text)
    __scatterload                            0x08001061   Thumb Code    28  init.o(.text)
    __scatterload_rt2                        0x08001061   Thumb Code     0  init.o(.text)
    __aeabi_llsr                             0x08001085   Thumb Code    32  llushr.o(.text)
    _ll_ushift_r                             0x08001085   Thumb Code     0  llushr.o(.text)
    ADRC_LESO                                0x080010a5   Thumb Code    86  adrc.o(i.ADRC_LESO)
    ADRC_Yaw_Init                            0x080010fd   Thumb Code   140  adrc.o(i.ADRC_Yaw_Init)
    BusFault_Handler                         0x080011b5   Thumb Code     2  stm32f4xx_it.o(i.BusFault_Handler)
    CAN1_RX0_IRQHandler                      0x080011b9   Thumb Code     6  stm32f4xx_it.o(i.CAN1_RX0_IRQHandler)
    CANFilter_Init                           0x080011c5   Thumb Code    46  can.o(i.CANFilter_Init)
    CAN_CMD_GIMBAL                           0x080011f9   Thumb Code    90  can_ctrl.o(i.CAN_CMD_GIMBAL)
    CAN_MotorRxMsgConv                       0x08001259   Thumb Code   118  can_ctrl.o(i.CAN_MotorRxMsgConv)
    DMA1_Stream2_IRQHandler                  0x08001461   Thumb Code     6  stm32f4xx_it.o(i.DMA1_Stream2_IRQHandler)
    DMA1_Stream3_IRQHandler                  0x0800146d   Thumb Code     6  stm32f4xx_it.o(i.DMA1_Stream3_IRQHandler)
    DMA1_Stream4_IRQHandler                  0x08001479   Thumb Code     6  stm32f4xx_it.o(i.DMA1_Stream4_IRQHandler)
    DMA1_Stream6_IRQHandler                  0x08001485   Thumb Code     6  stm32f4xx_it.o(i.DMA1_Stream6_IRQHandler)
    DMA2_Stream1_IRQHandler                  0x08001491   Thumb Code     6  stm32f4xx_it.o(i.DMA2_Stream1_IRQHandler)
    DMA2_Stream2_IRQHandler                  0x0800149d   Thumb Code     6  stm32f4xx_it.o(i.DMA2_Stream2_IRQHandler)
    DMA2_Stream5_IRQHandler                  0x080014a9   Thumb Code    52  stm32f4xx_it.o(i.DMA2_Stream5_IRQHandler)
    DMA2_Stream6_IRQHandler                  0x080014e9   Thumb Code     6  stm32f4xx_it.o(i.DMA2_Stream6_IRQHandler)
    DebugMon_Handler                         0x08001599   Thumb Code     2  stm32f4xx_it.o(i.DebugMon_Handler)
    EXTI2_IRQHandler                         0x080016e9   Thumb Code    24  stm32f4xx_it.o(i.EXTI2_IRQHandler)
    EXTI9_5_IRQHandler                       0x08001705   Thumb Code     8  stm32f4xx_it.o(i.EXTI9_5_IRQHandler)
    Get_CRC16_Check_Sum                      0x0800170d   Thumb Code    38  crc.o(i.Get_CRC16_Check_Sum)
    Get_CRC8_Check_Sum                       0x08001739   Thumb Code    24  crc.o(i.Get_CRC8_Check_Sum)
    Gimbal_Control                           0x08001755   Thumb Code   450  motor_ctrl.o(i.Gimbal_Control)
    HAL_CAN_ConfigFilter                     0x08001951   Thumb Code   218  stm32f4xx_hal_can.o(i.HAL_CAN_ConfigFilter)
    HAL_CAN_ErrorCallback                    0x08001a35   Thumb Code     2  stm32f4xx_hal_can.o(i.HAL_CAN_ErrorCallback)
    HAL_CAN_IRQHandler                       0x08001a39   Thumb Code   370  stm32f4xx_hal_can.o(i.HAL_CAN_IRQHandler)
    HAL_CAN_Init                             0x08001bb9   Thumb Code   328  stm32f4xx_hal_can.o(i.HAL_CAN_Init)
    HAL_CAN_MspInit                          0x08001d01   Thumb Code    72  can.o(i.HAL_CAN_MspInit)
    HAL_CAN_RxCpltCallback                   0x08001d55   Thumb Code   108  can_ctrl.o(i.HAL_CAN_RxCpltCallback)
    HAL_CAN_Transmit                         0x08001dd1   Thumb Code   390  stm32f4xx_hal_can.o(i.HAL_CAN_Transmit)
    HAL_CAN_TxCpltCallback                   0x08001f65   Thumb Code     2  stm32f4xx_hal_can.o(i.HAL_CAN_TxCpltCallback)
    HAL_DMA_Abort                            0x08001f67   Thumb Code   142  stm32f4xx_hal_dma.o(i.HAL_DMA_Abort)
    HAL_DMA_Abort_IT                         0x08001ff5   Thumb Code    36  stm32f4xx_hal_dma.o(i.HAL_DMA_Abort_IT)
    HAL_DMA_IRQHandler                       0x08002019   Thumb Code   414  stm32f4xx_hal_dma.o(i.HAL_DMA_IRQHandler)
    HAL_DMA_Init                             0x080021c1   Thumb Code   202  stm32f4xx_hal_dma.o(i.HAL_DMA_Init)
    HAL_DMA_Start_IT                         0x08002291   Thumb Code   120  stm32f4xx_hal_dma.o(i.HAL_DMA_Start_IT)
    HAL_Delay                                0x08002309   Thumb Code    22  stm32f4xx_hal.o(i.HAL_Delay)
    HAL_GPIO_EXTI_Callback                   0x0800231f   Thumb Code     2  stm32f4xx_hal_gpio.o(i.HAL_GPIO_EXTI_Callback)
    HAL_GPIO_EXTI_IRQHandler                 0x08002321   Thumb Code    18  stm32f4xx_hal_gpio.o(i.HAL_GPIO_EXTI_IRQHandler)
    HAL_GPIO_Init                            0x08002339   Thumb Code   408  stm32f4xx_hal_gpio.o(i.HAL_GPIO_Init)
    HAL_GPIO_WritePin                        0x08002505   Thumb Code    10  stm32f4xx_hal_gpio.o(i.HAL_GPIO_WritePin)
    HAL_GetTick                              0x08002511   Thumb Code     6  stm32f4xx_hal.o(i.HAL_GetTick)
    HAL_IncTick                              0x0800251d   Thumb Code    10  stm32f4xx_hal.o(i.HAL_IncTick)
    HAL_Init                                 0x0800252d   Thumb Code    48  stm32f4xx_hal.o(i.HAL_Init)
    HAL_InitTick                             0x08002561   Thumb Code    34  stm32f4xx_hal.o(i.HAL_InitTick)
    HAL_MspInit                              0x08002589   Thumb Code     2  stm32f4xx_hal.o(i.HAL_MspInit)
    HAL_MultiProcessor_Init                  0x0800258b   Thumb Code   142  stm32f4xx_hal_uart.o(i.HAL_MultiProcessor_Init)
    HAL_NVIC_EnableIRQ                       0x08002619   Thumb Code    22  stm32f4xx_hal_cortex.o(i.HAL_NVIC_EnableIRQ)
    HAL_NVIC_SetPriority                     0x08002631   Thumb Code    60  stm32f4xx_hal_cortex.o(i.HAL_NVIC_SetPriority)
    HAL_NVIC_SetPriorityGrouping             0x08002671   Thumb Code    26  stm32f4xx_hal_cortex.o(i.HAL_NVIC_SetPriorityGrouping)
    HAL_RCC_ClockConfig                      0x08002695   Thumb Code   364  stm32f4xx_hal_rcc.o(i.HAL_RCC_ClockConfig)
    HAL_RCC_GetHCLKFreq                      0x08002811   Thumb Code     6  stm32f4xx_hal_rcc.o(i.HAL_RCC_GetHCLKFreq)
    HAL_RCC_GetPCLK1Freq                     0x0800281d   Thumb Code    34  stm32f4xx_hal_rcc.o(i.HAL_RCC_GetPCLK1Freq)
    HAL_RCC_GetPCLK2Freq                     0x0800284d   Thumb Code    34  stm32f4xx_hal_rcc.o(i.HAL_RCC_GetPCLK2Freq)
    HAL_RCC_GetSysClockFreq                  0x0800287d   Thumb Code   104  stm32f4xx_hal_rcc.o(i.HAL_RCC_GetSysClockFreq)
    HAL_RCC_OscConfig                        0x080028f1   Thumb Code   722  stm32f4xx_hal_rcc.o(i.HAL_RCC_OscConfig)
    HAL_SYSTICK_CLKSourceConfig              0x08002bd5   Thumb Code    24  stm32f4xx_hal_cortex.o(i.HAL_SYSTICK_CLKSourceConfig)
    HAL_SYSTICK_Callback                     0x08002bed   Thumb Code     2  stm32f4xx_hal_cortex.o(i.HAL_SYSTICK_Callback)
    HAL_SYSTICK_Config                       0x08002bef   Thumb Code    40  stm32f4xx_hal_cortex.o(i.HAL_SYSTICK_Config)
    HAL_SYSTICK_IRQHandler                   0x08002c17   Thumb Code     8  stm32f4xx_hal_cortex.o(i.HAL_SYSTICK_IRQHandler)
    HAL_TIMEx_BreakCallback                  0x08002c1f   Thumb Code     2  stm32f4xx_hal_tim_ex.o(i.HAL_TIMEx_BreakCallback)
    HAL_TIMEx_CommutationCallback            0x08002c21   Thumb Code     2  stm32f4xx_hal_tim_ex.o(i.HAL_TIMEx_CommutationCallback)
    HAL_TIMEx_MasterConfigSynchronization    0x08002c23   Thumb Code    80  stm32f4xx_hal_tim_ex.o(i.HAL_TIMEx_MasterConfigSynchronization)
    HAL_TIM_Base_Init                        0x08002c73   Thumb Code    54  stm32f4xx_hal_tim.o(i.HAL_TIM_Base_Init)
    HAL_TIM_Base_MspInit                     0x08002ca9   Thumb Code    82  tim.o(i.HAL_TIM_Base_MspInit)
    HAL_TIM_Base_Start_IT                    0x08002d0d   Thumb Code    24  stm32f4xx_hal_tim.o(i.HAL_TIM_Base_Start_IT)
    HAL_TIM_ConfigClockSource                0x08002d25   Thumb Code   242  stm32f4xx_hal_tim.o(i.HAL_TIM_ConfigClockSource)
    HAL_TIM_IC_CaptureCallback               0x08002e19   Thumb Code   424  shoot_ctrl.o(i.HAL_TIM_IC_CaptureCallback)
    HAL_TIM_IC_Start_IT                      0x08002fe1   Thumb Code    76  stm32f4xx_hal_tim.o(i.HAL_TIM_IC_Start_IT)
    HAL_TIM_IRQHandler                       0x0800302d   Thumb Code   358  stm32f4xx_hal_tim.o(i.HAL_TIM_IRQHandler)
    HAL_TIM_MspPostInit                      0x08003195   Thumb Code    42  tim.o(i.HAL_TIM_MspPostInit)
    HAL_TIM_OC_DelayElapsedCallback          0x080031c9   Thumb Code     2  stm32f4xx_hal_tim.o(i.HAL_TIM_OC_DelayElapsedCallback)
    HAL_TIM_PWM_ConfigChannel                0x080031cb   Thumb Code   208  stm32f4xx_hal_tim.o(i.HAL_TIM_PWM_ConfigChannel)
    HAL_TIM_PWM_Init                         0x0800329b   Thumb Code    54  stm32f4xx_hal_tim.o(i.HAL_TIM_PWM_Init)
    HAL_TIM_PWM_MspInit                      0x080032d1   Thumb Code    30  tim.o(i.HAL_TIM_PWM_MspInit)
    HAL_TIM_PWM_PulseFinishedCallback        0x080032f9   Thumb Code     2  stm32f4xx_hal_tim.o(i.HAL_TIM_PWM_PulseFinishedCallback)
    HAL_TIM_PWM_Start                        0x080032fd   Thumb Code    48  stm32f4xx_hal_tim.o(i.HAL_TIM_PWM_Start)
    HAL_TIM_PeriodElapsedCallback            0x08003335   Thumb Code     2  stm32f4xx_hal_tim.o(i.HAL_TIM_PeriodElapsedCallback)
    HAL_TIM_ReadCapturedValue                0x08003337   Thumb Code    68  stm32f4xx_hal_tim.o(i.HAL_TIM_ReadCapturedValue)
    HAL_TIM_TriggerCallback                  0x0800337b   Thumb Code     2  stm32f4xx_hal_tim.o(i.HAL_TIM_TriggerCallback)
    HAL_UART_DMAStop                         0x0800337d   Thumb Code    88  stm32f4xx_hal_uart.o(i.HAL_UART_DMAStop)
    HAL_UART_ErrorCallback                   0x080033d5   Thumb Code     2  stm32f4xx_hal_uart.o(i.HAL_UART_ErrorCallback)
    HAL_UART_IRQHandler                      0x080033d9   Thumb Code   266  stm32f4xx_hal_uart.o(i.HAL_UART_IRQHandler)
    HAL_UART_Init                            0x080034e9   Thumb Code    98  stm32f4xx_hal_uart.o(i.HAL_UART_Init)
    HAL_UART_MspInit                         0x0800354d   Thumb Code   688  usart.o(i.HAL_UART_MspInit)
    HAL_UART_Receive_DMA                     0x08003849   Thumb Code   132  stm32f4xx_hal_uart.o(i.HAL_UART_Receive_DMA)
    HAL_UART_RxCpltCallback                  0x080038d9   Thumb Code     2  stm32f4xx_hal_uart.o(i.HAL_UART_RxCpltCallback)
    HAL_UART_RxHalfCpltCallback              0x080038db   Thumb Code     2  stm32f4xx_hal_uart.o(i.HAL_UART_RxHalfCpltCallback)
    HAL_UART_Transmit                        0x080038dd   Thumb Code   186  stm32f4xx_hal_uart.o(i.HAL_UART_Transmit)
    HAL_UART_TxCpltCallback                  0x08003997   Thumb Code     2  stm32f4xx_hal_uart.o(i.HAL_UART_TxCpltCallback)
    HardFault_Handler                        0x08003999   Thumb Code     2  stm32f4xx_it.o(i.HardFault_Handler)
    JY901_Data_Receive                       0x0800399d   Thumb Code   110  imu.o(i.JY901_Data_Receive)
    JY901_Decode                             0x08003a21   Thumb Code    52  imu.o(i.JY901_Decode)
    LESO_Init                                0x08003a59   Thumb Code    32  adrc.o(i.LESO_Init)
    MX_CAN1_Init                             0x08003a7d   Thumb Code    66  can.o(i.MX_CAN1_Init)
    MX_DMA_Init                              0x08003add   Thumb Code    38  dma.o(i.MX_DMA_Init)
    MX_GPIO_Init                             0x08003b09   Thumb Code   228  gpio.o(i.MX_GPIO_Init)
    MX_TIM3_Init                             0x08003c01   Thumb Code    92  tim.o(i.MX_TIM3_Init)
    MX_TIM4_Init                             0x08003c79   Thumb Code   142  tim.o(i.MX_TIM4_Init)
    MX_UART7_Init                            0x08003d25   Thumb Code    52  usart.o(i.MX_UART7_Init)
    MX_UART8_Init                            0x08003d75   Thumb Code    52  usart.o(i.MX_UART8_Init)
    MX_USART1_UART_Init                      0x08003dc5   Thumb Code    56  usart.o(i.MX_USART1_UART_Init)
    MX_USART3_UART_Init                      0x08003e1d   Thumb Code    52  usart.o(i.MX_USART3_UART_Init)
    MemManage_Handler                        0x08003e6d   Thumb Code     2  stm32f4xx_it.o(i.MemManage_Handler)
    Motor_AbsPos                             0x08003e6f   Thumb Code    46  motor_ctrl.o(i.Motor_AbsPos)
    Motor_IncPos                             0x08003e9d   Thumb Code    46  motor_ctrl.o(i.Motor_IncPos)
    Motor_SetVel                             0x08003ecb   Thumb Code     6  motor_ctrl.o(i.Motor_SetVel)
    Motor_ValueSet                           0x08003ed1   Thumb Code    32  motor_ctrl.o(i.Motor_ValueSet)
    NMI_Handler                              0x08003f8d   Thumb Code     2  stm32f4xx_it.o(i.NMI_Handler)
    PendSV_Handler                           0x08003faf   Thumb Code     2  stm32f4xx_it.o(i.PendSV_Handler)
    RC_DataHandle                            0x08003fb1   Thumb Code   158  remote_ctrl.o(i.RC_DataHandle)
    Referee_Decode                           0x08004059   Thumb Code    82  referee_comm.o(i.Referee_Decode)
    RemoteCtl_Data_Receive                   0x080040ad   Thumb Code   122  remote_ctrl.o(i.RemoteCtl_Data_Receive)
    SVC_Handler                              0x08004141   Thumb Code     2  stm32f4xx_it.o(i.SVC_Handler)
    SendDatabuild                            0x08004145   Thumb Code   102  referee_comm.o(i.SendDatabuild)
    ShootWheel_Control                       0x080041b9   Thumb Code   130  shoot_ctrl.o(i.ShootWheel_Control)
    SysNVIC_SetPriority                      0x0800424d   Thumb Code   230  sys.o(i.SysNVIC_SetPriority)
    SysTick_Handler                          0x08004333   Thumb Code    14  stm32f4xx_it.o(i.SysTick_Handler)
    SystemClock_Config                       0x08004341   Thumb Code   150  main.o(i.SystemClock_Config)
    SystemInit                               0x080043e1   Thumb Code    66  system_stm32f4xx.o(i.SystemInit)
    TD_Calculate                             0x08004479   Thumb Code    62  adrc.o(i.TD_Calculate)
    TD_Init                                  0x080044b7   Thumb Code     8  adrc.o(i.TD_Init)
    TIM3_IRQHandler                          0x080044c1   Thumb Code    16  stm32f4xx_it.o(i.TIM3_IRQHandler)
    TIM5_IRQHandler                          0x080044d5   Thumb Code     6  stm32f4xx_it.o(i.TIM5_IRQHandler)
    TIM_Base_SetConfig                       0x080044e1   Thumb Code   148  stm32f4xx_hal_tim.o(i.TIM_Base_SetConfig)
    TIM_CCxChannelCmd                        0x080045a1   Thumb Code    22  stm32f4xx_hal_tim.o(i.TIM_CCxChannelCmd)
    TIM_OC2_SetConfig                        0x08004635   Thumb Code    90  stm32f4xx_hal_tim.o(i.TIM_OC2_SetConfig)
    UART7_IRQHandler                         0x0800478f   Thumb Code     4  stm32f4xx_it.o(i.UART7_IRQHandler)
    UART8_IRQHandler                         0x08004793   Thumb Code     4  stm32f4xx_it.o(i.UART8_IRQHandler)
    USART1_IRQHandler                        0x08004c63   Thumb Code     4  stm32f4xx_it.o(i.USART1_IRQHandler)
    USART3_IRQHandler                        0x08004c69   Thumb Code    18  stm32f4xx_it.o(i.USART3_IRQHandler)
    USART6_IRQHandler                        0x08004c85   Thumb Code     4  stm32f4xx_it.o(i.USART6_IRQHandler)
    UsageFault_Handler                       0x08004c89   Thumb Code     2  stm32f4xx_it.o(i.UsageFault_Handler)
    Verify_CRC16_Check_Sum                   0x08004c8d   Thumb Code    54  crc.o(i.Verify_CRC16_Check_Sum)
    Verify_CRC8_Check_Sum                    0x08004cc9   Thumb Code    42  crc.o(i.Verify_CRC8_Check_Sum)
    _Error_Handler                           0x08004cf9   Thumb Code     2  main.o(i._Error_Handler)
    __hardfp_sqrt                            0x08004cfb   Thumb Code   122  sqrt_full.o(i.__hardfp_sqrt)
    __scatterload_copy                       0x08004d75   Thumb Code    14  handlers.o(i.__scatterload_copy)
    __scatterload_null                       0x08004d83   Thumb Code     2  handlers.o(i.__scatterload_null)
    __scatterload_zeroinit                   0x08004d85   Thumb Code    14  handlers.o(i.__scatterload_zeroinit)
    __set_errno                              0x08004d95   Thumb Code     6  errno.o(i.__set_errno)
    data_head_blue_init                      0x08004da1   Thumb Code    30  referee_comm.o(i.data_head_blue_init)
    delay_init                               0x08004dc5   Thumb Code    16  delay.o(i.delay_init)
    delay_ms                                 0x08004dd9   Thumb Code    26  delay.o(i.delay_ms)
    delay_us                                 0x08004df5   Thumb Code    48  delay.o(i.delay_us)
    main                                     0x080051cd   Thumb Code   938  main.o(i.main)
    pcUartDecode                             0x080057dd   Thumb Code    42  pc_uart.o(i.pcUartDecode)
    pcUartReceive                            0x08005815   Thumb Code   112  pc_uart.o(i.pcUartReceive)
    sysControl                               0x080058c9   Thumb Code   868  control_loop.o(i.sysControl)
    APBAHBPrescTable                         0x08005cbc   Data          16  stm32f4xx_hal_rcc.o(.constdata)
    CRC8_TAB                                 0x08005e3c   Data         256  crc.o(.constdata)
    CRC16_Table                              0x08005f3c   Data         512  crc.o(.constdata)
    Region$$Table$$Base                      0x0800613c   Number         0  anon$$obj.o(Region$$Table)
    Region$$Table$$Limit                     0x0800615c   Number         0  anon$$obj.o(Region$$Table)
    uwTick                                   0x20000000   Data           4  stm32f4xx_hal.o(.data)
    SystemCoreClock                          0x20000008   Data           4  system_stm32f4xx.o(.data)
    initFlag                                 0x2000000c   Data           4  main.o(.data)
    sendFlag                                 0x20000010   Data           4  main.o(.data)
    temperature                              0x20000014   Data           4  can_ctrl.o(.data)
    kf0                                      0x20000018   Data           4  control_loop.o(.data)
    kf1                                      0x2000001c   Data           4  control_loop.o(.data)
    sum                                      0x20000020   Data           4  control_loop.o(.data)
    fireFlag                                 0x20000024   Data           4  control_loop.o(.data)
    pitchPos                                 0x20000028   Data           4  control_loop.o(.data)
    yawPos                                   0x2000002c   Data           4  control_loop.o(.data)
    BodanSpeed                               0x20000030   Data           4  control_loop.o(.data)
    kp                                       0x20000038   Data           4  motor_ctrl.o(.data)
    kd                                       0x2000003c   Data           4  motor_ctrl.o(.data)
    RemoteCtrlFlag                           0x20000040   Data           1  remote_ctrl.o(.data)
    mouseRFlag1                              0x20000041   Data           1  remote_ctrl.o(.data)
    mouseRFlag2                              0x20000042   Data           1  remote_ctrl.o(.data)
    mouseR                                   0x20000044   Data           4  shoot_ctrl.o(.data)
    countA                                   0x20000048   Data           4  shoot_ctrl.o(.data)
    countB                                   0x2000004c   Data           4  shoot_ctrl.o(.data)
    setVelo                                  0x20000050   Data           4  shoot_ctrl.o(.data)
    rxLength                                 0x20000054   Data           4  pc_uart.o(.data)
    yawInc                                   0x20000058   Data           4  pc_uart.o(.data)
    pitchInc                                 0x2000005c   Data           4  pc_uart.o(.data)
    CRC8_INIT                                0x20000060   Data           1  crc.o(.data)
    CRC16_INIT                               0x20000062   Data           2  crc.o(.data)
    yaw_kalman_filter                        0x2000006c   Data         108  control_loop.o(.bss)
    pitch_kalman_filter                      0x200000d8   Data         108  control_loop.o(.bss)
    yaw_velo_kf                              0x20000144   Data         108  control_loop.o(.bss)
    td1                                      0x200001b0   Data          28  motor_ctrl.o(.bss)
    td2                                      0x200001cc   Data          28  motor_ctrl.o(.bss)
    eso1                                     0x200001e8   Data          64  motor_ctrl.o(.bss)
    eso2                                     0x20000228   Data          68  motor_ctrl.o(.bss)
    motorYaw                                 0x2000026c   Data         144  motor_ctrl.o(.bss)
    motorPitch                               0x200002fc   Data         144  motor_ctrl.o(.bss)
    motorBodan                               0x2000038c   Data         144  motor_ctrl.o(.bss)
    td1_velo                                 0x2000041c   Data          28  motor_ctrl.o(.bss)
    td2_velo                                 0x20000438   Data          28  motor_ctrl.o(.bss)
    tdYawPc                                  0x20000454   Data          28  motor_ctrl.o(.bss)
    tdPitchPc                                0x20000470   Data          28  motor_ctrl.o(.bss)
    ADRC_Yaw                                 0x2000048c   Data         144  motor_ctrl.o(.bss)
    trackerYawInc                            0x2000051c   Data          60  motor_ctrl.o(.bss)
    trackerPitchInc                          0x20000558   Data          60  motor_ctrl.o(.bss)
    trackerYaw                               0x20000594   Data          60  motor_ctrl.o(.bss)
    trackerPitch                             0x200005d0   Data          60  motor_ctrl.o(.bss)
    USART1_DMA_RX_BUF                        0x2000060c   Data          30  remote_ctrl.o(.bss)
    RemoteCtrlData                           0x2000062a   Data          24  remote_ctrl.o(.bss)
    shootVeloA                               0x20000644   Data          24  shoot_ctrl.o(.bss)
    shootVeloB                               0x2000065c   Data          24  shoot_ctrl.o(.bss)
    halAVelo                                 0x20000674   Data          12  shoot_ctrl.o(.bss)
    halBVelo                                 0x20000680   Data          12  shoot_ctrl.o(.bss)
    JY901_Receive_Data                       0x2000068c   Data          40  imu.o(.bss)
    JYgyro                                   0x200006b4   Data          20  imu.o(.bss)
    UART7_DMA_RX_BUF                         0x200006c8   Data          20  pc_uart.o(.bss)
    USART3_DMA_RX_BUF                        0x200006dc   Data         128  referee_comm.o(.bss)
    USART3_DMA_TX_BUF                        0x2000075c   Data          28  referee_comm.o(.bss)
    send_data                                0x20000778   Data          28  referee_comm.o(.bss)
    send_guard                               0x20000794   Data          16  referee_comm.o(.bss)
    hcan1                                    0x200007e4   Data          64  can.o(.bss)
    htim3                                    0x20000824   Data          60  tim.o(.bss)
    htim4                                    0x20000860   Data          60  tim.o(.bss)
    htim5                                    0x2000089c   Data          60  tim.o(.bss)
    hdma_tim5_ch1                            0x200008d8   Data          96  tim.o(.bss)
    hdma_tim5_ch2                            0x20000938   Data          96  tim.o(.bss)
    huart1                                   0x20000998   Data          64  usart.o(.bss)
    huart3                                   0x200009d8   Data          64  usart.o(.bss)
    huart6                                   0x20000a18   Data          64  usart.o(.bss)
    huart7                                   0x20000a58   Data          64  usart.o(.bss)
    huart8                                   0x20000a98   Data          64  usart.o(.bss)
    hdma_usart1_rx                           0x20000ad8   Data          96  usart.o(.bss)
    hdma_usart3_rx                           0x20000b38   Data          96  usart.o(.bss)
    hdma_usart6_tx                           0x20000b98   Data          96  usart.o(.bss)
    hdma_usart6_rx                           0x20000bf8   Data          96  usart.o(.bss)
    hdma_uart7_rx                            0x20000c58   Data          96  usart.o(.bss)
    hdma_uart8_rx                            0x20000cb8   Data          96  usart.o(.bss)
    hspi5                                    0x20000d18   Data          88  spi.o(.bss)
    hdma_spi5_rx                             0x20000d70   Data          96  spi.o(.bss)
    __initial_sp                             0x200011d0   Data           0  startup_stm32f427xx.o(STACK)



==============================================================================

Memory Map of the image

  Image Entry point : 0x080001ad

  Load Region LR_IROM1 (Base: 0x08000000, Size: 0x000061c8, Max: 0x00200000, ABSOLUTE)

    Execution Region ER_IROM1 (Exec base: 0x08000000, Load base: 0x08000000, Size: 0x0000615c, Max: 0x00200000, ABSOLUTE)

    Exec Addr    Load Addr    Size         Type   Attr      Idx    E Section Name        Object

    0x08000000   0x08000000   0x000001ac   Data   RO            3    RESET               startup_stm32f427xx.o
    0x080001ac   0x080001ac   0x00000000   Code   RO         4993  * .ARM.Collect$$$$00000000  mc_w.l(entry.o)
    0x080001ac   0x080001ac   0x00000004   Code   RO         5070    .ARM.Collect$$$$00000001  mc_w.l(entry2.o)
    0x080001b0   0x080001b0   0x00000004   Code   RO         5073    .ARM.Collect$$$$00000004  mc_w.l(entry5.o)
    0x080001b4   0x080001b4   0x00000000   Code   RO         5075    .ARM.Collect$$$$00000008  mc_w.l(entry7b.o)
    0x080001b4   0x080001b4   0x00000000   Code   RO         5077    .ARM.Collect$$$$0000000A  mc_w.l(entry8b.o)
    0x080001b4   0x080001b4   0x00000008   Code   RO         5078    .ARM.Collect$$$$0000000B  mc_w.l(entry9a.o)
    0x080001bc   0x080001bc   0x00000000   Code   RO         5080    .ARM.Collect$$$$0000000D  mc_w.l(entry10a.o)
    0x080001bc   0x080001bc   0x00000000   Code   RO         5082    .ARM.Collect$$$$0000000F  mc_w.l(entry11a.o)
    0x080001bc   0x080001bc   0x00000004   Code   RO         5071    .ARM.Collect$$$$00002712  mc_w.l(entry2.o)
    0x080001c0   0x080001c0   0x00000024   Code   RO            4    .text               startup_stm32f427xx.o
    0x080001e4   0x080001e4   0x00000108   Code   RO         4609    .text               arm_cortexM4lf_math.lib(arm_mat_add_f32.o)
    0x080002ec   0x080002ec   0x00000008   Code   RO         4633    .text               arm_cortexM4lf_math.lib(arm_mat_init_f32.o)
    0x080002f4   0x080002f4   0x00000530   Code   RO         4657    .text               arm_cortexM4lf_math.lib(arm_mat_inverse_f32.o)
    0x08000824   0x08000824   0x0000013c   Code   RO         4681    .text               arm_cortexM4lf_math.lib(arm_mat_mult_f32.o)
    0x08000960   0x08000960   0x00000108   Code   RO         4705    .text               arm_cortexM4lf_math.lib(arm_mat_sub_f32.o)
    0x08000a68   0x08000a68   0x00000114   Code   RO         4729    .text               arm_cortexM4lf_math.lib(arm_mat_trans_f32.o)
    0x08000b7c   0x08000b7c   0x00000024   Code   RO         4996    .text               mc_w.l(memcpya.o)
    0x08000ba0   0x08000ba0   0x0000014e   Code   RO         5002    .text               mf_w.l(dadd.o)
    0x08000cee   0x08000cee   0x000000e4   Code   RO         5004    .text               mf_w.l(dmul.o)
    0x08000dd2   0x08000dd2   0x00000022   Code   RO         5008    .text               mf_w.l(dflti.o)
    0x08000df4   0x08000df4   0x00000026   Code   RO         5010    .text               mf_w.l(f2d.o)
    0x08000e1a   0x08000e1a   0x00000038   Code   RO         5012    .text               mf_w.l(d2f.o)
    0x08000e52   0x08000e52   0x0000001e   Code   RO         5084    .text               mc_w.l(llshl.o)
    0x08000e70   0x08000e70   0x00000024   Code   RO         5086    .text               mc_w.l(llsshr.o)
    0x08000e94   0x08000e94   0x00000000   Code   RO         5095    .text               mc_w.l(iusefp.o)
    0x08000e94   0x08000e94   0x0000006e   Code   RO         5096    .text               mf_w.l(fepilogue.o)
    0x08000f02   0x08000f02   0x000000ba   Code   RO         5098    .text               mf_w.l(depilogue.o)
    0x08000fbc   0x08000fbc   0x000000a2   Code   RO         5104    .text               mf_w.l(dsqrt.o)
    0x0800105e   0x0800105e   0x00000002   PAD
    0x08001060   0x08001060   0x00000024   Code   RO         5110    .text               mc_w.l(init.o)
    0x08001084   0x08001084   0x00000020   Code   RO         5112    .text               mc_w.l(llushr.o)
    0x080010a4   0x080010a4   0x00000056   Code   RO         3502    i.ADRC_LESO         adrc.o
    0x080010fa   0x080010fa   0x00000002   PAD
    0x080010fc   0x080010fc   0x000000b8   Code   RO         3442    i.ADRC_Yaw_Init     adrc.o
    0x080011b4   0x080011b4   0x00000002   Code   RO         2709    i.BusFault_Handler  stm32f4xx_it.o
    0x080011b6   0x080011b6   0x00000002   PAD
    0x080011b8   0x080011b8   0x0000000c   Code   RO         2710    i.CAN1_RX0_IRQHandler  stm32f4xx_it.o
    0x080011c4   0x080011c4   0x00000034   Code   RO         3824    i.CANFilter_Init    can.o
    0x080011f8   0x080011f8   0x00000060   Code   RO         3095    i.CAN_CMD_GIMBAL    can_ctrl.o
    0x08001258   0x08001258   0x00000080   Code   RO         3096    i.CAN_MotorRxMsgConv  can_ctrl.o
    0x080012d8   0x080012d8   0x00000128   Code   RO           13    i.CAN_Receive_IT    stm32f4xx_hal_can.o
    0x08001400   0x08001400   0x00000060   Code   RO           14    i.CAN_Transmit_IT   stm32f4xx_hal_can.o
    0x08001460   0x08001460   0x0000000c   Code   RO         2711    i.DMA1_Stream2_IRQHandler  stm32f4xx_it.o
    0x0800146c   0x0800146c   0x0000000c   Code   RO         2712    i.DMA1_Stream3_IRQHandler  stm32f4xx_it.o
    0x08001478   0x08001478   0x0000000c   Code   RO         2713    i.DMA1_Stream4_IRQHandler  stm32f4xx_it.o
    0x08001484   0x08001484   0x0000000c   Code   RO         2714    i.DMA1_Stream6_IRQHandler  stm32f4xx_it.o
    0x08001490   0x08001490   0x0000000c   Code   RO         2715    i.DMA2_Stream1_IRQHandler  stm32f4xx_it.o
    0x0800149c   0x0800149c   0x0000000c   Code   RO         2716    i.DMA2_Stream2_IRQHandler  stm32f4xx_it.o
    0x080014a8   0x080014a8   0x00000040   Code   RO         2717    i.DMA2_Stream5_IRQHandler  stm32f4xx_it.o
    0x080014e8   0x080014e8   0x0000000c   Code   RO         2718    i.DMA2_Stream6_IRQHandler  stm32f4xx_it.o
    0x080014f4   0x080014f4   0x00000028   Code   RO         1850    i.DMA_CalcBaseAndBitshift  stm32f4xx_hal_dma.o
    0x0800151c   0x0800151c   0x00000054   Code   RO         1851    i.DMA_CheckFifoParam  stm32f4xx_hal_dma.o
    0x08001570   0x08001570   0x00000028   Code   RO         1852    i.DMA_SetConfig     stm32f4xx_hal_dma.o
    0x08001598   0x08001598   0x00000002   Code   RO         2719    i.DebugMon_Handler  stm32f4xx_it.o
    0x0800159a   0x0800159a   0x00000002   PAD
    0x0800159c   0x0800159c   0x0000014c   Code   RO         3213    i.ESO_AngularRate_run  motor_ctrl.o
    0x080016e8   0x080016e8   0x0000001c   Code   RO         2720    i.EXTI2_IRQHandler  stm32f4xx_it.o
    0x08001704   0x08001704   0x00000008   Code   RO         2721    i.EXTI9_5_IRQHandler  stm32f4xx_it.o
    0x0800170c   0x0800170c   0x0000002c   Code   RO         3703    i.Get_CRC16_Check_Sum  crc.o
    0x08001738   0x08001738   0x0000001c   Code   RO         3704    i.Get_CRC8_Check_Sum  crc.o
    0x08001754   0x08001754   0x000001fc   Code   RO         3214    i.Gimbal_Control    motor_ctrl.o
    0x08001950   0x08001950   0x000000e4   Code   RO           15    i.HAL_CAN_ConfigFilter  stm32f4xx_hal_can.o
    0x08001a34   0x08001a34   0x00000002   Code   RO           17    i.HAL_CAN_ErrorCallback  stm32f4xx_hal_can.o
    0x08001a36   0x08001a36   0x00000002   PAD
    0x08001a38   0x08001a38   0x00000180   Code   RO           20    i.HAL_CAN_IRQHandler  stm32f4xx_hal_can.o
    0x08001bb8   0x08001bb8   0x00000148   Code   RO           21    i.HAL_CAN_Init      stm32f4xx_hal_can.o
    0x08001d00   0x08001d00   0x00000054   Code   RO         3827    i.HAL_CAN_MspInit   can.o
    0x08001d54   0x08001d54   0x0000007c   Code   RO         3097    i.HAL_CAN_RxCpltCallback  can_ctrl.o
    0x08001dd0   0x08001dd0   0x00000194   Code   RO           28    i.HAL_CAN_Transmit  stm32f4xx_hal_can.o
    0x08001f64   0x08001f64   0x00000002   Code   RO           30    i.HAL_CAN_TxCpltCallback  stm32f4xx_hal_can.o
    0x08001f66   0x08001f66   0x0000008e   Code   RO         1853    i.HAL_DMA_Abort     stm32f4xx_hal_dma.o
    0x08001ff4   0x08001ff4   0x00000024   Code   RO         1854    i.HAL_DMA_Abort_IT  stm32f4xx_hal_dma.o
    0x08002018   0x08002018   0x000001a8   Code   RO         1858    i.HAL_DMA_IRQHandler  stm32f4xx_hal_dma.o
    0x080021c0   0x080021c0   0x000000d0   Code   RO         1859    i.HAL_DMA_Init      stm32f4xx_hal_dma.o
    0x08002290   0x08002290   0x00000078   Code   RO         1863    i.HAL_DMA_Start_IT  stm32f4xx_hal_dma.o
    0x08002308   0x08002308   0x00000016   Code   RO         2278    i.HAL_Delay         stm32f4xx_hal.o
    0x0800231e   0x0800231e   0x00000002   Code   RO         1744    i.HAL_GPIO_EXTI_Callback  stm32f4xx_hal_gpio.o
    0x08002320   0x08002320   0x00000018   Code   RO         1745    i.HAL_GPIO_EXTI_IRQHandler  stm32f4xx_hal_gpio.o
    0x08002338   0x08002338   0x000001cc   Code   RO         1746    i.HAL_GPIO_Init     stm32f4xx_hal_gpio.o
    0x08002504   0x08002504   0x0000000a   Code   RO         1750    i.HAL_GPIO_WritePin  stm32f4xx_hal_gpio.o
    0x0800250e   0x0800250e   0x00000002   PAD
    0x08002510   0x08002510   0x0000000c   Code   RO         2286    i.HAL_GetTick       stm32f4xx_hal.o
    0x0800251c   0x0800251c   0x00000010   Code   RO         2287    i.HAL_IncTick       stm32f4xx_hal.o
    0x0800252c   0x0800252c   0x00000034   Code   RO         2288    i.HAL_Init          stm32f4xx_hal.o
    0x08002560   0x08002560   0x00000028   Code   RO         2289    i.HAL_InitTick      stm32f4xx_hal.o
    0x08002588   0x08002588   0x00000002   Code   RO         2291    i.HAL_MspInit       stm32f4xx_hal.o
    0x0800258a   0x0800258a   0x0000008e   Code   RO         1121    i.HAL_MultiProcessor_Init  stm32f4xx_hal_uart.o
    0x08002618   0x08002618   0x00000016   Code   RO         2151    i.HAL_NVIC_EnableIRQ  stm32f4xx_hal_cortex.o
    0x0800262e   0x0800262e   0x00000002   PAD
    0x08002630   0x08002630   0x00000040   Code   RO         2157    i.HAL_NVIC_SetPriority  stm32f4xx_hal_cortex.o
    0x08002670   0x08002670   0x00000024   Code   RO         2158    i.HAL_NVIC_SetPriorityGrouping  stm32f4xx_hal_cortex.o
    0x08002694   0x08002694   0x0000017c   Code   RO         1367    i.HAL_RCC_ClockConfig  stm32f4xx_hal_rcc.o
    0x08002810   0x08002810   0x0000000c   Code   RO         1372    i.HAL_RCC_GetHCLKFreq  stm32f4xx_hal_rcc.o
    0x0800281c   0x0800281c   0x00000030   Code   RO         1374    i.HAL_RCC_GetPCLK1Freq  stm32f4xx_hal_rcc.o
    0x0800284c   0x0800284c   0x00000030   Code   RO         1375    i.HAL_RCC_GetPCLK2Freq  stm32f4xx_hal_rcc.o
    0x0800287c   0x0800287c   0x00000074   Code   RO         1376    i.HAL_RCC_GetSysClockFreq  stm32f4xx_hal_rcc.o
    0x080028f0   0x080028f0   0x000002e4   Code   RO         1379    i.HAL_RCC_OscConfig  stm32f4xx_hal_rcc.o
    0x08002bd4   0x08002bd4   0x00000018   Code   RO         2160    i.HAL_SYSTICK_CLKSourceConfig  stm32f4xx_hal_cortex.o
    0x08002bec   0x08002bec   0x00000002   Code   RO         2161    i.HAL_SYSTICK_Callback  stm32f4xx_hal_cortex.o
    0x08002bee   0x08002bee   0x00000028   Code   RO         2162    i.HAL_SYSTICK_Config  stm32f4xx_hal_cortex.o
    0x08002c16   0x08002c16   0x00000008   Code   RO         2163    i.HAL_SYSTICK_IRQHandler  stm32f4xx_hal_cortex.o
    0x08002c1e   0x08002c1e   0x00000002   Code   RO          875    i.HAL_TIMEx_BreakCallback  stm32f4xx_hal_tim_ex.o
    0x08002c20   0x08002c20   0x00000002   Code   RO          876    i.HAL_TIMEx_CommutationCallback  stm32f4xx_hal_tim_ex.o
    0x08002c22   0x08002c22   0x00000050   Code   RO          892    i.HAL_TIMEx_MasterConfigSynchronization  stm32f4xx_hal_tim_ex.o
    0x08002c72   0x08002c72   0x00000036   Code   RO          246    i.HAL_TIM_Base_Init  stm32f4xx_hal_tim.o
    0x08002ca8   0x08002ca8   0x00000064   Code   RO         3927    i.HAL_TIM_Base_MspInit  tim.o
    0x08002d0c   0x08002d0c   0x00000018   Code   RO          251    i.HAL_TIM_Base_Start_IT  stm32f4xx_hal_tim.o
    0x08002d24   0x08002d24   0x000000f2   Code   RO          255    i.HAL_TIM_ConfigClockSource  stm32f4xx_hal_tim.o
    0x08002e16   0x08002e16   0x00000002   PAD
    0x08002e18   0x08002e18   0x000001c8   Code   RO         3360    i.HAL_TIM_IC_CaptureCallback  shoot_ctrl.o
    0x08002fe0   0x08002fe0   0x0000004c   Code   RO          284    i.HAL_TIM_IC_Start_IT  stm32f4xx_hal_tim.o
    0x0800302c   0x0800302c   0x00000166   Code   RO          288    i.HAL_TIM_IRQHandler  stm32f4xx_hal_tim.o
    0x08003192   0x08003192   0x00000002   PAD
    0x08003194   0x08003194   0x00000034   Code   RO         3928    i.HAL_TIM_MspPostInit  tim.o
    0x080031c8   0x080031c8   0x00000002   Code   RO          291    i.HAL_TIM_OC_DelayElapsedCallback  stm32f4xx_hal_tim.o
    0x080031ca   0x080031ca   0x000000d0   Code   RO          312    i.HAL_TIM_PWM_ConfigChannel  stm32f4xx_hal_tim.o
    0x0800329a   0x0800329a   0x00000036   Code   RO          315    i.HAL_TIM_PWM_Init  stm32f4xx_hal_tim.o
    0x080032d0   0x080032d0   0x00000028   Code   RO         3930    i.HAL_TIM_PWM_MspInit  tim.o
    0x080032f8   0x080032f8   0x00000002   Code   RO          318    i.HAL_TIM_PWM_PulseFinishedCallback  stm32f4xx_hal_tim.o
    0x080032fa   0x080032fa   0x00000002   PAD
    0x080032fc   0x080032fc   0x00000038   Code   RO          319    i.HAL_TIM_PWM_Start  stm32f4xx_hal_tim.o
    0x08003334   0x08003334   0x00000002   Code   RO          325    i.HAL_TIM_PeriodElapsedCallback  stm32f4xx_hal_tim.o
    0x08003336   0x08003336   0x00000044   Code   RO          326    i.HAL_TIM_ReadCapturedValue  stm32f4xx_hal_tim.o
    0x0800337a   0x0800337a   0x00000002   Code   RO          329    i.HAL_TIM_TriggerCallback  stm32f4xx_hal_tim.o
    0x0800337c   0x0800337c   0x00000058   Code   RO         1124    i.HAL_UART_DMAStop  stm32f4xx_hal_uart.o
    0x080033d4   0x080033d4   0x00000002   Code   RO         1126    i.HAL_UART_ErrorCallback  stm32f4xx_hal_uart.o
    0x080033d6   0x080033d6   0x00000002   PAD
    0x080033d8   0x080033d8   0x00000110   Code   RO         1129    i.HAL_UART_IRQHandler  stm32f4xx_hal_uart.o
    0x080034e8   0x080034e8   0x00000062   Code   RO         1130    i.HAL_UART_Init     stm32f4xx_hal_uart.o
    0x0800354a   0x0800354a   0x00000002   PAD
    0x0800354c   0x0800354c   0x000002fc   Code   RO         4001    i.HAL_UART_MspInit  usart.o
    0x08003848   0x08003848   0x00000090   Code   RO         1134    i.HAL_UART_Receive_DMA  stm32f4xx_hal_uart.o
    0x080038d8   0x080038d8   0x00000002   Code   RO         1136    i.HAL_UART_RxCpltCallback  stm32f4xx_hal_uart.o
    0x080038da   0x080038da   0x00000002   Code   RO         1137    i.HAL_UART_RxHalfCpltCallback  stm32f4xx_hal_uart.o
    0x080038dc   0x080038dc   0x000000ba   Code   RO         1138    i.HAL_UART_Transmit  stm32f4xx_hal_uart.o
    0x08003996   0x08003996   0x00000002   Code   RO         1141    i.HAL_UART_TxCpltCallback  stm32f4xx_hal_uart.o
    0x08003998   0x08003998   0x00000002   Code   RO         2722    i.HardFault_Handler  stm32f4xx_it.o
    0x0800399a   0x0800399a   0x00000002   PAD
    0x0800399c   0x0800399c   0x00000084   Code   RO         3404    i.JY901_Data_Receive  imu.o
    0x08003a20   0x08003a20   0x00000038   Code   RO         3405    i.JY901_Decode      imu.o
    0x08003a58   0x08003a58   0x00000024   Code   RO         3496    i.LESO_Init         adrc.o
    0x08003a7c   0x08003a7c   0x00000060   Code   RO         3828    i.MX_CAN1_Init      can.o
    0x08003adc   0x08003adc   0x0000002c   Code   RO         3878    i.MX_DMA_Init       dma.o
    0x08003b08   0x08003b08   0x000000f8   Code   RO         3902    i.MX_GPIO_Init      gpio.o
    0x08003c00   0x08003c00   0x00000078   Code   RO         3931    i.MX_TIM3_Init      tim.o
    0x08003c78   0x08003c78   0x000000ac   Code   RO         3932    i.MX_TIM4_Init      tim.o
    0x08003d24   0x08003d24   0x00000050   Code   RO         4002    i.MX_UART7_Init     usart.o
    0x08003d74   0x08003d74   0x00000050   Code   RO         4003    i.MX_UART8_Init     usart.o
    0x08003dc4   0x08003dc4   0x00000058   Code   RO         4004    i.MX_USART1_UART_Init  usart.o
    0x08003e1c   0x08003e1c   0x00000050   Code   RO         4005    i.MX_USART3_UART_Init  usart.o
    0x08003e6c   0x08003e6c   0x00000002   Code   RO         2723    i.MemManage_Handler  stm32f4xx_it.o
    0x08003e6e   0x08003e6e   0x0000002e   Code   RO         3215    i.Motor_AbsPos      motor_ctrl.o
    0x08003e9c   0x08003e9c   0x0000002e   Code   RO         3216    i.Motor_IncPos      motor_ctrl.o
    0x08003eca   0x08003eca   0x00000006   Code   RO         3217    i.Motor_SetVel      motor_ctrl.o
    0x08003ed0   0x08003ed0   0x00000020   Code   RO         3218    i.Motor_ValueSet    motor_ctrl.o
    0x08003ef0   0x08003ef0   0x0000009c   Code   RO         3219    i.Motor_VeloCtrl    motor_ctrl.o
    0x08003f8c   0x08003f8c   0x00000002   Code   RO         2724    i.NMI_Handler       stm32f4xx_it.o
    0x08003f8e   0x08003f8e   0x00000020   Code   RO         2164    i.NVIC_SetPriority  stm32f4xx_hal_cortex.o
    0x08003fae   0x08003fae   0x00000002   Code   RO         2725    i.PendSV_Handler    stm32f4xx_it.o
    0x08003fb0   0x08003fb0   0x000000a8   Code   RO         3320    i.RC_DataHandle     remote_ctrl.o
    0x08004058   0x08004058   0x00000052   Code   RO         3646    i.Referee_Decode    referee_comm.o
    0x080040aa   0x080040aa   0x00000002   PAD
    0x080040ac   0x080040ac   0x00000094   Code   RO         3321    i.RemoteCtl_Data_Receive  remote_ctrl.o
    0x08004140   0x08004140   0x00000002   Code   RO         2726    i.SVC_Handler       stm32f4xx_it.o
    0x08004142   0x08004142   0x00000002   PAD
    0x08004144   0x08004144   0x00000074   Code   RO         3647    i.SendDatabuild     referee_comm.o
    0x080041b8   0x080041b8   0x00000094   Code   RO         3362    i.ShootWheel_Control  shoot_ctrl.o
    0x0800424c   0x0800424c   0x000000e6   Code   RO         3759    i.SysNVIC_SetPriority  sys.o
    0x08004332   0x08004332   0x0000000e   Code   RO         2727    i.SysTick_Handler   stm32f4xx_it.o
    0x08004340   0x08004340   0x000000a0   Code   RO         3017    i.SystemClock_Config  main.o
    0x080043e0   0x080043e0   0x00000054   Code   RO         2981    i.SystemInit        system_stm32f4xx.o
    0x08004434   0x08004434   0x00000044   Code   RO         3018    i.TD4_init          main.o
    0x08004478   0x08004478   0x0000003e   Code   RO         3443    i.TD_Calculate      adrc.o
    0x080044b6   0x080044b6   0x00000008   Code   RO         3444    i.TD_Init           adrc.o
    0x080044be   0x080044be   0x00000002   PAD
    0x080044c0   0x080044c0   0x00000014   Code   RO         2728    i.TIM3_IRQHandler   stm32f4xx_it.o
    0x080044d4   0x080044d4   0x0000000c   Code   RO         2729    i.TIM5_IRQHandler   stm32f4xx_it.o
    0x080044e0   0x080044e0   0x000000c0   Code   RO          330    i.TIM_Base_SetConfig  stm32f4xx_hal_tim.o
    0x080045a0   0x080045a0   0x00000016   Code   RO          331    i.TIM_CCxChannelCmd  stm32f4xx_hal_tim.o
    0x080045b6   0x080045b6   0x00000014   Code   RO          337    i.TIM_ETR_SetConfig  stm32f4xx_hal_tim.o
    0x080045ca   0x080045ca   0x00000010   Code   RO          338    i.TIM_ITRx_SetConfig  stm32f4xx_hal_tim.o
    0x080045da   0x080045da   0x00000002   PAD
    0x080045dc   0x080045dc   0x00000058   Code   RO          339    i.TIM_OC1_SetConfig  stm32f4xx_hal_tim.o
    0x08004634   0x08004634   0x00000064   Code   RO          340    i.TIM_OC2_SetConfig  stm32f4xx_hal_tim.o
    0x08004698   0x08004698   0x00000060   Code   RO          341    i.TIM_OC3_SetConfig  stm32f4xx_hal_tim.o
    0x080046f8   0x080046f8   0x00000050   Code   RO          342    i.TIM_OC4_SetConfig  stm32f4xx_hal_tim.o
    0x08004748   0x08004748   0x00000022   Code   RO          344    i.TIM_TI1_ConfigInputStage  stm32f4xx_hal_tim.o
    0x0800476a   0x0800476a   0x00000024   Code   RO          346    i.TIM_TI2_ConfigInputStage  stm32f4xx_hal_tim.o
    0x0800478e   0x0800478e   0x00000004   Code   RO         2730    i.UART7_IRQHandler  stm32f4xx_it.o
    0x08004792   0x08004792   0x00000004   Code   RO         2731    i.UART8_IRQHandler  stm32f4xx_it.o
    0x08004796   0x08004796   0x00000010   Code   RO         1143    i.UART_DMAAbortOnError  stm32f4xx_hal_uart.o
    0x080047a6   0x080047a6   0x0000004a   Code   RO         1144    i.UART_DMAError     stm32f4xx_hal_uart.o
    0x080047f0   0x080047f0   0x0000003c   Code   RO         1145    i.UART_DMAReceiveCplt  stm32f4xx_hal_uart.o
    0x0800482c   0x0800482c   0x0000000a   Code   RO         1146    i.UART_DMARxHalfCplt  stm32f4xx_hal_uart.o
    0x08004836   0x08004836   0x0000001c   Code   RO         1149    i.UART_EndRxTransfer  stm32f4xx_hal_uart.o
    0x08004852   0x08004852   0x00000012   Code   RO         1150    i.UART_EndTxTransfer  stm32f4xx_hal_uart.o
    0x08004864   0x08004864   0x0000008c   Code   RO         1151    i.UART_Receive_IT   stm32f4xx_hal_uart.o
    0x080048f0   0x080048f0   0x000002ac   Code   RO         1152    i.UART_SetConfig    stm32f4xx_hal_uart.o
    0x08004b9c   0x08004b9c   0x00000062   Code   RO         1153    i.UART_Transmit_IT  stm32f4xx_hal_uart.o
    0x08004bfe   0x08004bfe   0x00000064   Code   RO         1154    i.UART_WaitOnFlagUntilTimeout  stm32f4xx_hal_uart.o
    0x08004c62   0x08004c62   0x00000004   Code   RO         2732    i.USART1_IRQHandler  stm32f4xx_it.o
    0x08004c66   0x08004c66   0x00000002   PAD
    0x08004c68   0x08004c68   0x0000001c   Code   RO         2733    i.USART3_IRQHandler  stm32f4xx_it.o
    0x08004c84   0x08004c84   0x00000004   Code   RO         2734    i.USART6_IRQHandler  stm32f4xx_it.o
    0x08004c88   0x08004c88   0x00000002   Code   RO         2735    i.UsageFault_Handler  stm32f4xx_it.o
    0x08004c8a   0x08004c8a   0x00000002   PAD
    0x08004c8c   0x08004c8c   0x0000003c   Code   RO         3705    i.Verify_CRC16_Check_Sum  crc.o
    0x08004cc8   0x08004cc8   0x00000030   Code   RO         3706    i.Verify_CRC8_Check_Sum  crc.o
    0x08004cf8   0x08004cf8   0x00000002   Code   RO         3019    i._Error_Handler    main.o
    0x08004cfa   0x08004cfa   0x0000007a   Code   RO         4981    i.__hardfp_sqrt     m_wm.l(sqrt_full.o)
    0x08004d74   0x08004d74   0x0000000e   Code   RO         5116    i.__scatterload_copy  mc_w.l(handlers.o)
    0x08004d82   0x08004d82   0x00000002   Code   RO         5117    i.__scatterload_null  mc_w.l(handlers.o)
    0x08004d84   0x08004d84   0x0000000e   Code   RO         5118    i.__scatterload_zeroinit  mc_w.l(handlers.o)
    0x08004d92   0x08004d92   0x00000002   PAD
    0x08004d94   0x08004d94   0x0000000c   Code   RO         5090    i.__set_errno       mc_w.l(errno.o)
    0x08004da0   0x08004da0   0x00000024   Code   RO         3648    i.data_head_blue_init  referee_comm.o
    0x08004dc4   0x08004dc4   0x00000014   Code   RO         3786    i.delay_init        delay.o
    0x08004dd8   0x08004dd8   0x0000001a   Code   RO         3787    i.delay_ms          delay.o
    0x08004df2   0x08004df2   0x00000002   PAD
    0x08004df4   0x08004df4   0x00000034   Code   RO         3788    i.delay_us          delay.o
    0x08004e28   0x08004e28   0x000000e2   Code   RO         3446    i.fhan              adrc.o
    0x08004f0a   0x08004f0a   0x00000002   PAD
    0x08004f0c   0x08004f0c   0x000000a8   Code   RO         2736    i.get_moto_Practical_angle  stm32f4xx_it.o
    0x08004fb4   0x08004fb4   0x00000134   Code   RO         3137    i.kalman_filter_calc  control_loop.o
    0x080050e8   0x080050e8   0x000000e2   Code   RO         3020    i.kalman_filter_init  main.o
    0x080051ca   0x080051ca   0x00000002   PAD
    0x080051cc   0x080051cc   0x000004a4   Code   RO         3021    i.main              main.o
    0x08005670   0x08005670   0x000000c8   Code   RO         3220    i.motorPitchCalcuPos  motor_ctrl.o
    0x08005738   0x08005738   0x000000a4   Code   RO         3221    i.motorYawCalcuPos  motor_ctrl.o
    0x080057dc   0x080057dc   0x00000038   Code   RO         3608    i.pcUartDecode      pc_uart.o
    0x08005814   0x08005814   0x00000088   Code   RO         3609    i.pcUartReceive     pc_uart.o
    0x0800589c   0x0800589c   0x0000002c   Code   RO         3447    i.sign              adrc.o
    0x080058c8   0x080058c8   0x000003f4   Code   RO         3138    i.sysControl        control_loop.o
    0x08005cbc   0x08005cbc   0x00000010   Data   RO         1380    .constdata          stm32f4xx_hal_rcc.o
    0x08005ccc   0x08005ccc   0x00000008   Data   RO         1865    .constdata          stm32f4xx_hal_dma.o
    0x08005cd4   0x08005cd4   0x00000168   Data   RO         3022    .constdata          main.o
    0x08005e3c   0x08005e3c   0x00000300   Data   RO         3707    .constdata          crc.o
    0x0800613c   0x0800613c   0x00000020   Data   RO         5114    Region$$Table       anon$$obj.o


    Execution Region RW_IRAM1 (Exec base: 0x20000000, Load base: 0x0800615c, Size: 0x000011d0, Max: 0x00030000, ABSOLUTE)

    Exec Addr    Load Addr    Size         Type   Attr      Idx    E Section Name        Object

    0x20000000   0x0800615c   0x00000004   Data   RW         2294    .data               stm32f4xx_hal.o
    0x20000004   0x08006160   0x00000004   Data   RW         2737    .data               stm32f4xx_it.o
    0x20000008   0x08006164   0x00000004   Data   RW         2983    .data               system_stm32f4xx.o
    0x2000000c   0x08006168   0x00000008   Data   RW         3023    .data               main.o
    0x20000014   0x08006170   0x00000004   Data   RW         3098    .data               can_ctrl.o
    0x20000018   0x08006174   0x0000001c   Data   RW         3141    .data               control_loop.o
    0x20000034   0x08006190   0x0000000c   Data   RW         3232    .data               motor_ctrl.o
    0x20000040   0x0800619c   0x00000003   Data   RW         3323    .data               remote_ctrl.o
    0x20000043   0x0800619f   0x00000001   PAD
    0x20000044   0x080061a0   0x00000010   Data   RW         3364    .data               shoot_ctrl.o
    0x20000054   0x080061b0   0x0000000c   Data   RW         3612    .data               pc_uart.o
    0x20000060   0x080061bc   0x00000004   Data   RW         3708    .data               crc.o
    0x20000064   0x080061c0   0x00000004   Data   RW         3789    .data               delay.o
    0x20000068   0x080061c4   0x00000004   Data   RW         5091    .data               mc_w.l(errno.o)
    0x2000006c        -       0x000000d8   Zero   RW         3139    .bss                control_loop.o
    0x20000144        -       0x0000006c   Zero   RW         3140    .bss                control_loop.o
    0x200001b0        -       0x0000026c   Zero   RW         3222    .bss                motor_ctrl.o
    0x2000041c        -       0x0000001c   Zero   RW         3223    .bss                motor_ctrl.o
    0x20000438        -       0x0000001c   Zero   RW         3224    .bss                motor_ctrl.o
    0x20000454        -       0x0000001c   Zero   RW         3225    .bss                motor_ctrl.o
    0x20000470        -       0x0000001c   Zero   RW         3226    .bss                motor_ctrl.o
    0x2000048c        -       0x00000090   Zero   RW         3227    .bss                motor_ctrl.o
    0x2000051c        -       0x0000003c   Zero   RW         3228    .bss                motor_ctrl.o
    0x20000558        -       0x0000003c   Zero   RW         3229    .bss                motor_ctrl.o
    0x20000594        -       0x0000003c   Zero   RW         3230    .bss                motor_ctrl.o
    0x200005d0        -       0x0000003c   Zero   RW         3231    .bss                motor_ctrl.o
    0x2000060c        -       0x00000036   Zero   RW         3322    .bss                remote_ctrl.o
    0x20000642   0x080061c8   0x00000002   PAD
    0x20000644        -       0x00000048   Zero   RW         3363    .bss                shoot_ctrl.o
    0x2000068c        -       0x0000003c   Zero   RW         3406    .bss                imu.o
    0x200006c8        -       0x00000014   Zero   RW         3610    .bss                pc_uart.o
    0x200006dc        -       0x00000080   Zero   RW         3650    .bss                referee_comm.o
    0x2000075c        -       0x00000048   Zero   RW         3651    .bss                referee_comm.o
    0x200007a4        -       0x00000080   Zero   RW         3829    .bss                can.o
    0x20000824        -       0x000000b4   Zero   RW         3934    .bss                tim.o
    0x200008d8        -       0x00000060   Zero   RW         3935    .bss                tim.o
    0x20000938        -       0x00000060   Zero   RW         3936    .bss                tim.o
    0x20000998        -       0x00000380   Zero   RW         4007    .bss                usart.o
    0x20000d18        -       0x000000b8   Zero   RW         4071    .bss                spi.o
    0x20000dd0        -       0x00000400   Zero   RW            1    STACK               startup_stm32f427xx.o


==============================================================================

Image component sizes


      Code (inc. data)   RO Data    RW Data    ZI Data      Debug   Object Name

       646         54          0          0          0       5337   adrc.o
       232         48          0          0        128       2342   can.o
       348         32          0          4          0       2513   can_ctrl.o
      1320        144          0         28        324       3722   control_loop.o
       180         22        768          4          0       3634   crc.o
        98          8          0          4          0       1979   delay.o
        44          6          0          0          0        814   dma.o
       248         20          0          0          0       1183   gpio.o
       188         26          0          0         60       2216   imu.o
      1644        270        360          8          0       8023   main.o
      1490        142          0         12       1116      10095   motor_ctrl.o
       192         38          0         12         20       1916   pc_uart.o
       234         20          0          0        200       6342   referee_comm.o
       316         36          0          3         54       3100   remote_ctrl.o
       604         50          0         16         72       2483   shoot_ctrl.o
         0          0          0          0        184        298   spi.o
        36          8        428          0       1024        872   startup_stm32f427xx.o
       144         22          0          4          0       4805   stm32f4xx_hal.o
      1740         38          0          0          0     363011   stm32f4xx_hal_can.o
       228         14          0          0          0      32253   stm32f4xx_hal_cortex.o
      1094         22          8          0          0       7494   stm32f4xx_hal_dma.o
       496         58          0          0          0       3776   stm32f4xx_hal_gpio.o
      1344         80         16          0          0       6007   stm32f4xx_hal_rcc.o
      1832         88          0          0          0      17603   stm32f4xx_hal_tim.o
        84          0          0          0          0       2462   stm32f4xx_hal_tim_ex.o
      2166         26          0          0          0      15209   stm32f4xx_hal_uart.o
       470        112          0          4          0      35446   stm32f4xx_it.o
       230          0          0          0          0        638   sys.o
        84         18          0          4          0       1189   system_stm32f4xx.o
       484         96          0          0        372       3857   tim.o
      1092        192          0          0        896       4494   usart.o

    ----------------------------------------------------------------------
     19350       1690       1612        104       4452     555113   Object Totals
         0          0         32          0          0          0   (incl. Generated)
        42          0          0          1          2          0   (incl. Padding)

    ----------------------------------------------------------------------

      Code (inc. data)   RO Data    RW Data    ZI Data      Debug   Library Member Name

         0          0          0          0          0      16312   arm_cos_f32.o
       264          0          0          0          0       1754   arm_mat_add_f32.o
         8          0          0          0          0        931   arm_mat_init_f32.o
      1328          4          0          0          0       4706   arm_mat_inverse_f32.o
       316          4          0          0          0       2303   arm_mat_mult_f32.o
       264          0          0          0          0       1754   arm_mat_sub_f32.o
       276          0          0          0          0       2168   arm_mat_trans_f32.o
       122          0          0          0          0        148   sqrt_full.o
         0          0          0          0          0          0   entry.o
         0          0          0          0          0          0   entry10a.o
         0          0          0          0          0          0   entry11a.o
         8          4          0          0          0          0   entry2.o
         4          0          0          0          0          0   entry5.o
         0          0          0          0          0          0   entry7b.o
         0          0          0          0          0          0   entry8b.o
         8          4          0          0          0          0   entry9a.o
        12          6          0          4          0         68   errno.o
        30          0          0          0          0          0   handlers.o
        36          8          0          0          0         68   init.o
         0          0          0          0          0          0   iusefp.o
        30          0          0          0          0         68   llshl.o
        36          0          0          0          0         68   llsshr.o
        32          0          0          0          0         68   llushr.o
        36          0          0          0          0         68   memcpya.o
        56          0          0          0          0         88   d2f.o
       334          0          0          0          0        148   dadd.o
       186          0          0          0          0        176   depilogue.o
        34          0          0          0          0         76   dflti.o
       228          0          0          0          0         96   dmul.o
       162          0          0          0          0        100   dsqrt.o
        38          0          0          0          0         68   f2d.o
       110          0          0          0          0        168   fepilogue.o

    ----------------------------------------------------------------------
      3962         30          0          4          0      31404   Library Totals
         4          0          0          0          0          0   (incl. Padding)

    ----------------------------------------------------------------------

      Code (inc. data)   RO Data    RW Data    ZI Data      Debug   Library Name

      2456          8          0          0          0      29928   arm_cortexM4lf_math.lib
       122          0          0          0          0        148   m_wm.l
       232         22          0          4          0        408   mc_w.l
      1148          0          0          0          0        920   mf_w.l

    ----------------------------------------------------------------------
      3962         30          0          4          0      31404   Library Totals

    ----------------------------------------------------------------------

==============================================================================


      Code (inc. data)   RO Data    RW Data    ZI Data      Debug   

     23312       1720       1612        108       4452     569449   Grand Totals
     23312       1720       1612        108       4452     569449   ELF Image Totals
     23312       1720       1612        108          0          0   ROM Totals

==============================================================================

    Total RO  Size (Code + RO Data)                24924 (  24.34kB)
    Total RW  Size (RW Data + ZI Data)              4560 (   4.45kB)
    Total ROM Size (Code + RO Data + RW Data)      25032 (  24.45kB)

==============================================================================

