Component: ARM Compiler 5.06 update 6 (build 750) Tool: armlink [4d35ed]

==============================================================================

Section Cross References

    startup_stm32f427xx.o(RESET) refers to startup_stm32f427xx.o(STACK) for __initial_sp
    startup_stm32f427xx.o(RESET) refers to startup_stm32f427xx.o(.text) for Reset_Handler
    startup_stm32f427xx.o(RESET) refers to stm32f4xx_it.o(i.NMI_Handler) for NMI_Handler
    startup_stm32f427xx.o(RESET) refers to stm32f4xx_it.o(i.HardFault_Handler) for HardFault_Handler
    startup_stm32f427xx.o(RESET) refers to stm32f4xx_it.o(i.MemManage_Handler) for MemManage_Handler
    startup_stm32f427xx.o(RESET) refers to stm32f4xx_it.o(i.BusFault_Handler) for BusFault_Handler
    startup_stm32f427xx.o(RESET) refers to stm32f4xx_it.o(i.UsageFault_Handler) for UsageFault_Handler
    startup_stm32f427xx.o(RESET) refers to stm32f4xx_it.o(i.SVC_Handler) for SVC_Handler
    startup_stm32f427xx.o(RESET) refers to stm32f4xx_it.o(i.DebugMon_Handler) for DebugMon_Handler
    startup_stm32f427xx.o(RESET) refers to stm32f4xx_it.o(i.PendSV_Handler) for PendSV_Handler
    startup_stm32f427xx.o(RESET) refers to stm32f4xx_it.o(i.SysTick_Handler) for SysTick_Handler
    startup_stm32f427xx.o(RESET) refers to stm32f4xx_it.o(i.DMA1_Stream1_IRQHandler) for DMA1_Stream1_IRQHandler
    startup_stm32f427xx.o(RESET) refers to stm32f4xx_it.o(i.DMA1_Stream2_IRQHandler) for DMA1_Stream2_IRQHandler
    startup_stm32f427xx.o(RESET) refers to stm32f4xx_it.o(i.DMA1_Stream4_IRQHandler) for DMA1_Stream4_IRQHandler
    startup_stm32f427xx.o(RESET) refers to stm32f4xx_it.o(i.DMA1_Stream6_IRQHandler) for DMA1_Stream6_IRQHandler
    startup_stm32f427xx.o(RESET) refers to stm32f4xx_it.o(i.CAN1_RX0_IRQHandler) for CAN1_RX0_IRQHandler
    startup_stm32f427xx.o(RESET) refers to stm32f4xx_it.o(i.TIM3_IRQHandler) for TIM3_IRQHandler
    startup_stm32f427xx.o(RESET) refers to stm32f4xx_it.o(i.USART1_IRQHandler) for USART1_IRQHandler
    startup_stm32f427xx.o(RESET) refers to stm32f4xx_it.o(i.TIM5_IRQHandler) for TIM5_IRQHandler
    startup_stm32f427xx.o(RESET) refers to stm32f4xx_it.o(i.DMA2_Stream2_IRQHandler) for DMA2_Stream2_IRQHandler
    startup_stm32f427xx.o(RESET) refers to stm32f4xx_it.o(i.UART7_IRQHandler) for UART7_IRQHandler
    startup_stm32f427xx.o(RESET) refers to stm32f4xx_it.o(i.UART8_IRQHandler) for UART8_IRQHandler
    startup_stm32f427xx.o(.text) refers to system_stm32f4xx.o(i.SystemInit) for SystemInit
    startup_stm32f427xx.o(.text) refers to entry.o(.ARM.Collect$$$$00000000) for __main
    stm32f4xx_hal_can.o(i.CAN_Receive_IT) refers to can_ctrl.o(i.HAL_CAN_RxCpltCallback) for HAL_CAN_RxCpltCallback
    stm32f4xx_hal_can.o(i.CAN_Transmit_IT) refers to stm32f4xx_hal_can.o(i.HAL_CAN_TxCpltCallback) for HAL_CAN_TxCpltCallback
    stm32f4xx_hal_can.o(i.HAL_CAN_DeInit) refers to can.o(i.HAL_CAN_MspDeInit) for HAL_CAN_MspDeInit
    stm32f4xx_hal_can.o(i.HAL_CAN_IRQHandler) refers to stm32f4xx_hal_can.o(i.CAN_Transmit_IT) for CAN_Transmit_IT
    stm32f4xx_hal_can.o(i.HAL_CAN_IRQHandler) refers to stm32f4xx_hal_can.o(i.CAN_Receive_IT) for CAN_Receive_IT
    stm32f4xx_hal_can.o(i.HAL_CAN_IRQHandler) refers to stm32f4xx_hal_can.o(i.HAL_CAN_ErrorCallback) for HAL_CAN_ErrorCallback
    stm32f4xx_hal_can.o(i.HAL_CAN_Init) refers to can.o(i.HAL_CAN_MspInit) for HAL_CAN_MspInit
    stm32f4xx_hal_can.o(i.HAL_CAN_Init) refers to stm32f4xx_hal.o(i.HAL_GetTick) for HAL_GetTick
    stm32f4xx_hal_can.o(i.HAL_CAN_Receive) refers to stm32f4xx_hal.o(i.HAL_GetTick) for HAL_GetTick
    stm32f4xx_hal_can.o(i.HAL_CAN_Sleep) refers to stm32f4xx_hal.o(i.HAL_GetTick) for HAL_GetTick
    stm32f4xx_hal_can.o(i.HAL_CAN_Transmit) refers to stm32f4xx_hal.o(i.HAL_GetTick) for HAL_GetTick
    stm32f4xx_hal_can.o(i.HAL_CAN_WakeUp) refers to stm32f4xx_hal.o(i.HAL_GetTick) for HAL_GetTick
    stm32f4xx_hal_tim.o(i.HAL_TIM_Base_DeInit) refers to tim.o(i.HAL_TIM_Base_MspDeInit) for HAL_TIM_Base_MspDeInit
    stm32f4xx_hal_tim.o(i.HAL_TIM_Base_Init) refers to tim.o(i.HAL_TIM_Base_MspInit) for HAL_TIM_Base_MspInit
    stm32f4xx_hal_tim.o(i.HAL_TIM_Base_Init) refers to stm32f4xx_hal_tim.o(i.TIM_Base_SetConfig) for TIM_Base_SetConfig
    stm32f4xx_hal_tim.o(i.HAL_TIM_Base_Start_DMA) refers to stm32f4xx_hal_dma.o(i.HAL_DMA_Start_IT) for HAL_DMA_Start_IT
    stm32f4xx_hal_tim.o(i.HAL_TIM_Base_Start_DMA) refers to stm32f4xx_hal_tim.o(i.TIM_DMAPeriodElapsedCplt) for TIM_DMAPeriodElapsedCplt
    stm32f4xx_hal_tim.o(i.HAL_TIM_Base_Start_DMA) refers to stm32f4xx_hal_tim.o(i.TIM_DMAError) for TIM_DMAError
    stm32f4xx_hal_tim.o(i.HAL_TIM_ConfigClockSource) refers to stm32f4xx_hal_tim.o(i.TIM_ETR_SetConfig) for TIM_ETR_SetConfig
    stm32f4xx_hal_tim.o(i.HAL_TIM_ConfigClockSource) refers to stm32f4xx_hal_tim.o(i.TIM_TI1_ConfigInputStage) for TIM_TI1_ConfigInputStage
    stm32f4xx_hal_tim.o(i.HAL_TIM_ConfigClockSource) refers to stm32f4xx_hal_tim.o(i.TIM_TI2_ConfigInputStage) for TIM_TI2_ConfigInputStage
[...]
    Removing stm32f4xx_hal.o(i.HAL_DBGMCU_DisableDBGStandbyMode), (16 bytes).
    Removing stm32f4xx_hal.o(i.HAL_DBGMCU_DisableDBGStopMode), (16 bytes).
    Removing stm32f4xx_hal.o(i.HAL_DBGMCU_EnableDBGSleepMode), (16 bytes).
    Removing stm32f4xx_hal.o(i.HAL_DBGMCU_EnableDBGStandbyMode), (16 bytes).
    Removing stm32f4xx_hal.o(i.HAL_DBGMCU_EnableDBGStopMode), (16 bytes).
    Removing stm32f4xx_hal.o(i.HAL_DeInit), (52 bytes).
    Removing stm32f4xx_hal.o(i.HAL_DisableCompensationCell), (28 bytes).
    Removing stm32f4xx_hal.o(i.HAL_DisableMemorySwappingBank), (28 bytes).
    Removing stm32f4xx_hal.o(i.HAL_EnableCompensationCell), (28 bytes).
    Removing stm32f4xx_hal.o(i.HAL_EnableMemorySwappingBank), (24 bytes).
    Removing stm32f4xx_hal.o(i.HAL_GetDEVID), (16 bytes).
    Removing stm32f4xx_hal.o(i.HAL_GetHalVersion), (8 bytes).
    Removing stm32f4xx_hal.o(i.HAL_GetREVID), (12 bytes).
    Removing stm32f4xx_hal.o(i.HAL_MspDeInit), (2 bytes).
    Removing stm32f4xx_hal.o(i.HAL_ResumeTick), (14 bytes).
    Removing stm32f4xx_hal.o(i.HAL_SuspendTick), (14 bytes).
    Removing stm32f4xx_it.o(.rev16_text), (4 bytes).
    Removing stm32f4xx_it.o(.revsh_text), (4 bytes).
    Removing stm32f4xx_it.o(.rrx_text), (6 bytes).
    Removing system_stm32f4xx.o(.rev16_text), (4 bytes).
    Removing system_stm32f4xx.o(.revsh_text), (4 bytes).
    Removing system_stm32f4xx.o(.rrx_text), (6 bytes).
    Removing system_stm32f4xx.o(i.SystemCoreClockUpdate), (124 bytes).
    Removing system_stm32f4xx.o(.constdata), (16 bytes).
    Removing main.o(.rev16_text), (4 bytes).
    Removing main.o(.revsh_text), (4 bytes).
    Removing main.o(.rrx_text), (6 bytes).
    Removing main.o(.data), (4 bytes).
    Removing can_ctrl.o(.rev16_text), (4 bytes).
    Removing can_ctrl.o(.revsh_text), (4 bytes).
    Removing can_ctrl.o(.rrx_text), (6 bytes).
    Removing control_loop.o(.rev16_text), (4 bytes).
    Removing control_loop.o(.revsh_text), (4 bytes).
    Removing control_loop.o(.rrx_text), (6 bytes).
    Removing datascope_dp.o(i.DataScope_Data_Generate), (128 bytes).
    Removing datascope_dp.o(i.DataScope_Get_Channel_Data), (88 bytes).
    Removing datascope_dp.o(i.Float2Byte), (20 bytes).
    Removing datascope_dp.o(.bss), (42 bytes).
    Removing motor_ctrl.o(.rev16_text), (4 bytes).
    Removing motor_ctrl.o(.revsh_text), (4 bytes).
    Removing motor_ctrl.o(.rrx_text), (6 bytes).
    Removing motor_func.o(.rev16_text), (4 bytes).
    Removing motor_func.o(.revsh_text), (4 bytes).
    Removing motor_func.o(.rrx_text), (6 bytes).
    Removing motor_func.o(i.CtrlDebug), (172 bytes).
    Removing remote_ctrl.o(.rev16_text), (4 bytes).
    Removing remote_ctrl.o(.revsh_text), (4 bytes).
    Removing remote_ctrl.o(.rrx_text), (6 bytes).
    Removing shoot_ctrl.o(.rev16_text), (4 bytes).
    Removing shoot_ctrl.o(.revsh_text), (4 bytes).
    Removing shoot_ctrl.o(.rrx_text), (6 bytes).
    Removing imu.o(.rev16_text), (4 bytes).
    Removing imu.o(.revsh_text), (4 bytes).
    Removing imu.o(.rrx_text), (6 bytes).
    Removing adrc.o(.rev16_text), (4 bytes).
    Removing adrc.o(.revsh_text), (4 bytes).
    Removing adrc.o(.rrx_text), (6 bytes).
    Removing adrc.o(i.ADRC_Control), (184 bytes).
    Removing adrc.o(i.ADRC_ESO_3N), (150 bytes).
    Removing adrc.o(i.ADRC_Init), (72 bytes).
    Removing adrc.o(i.ADRC_fhan), (234 bytes).
    Removing adrc.o(i.fal), (228 bytes).
    Removing adrc.o(i.fhan), (180 bytes).
    Removing adrc.o(i.fsg), (56 bytes).
    Removing adrc.o(i.my_sqrt), (44 bytes).
    Removing adrc.o(i.sign), (44 bytes).
    Removing adrc.o(.constdata), (60 bytes).
    Removing sys.o(.rev16_text), (4 bytes).
    Removing sys.o(.revsh_text), (4 bytes).
    Removing sys.o(.rrx_text), (6 bytes).
    Removing sys.o(.emb_text), (16 bytes).
    Removing can.o(.rev16_text), (4 bytes).
    Removing can.o(.revsh_text), (4 bytes).
    Removing can.o(.rrx_text), (6 bytes).
    Removing can.o(i.HAL_CAN_MspDeInit), (52 bytes).
    Removing dma.o(.rev16_text), (4 bytes).
    Removing dma.o(.revsh_text), (4 bytes).
    Removing dma.o(.rrx_text), (6 bytes).
    Removing gpio.o(.rev16_text), (4 bytes).
    Removing gpio.o(.revsh_text), (4 bytes).
    Removing gpio.o(.rrx_text), (6 bytes).
    Removing tim.o(.rev16_text), (4 bytes).
    Removing tim.o(.revsh_text), (4 bytes).
    Removing tim.o(.rrx_text), (6 bytes).
    Removing tim.o(i.HAL_TIM_Base_MspDeInit), (80 bytes).
    Removing tim.o(i.HAL_TIM_PWM_MspDeInit), (28 bytes).
    Removing usart.o(.rev16_text), (4 bytes).
    Removing usart.o(.revsh_text), (4 bytes).
    Removing usart.o(.rrx_text), (6 bytes).
    Removing usart.o(i.HAL_UART_MspDeInit), (144 bytes).
    Removing dadd.o(.text), (334 bytes).
    Removing ddiv.o(.text), (222 bytes).
    Removing f2d.o(.text), (38 bytes).
    Removing d2f.o(.text), (56 bytes).
    Removing fepilogue.o(.text), (110 bytes).
    Removing depilogue.o(.text), (186 bytes).
    Removing dmul.o(.text), (228 bytes).
    Removing dneg.o(.text), (6 bytes).
    Removing dscalb.o(.text), (46 bytes).
    Removing dflti.o(.text), (34 bytes).
    Removing cdrcmple.o(.text), (48 bytes).
    Removing dsqrt.o(.text), (162 bytes).
    Removing cdcmple.o(.text), (48 bytes).

398 unused section(s) (total 25462 bytes) removed from the image.

==============================================================================

Image Symbol Table

    Local Symbols

    Symbol Name                              Value     Ov Type        Size  Object(Section)

    ../Drivers/STM32F4xx_HAL_Driver/Src/stm32f4xx_hal.c 0x00000000   Number         0  stm32f4xx_hal.o ABSOLUTE
    ../Drivers/STM32F4xx_HAL_Driver/Src/stm32f4xx_hal_can.c 0x00000000   Number         0  stm32f4xx_hal_can.o ABSOLUTE
    ../Drivers/STM32F4xx_HAL_Driver/Src/stm32f4xx_hal_cortex.c 0x00000000   Number         0  stm32f4xx_hal_cortex.o ABSOLUTE
    ../Drivers/STM32F4xx_HAL_Driver/Src/stm32f4xx_hal_dma.c 0x00000000   Number         0  stm32f4xx_hal_dma.o ABSOLUTE
    ../Drivers/STM32F4xx_HAL_Driver/Src/stm32f4xx_hal_dma_ex.c 0x00000000   Number         0  stm32f4xx_hal_dma_ex.o ABSOLUTE
    ../Drivers/STM32F4xx_HAL_Driver/Src/stm32f4xx_hal_flash.c 0x00000000   Number         0  stm32f4xx_hal_flash.o ABSOLUTE
    ../Drivers/STM32F4xx_HAL_Driver/Src/stm32f4xx_hal_flash_ex.c 0x00000000   Number         0  stm32f4xx_hal_flash_ex.o ABSOLUTE
    ../Drivers/STM32F4xx_HAL_Driver/Src/stm32f4xx_hal_flash_ramfunc.c 0x00000000   Number         0  stm32f4xx_hal_flash_ramfunc.o ABSOLUTE
    ../Drivers/STM32F4xx_HAL_Driver/Src/stm32f4xx_hal_gpio.c 0x00000000   Number         0  stm32f4xx_hal_gpio.o ABSOLUTE
    ../Drivers/STM32F4xx_HAL_Driver/Src/stm32f4xx_hal_pwr.c 0x00000000   Number         0  stm32f4xx_hal_pwr.o ABSOLUTE
    ../Drivers/STM32F4xx_HAL_Driver/Src/stm32f4xx_hal_pwr_ex.c 0x00000000   Number         0  stm32f4xx_hal_pwr_ex.o ABSOLUTE
    ../Drivers/STM32F4xx_HAL_Driver/Src/stm32f4xx_hal_rcc.c 0x00000000   Number         0  stm32f4xx_hal_rcc.o ABSOLUTE
    ../Drivers/STM32F4xx_HAL_Driver/Src/stm32f4xx_hal_rcc_ex.c 0x00000000   Number         0  stm32f4xx_hal_rcc_ex.o ABSOLUTE
    ../Drivers/STM32F4xx_HAL_Driver/Src/stm32f4xx_hal_tim.c 0x00000000   Number         0  stm32f4xx_hal_tim.o ABSOLUTE
    ../Drivers/STM32F4xx_HAL_Driver/Src/stm32f4xx_hal_tim_ex.c 0x00000000   Number         0  stm32f4xx_hal_tim_ex.o ABSOLUTE
    ../Drivers/STM32F4xx_HAL_Driver/Src/stm32f4xx_hal_uart.c 0x00000000   Number         0  stm32f4xx_hal_uart.o ABSOLUTE
    ../clib/microlib/errno.c                 0x00000000   Number         0  errno.o ABSOLUTE
    ../clib/microlib/init/entry.s            0x00000000   Number         0  entry5.o ABSOLUTE
    ../clib/microlib/init/entry.s            0x00000000   Number         0  entry7b.o ABSOLUTE
    ../clib/microlib/init/entry.s            0x00000000   Number         0  entry2.o ABSOLUTE
    ../clib/microlib/init/entry.s            0x00000000   Number         0  entry.o ABSOLUTE
    ../clib/microlib/init/entry.s            0x00000000   Number         0  entry8a.o ABSOLUTE
    ../clib/microlib/init/entry.s            0x00000000   Number         0  entry9b.o ABSOLUTE
    ../clib/microlib/init/entry.s            0x00000000   Number         0  entry11b.o ABSOLUTE
    ../clib/microlib/init/entry.s            0x00000000   Number         0  entry11a.o ABSOLUTE
    ../clib/microlib/init/entry.s            0x00000000   Number         0  entry10b.o ABSOLUTE
    ../clib/microlib/init/entry.s            0x00000000   Number         0  entry10a.o ABSOLUTE
    ../clib/microlib/init/entry.s            0x00000000   Number         0  entry9a.o ABSOLUTE
    ../clib/microlib/init/entry.s            0x00000000   Number         0  entry8b.o ABSOLUTE
    ../clib/microlib/init/entry.s            0x00000000   Number         0  entry7a.o ABSOLUTE
    ../clib/microlib/longlong.c              0x00000000   Number         0  llsshr.o ABSOLUTE
    ../clib/microlib/longlong.c              0x00000000   Number         0  llshl.o ABSOLUTE
    ../clib/microlib/longlong.c              0x00000000   Number         0  llushr.o ABSOLUTE
    ../clib/microlib/stubs.s                 0x00000000   Number         0  iusefp.o ABSOLUTE
    ../fplib/microlib/d2f.c                  0x00000000   Number         0  d2f.o ABSOLUTE
    ../fplib/microlib/f2d.c                  0x00000000   Number         0  f2d.o ABSOLUTE
    ../fplib/microlib/fpadd.c                0x00000000   Number         0  dadd.o ABSOLUTE
    ../fplib/microlib/fpdiv.c                0x00000000   Number         0  ddiv.o ABSOLUTE
    ../fplib/microlib/fpepilogue.c           0x00000000   Number         0  fepilogue.o ABSOLUTE
    ../fplib/microlib/fpepilogue.c           0x00000000   Number         0  depilogue.o ABSOLUTE
    ../fplib/microlib/fpflt.c                0x00000000   Number         0  dflti.o ABSOLUTE
    ../fplib/microlib/fpmul.c                0x00000000   Number         0  dmul.o ABSOLUTE
    ../fplib/microlib/fpneg.c                0x00000000   Number         0  dneg.o ABSOLUTE
    ../fplib/microlib/fpscalb.c              0x00000000   Number         0  dscalb.o ABSOLUTE
    ../fplib/microlib/fpsqrt.c               0x00000000   Number         0  dsqrt.o ABSOLUTE
    ../mathlib/dunder.c                      0x00000000   Number         0  dunder.o ABSOLUTE
    ../mathlib/fabs.c                        0x00000000   Number         0  fabs.o ABSOLUTE
    ../mathlib/fpclassify.c                  0x00000000   Number         0  fpclassify.o ABSOLUTE
    ../mathlib/poly.c                        0x00000000   Number         0  poly.o ABSOLUTE
    ../mathlib/pow.c                         0x00000000   Number         0  pow_x.o ABSOLUTE
    ../mathlib/pow.c                         0x00000000   Number         0  pow.o ABSOLUTE
    ../mathlib/qnan.c                        0x00000000   Number         0  qnan.o ABSOLUTE
    ../mathlib/sqrt.c                        0x00000000   Number         0  sqrt.o ABSOLUTE
    ../mathlib/sqrt.c                        0x00000000   Number         0  sqrt_x.o ABSOLUTE
    ../mathlib/sqrtf.c                       0x00000000   Number         0  sqrtf_x.o ABSOLUTE
    ../mathlib/sqrtf.c                       0x00000000   Number         0  sqrtf.o ABSOLUTE
    ..\APP\ADRC\adrc.c                       0x00000000   Number         0  adrc.o ABSOLUTE
    ..\APP\Src\Can_Ctrl.c                    0x00000000   Number         0  can_ctrl.o ABSOLUTE
    ..\APP\Src\Control_Loop.c                0x00000000   Number         0  control_loop.o ABSOLUTE
    ..\APP\Src\DataScope_DP.C                0x00000000   Number         0  datascope_dp.o ABSOLUTE
    ..\APP\Src\Motor_Ctrl.c                  0x00000000   Number         0  motor_ctrl.o ABSOLUTE
    ..\APP\Src\Motor_Func.c                  0x00000000   Number         0  motor_func.o ABSOLUTE
    ..\APP\Src\Remote_Ctrl.c                 0x00000000   Number         0  remote_ctrl.o ABSOLUTE
    ..\APP\Src\Shoot_Ctrl.c                  0x00000000   Number         0  shoot_ctrl.o ABSOLUTE
    ..\APP\Src\can.c                         0x00000000   Number         0  can.o ABSOLUTE
    ..\APP\Src\dma.c                         0x00000000   Number         0  dma.o ABSOLUTE
    ..\APP\Src\gpio.c                        0x00000000   Number         0  gpio.o ABSOLUTE
    ..\APP\Src\imu.c                         0x00000000   Number         0  imu.o ABSOLUTE
    ..\APP\Src\main.c                        0x00000000   Number         0  main.o ABSOLUTE
    ..\APP\Src\tim.c                         0x00000000   Number         0  tim.o ABSOLUTE
    ..\APP\Src\usart.c                       0x00000000   Number         0  usart.o ABSOLUTE
    ..\Drivers\CMSIS\stm32f4xx_it.c          0x00000000   Number         0  stm32f4xx_it.o ABSOLUTE
    ..\Drivers\CMSIS\system_stm32f4xx.c      0x00000000   Number         0  system_stm32f4xx.o ABSOLUTE
    ..\Drivers\STM32F4xx_HAL_Driver\Src\stm32f4xx_hal.c 0x00000000   Number         0  stm32f4xx_hal.o ABSOLUTE
    ..\Drivers\STM32F4xx_HAL_Driver\Src\stm32f4xx_hal_can.c 0x00000000   Number         0  stm32f4xx_hal_can.o ABSOLUTE
    ..\Drivers\STM32F4xx_HAL_Driver\Src\stm32f4xx_hal_cortex.c 0x00000000   Number         0  stm32f4xx_hal_cortex.o ABSOLUTE
    ..\Drivers\STM32F4xx_HAL_Driver\Src\stm32f4xx_hal_dma.c 0x00000000   Number         0  stm32f4xx_hal_dma.o ABSOLUTE
    ..\Drivers\STM32F4xx_HAL_Driver\Src\stm32f4xx_hal_dma_ex.c 0x00000000   Number         0  stm32f4xx_hal_dma_ex.o ABSOLUTE
    ..\Drivers\STM32F4xx_HAL_Driver\Src\stm32f4xx_hal_flash.c 0x00000000   Number         0  stm32f4xx_hal_flash.o ABSOLUTE
    ..\Drivers\STM32F4xx_HAL_Driver\Src\stm32f4xx_hal_flash_ex.c 0x00000000   Number         0  stm32f4xx_hal_flash_ex.o ABSOLUTE
    ..\Drivers\STM32F4xx_HAL_Driver\Src\stm32f4xx_hal_flash_ramfunc.c 0x00000000   Number         0  stm32f4xx_hal_flash_ramfunc.o ABSOLUTE
    ..\Drivers\STM32F4xx_HAL_Driver\Src\stm32f4xx_hal_gpio.c 0x00000000   Number         0  stm32f4xx_hal_gpio.o ABSOLUTE
    ..\Drivers\STM32F4xx_HAL_Driver\Src\stm32f4xx_hal_pwr.c 0x00000000   Number         0  stm32f4xx_hal_pwr.o ABSOLUTE
    ..\Drivers\STM32F4xx_HAL_Driver\Src\stm32f4xx_hal_pwr_ex.c 0x00000000   Number         0  stm32f4xx_hal_pwr_ex.o ABSOLUTE
    ..\Drivers\STM32F4xx_HAL_Driver\Src\stm32f4xx_hal_rcc.c 0x00000000   Number         0  stm32f4xx_hal_rcc.o ABSOLUTE
    ..\Drivers\STM32F4xx_HAL_Driver\Src\stm32f4xx_hal_rcc_ex.c 0x00000000   Number         0  stm32f4xx_hal_rcc_ex.o ABSOLUTE
    ..\Drivers\STM32F4xx_HAL_Driver\Src\stm32f4xx_hal_tim.c 0x00000000   Number         0  stm32f4xx_hal_tim.o ABSOLUTE
    ..\Drivers\STM32F4xx_HAL_Driver\Src\stm32f4xx_hal_tim_ex.c 0x00000000   Number         0  stm32f4xx_hal_tim_ex.o ABSOLUTE
    ..\Drivers\STM32F4xx_HAL_Driver\Src\stm32f4xx_hal_uart.c 0x00000000   Number         0  stm32f4xx_hal_uart.o ABSOLUTE
    ..\System\sys.c                          0x00000000   Number         0  sys.o ABSOLUTE
    ..\\APP\\ADRC\\adrc.c                    0x00000000   Number         0  adrc.o ABSOLUTE
    ..\\APP\\Src\\Can_Ctrl.c                 0x00000000   Number         0  can_ctrl.o ABSOLUTE
    ..\\APP\\Src\\Control_Loop.c             0x00000000   Number         0  control_loop.o ABSOLUTE
    ..\\APP\\Src\\Motor_Ctrl.c               0x00000000   Number         0  motor_ctrl.o ABSOLUTE
    ..\\APP\\Src\\Motor_Func.c               0x00000000   Number         0  motor_func.o ABSOLUTE
    ..\\APP\\Src\\Remote_Ctrl.c              0x00000000   Number         0  remote_ctrl.o ABSOLUTE
    ..\\APP\\Src\\Shoot_Ctrl.c               0x00000000   Number         0  shoot_ctrl.o ABSOLUTE
    ..\\APP\\Src\\can.c                      0x00000000   Number         0  can.o ABSOLUTE
    ..\\APP\\Src\\dma.c                      0x00000000   Number         0  dma.o ABSOLUTE
    ..\\APP\\Src\\gpio.c                     0x00000000   Number         0  gpio.o ABSOLUTE
    ..\\APP\\Src\\imu.c                      0x00000000   Number         0  imu.o ABSOLUTE
    ..\\APP\\Src\\main.c                     0x00000000   Number         0  main.o ABSOLUTE
    ..\\APP\\Src\\tim.c                      0x00000000   Number         0  tim.o ABSOLUTE
    ..\\APP\\Src\\usart.c                    0x00000000   Number         0  usart.o ABSOLUTE
    ..\\Drivers\\CMSIS\\stm32f4xx_it.c       0x00000000   Number         0  stm32f4xx_it.o ABSOLUTE
    ..\\Drivers\\CMSIS\\system_stm32f4xx.c   0x00000000   Number         0  system_stm32f4xx.o ABSOLUTE
    ..\\System\\sys.c                        0x00000000   Number         0  sys.o ABSOLUTE
    ..\startup\startup_stm32f427xx.s         0x00000000   Number         0  startup_stm32f427xx.o ABSOLUTE
    cdcmple.s                                0x00000000   Number         0  cdcmple.o ABSOLUTE
    cdrcmple.s                               0x00000000   Number         0  cdrcmple.o ABSOLUTE
    dc.s                                     0x00000000   Number         0  dc.o ABSOLUTE
    handlers.s                               0x00000000   Number         0  handlers.o ABSOLUTE
    init.s                                   0x00000000   Number         0  init.o ABSOLUTE
    RESET                                    0x08000000   Section      428  startup_stm32f427xx.o(RESET)
    .ARM.Collect$$$$00000000                 0x080001ac   Section        0  entry.o(.ARM.Collect$$$$00000000)
    .ARM.Collect$$$$00000001                 0x080001ac   Section        4  entry2.o(.ARM.Collect$$$$00000001)
    .ARM.Collect$$$$00000004                 0x080001b0   Section        4  entry5.o(.ARM.Collect$$$$00000004)
    .ARM.Collect$$$$00000008                 0x080001b4   Section        0  entry7b.o(.ARM.Collect$$$$00000008)
    .ARM.Collect$$$$0000000A                 0x080001b4   Section        0  entry8b.o(.ARM.Collect$$$$0000000A)
    .ARM.Collect$$$$0000000B                 0x080001b4   Section        8  entry9a.o(.ARM.Collect$$$$0000000B)
    .ARM.Collect$$$$0000000D                 0x080001bc   Section        0  entry10a.o(.ARM.Collect$$$$0000000D)
    .ARM.Collect$$$$0000000F                 0x080001bc   Section        0  entry11a.o(.ARM.Collect$$$$0000000F)
    .ARM.Collect$$$$00002712                 0x080001bc   Section        4  entry2.o(.ARM.Collect$$$$00002712)
    __lit__00000000                          0x080001bc   Data           4  entry2.o(.ARM.Collect$$$$00002712)
    .text                                    0x080001c0   Section       36  startup_stm32f427xx.o(.text)
    $v0                                      0x080001c0   Number         0  startup_stm32f427xx.o(.text)
    .text                                    0x080001e4   Section        0  iusefp.o(.text)
    .text                                    0x080001e4   Section       36  init.o(.text)
    i.BusFault_Handler                       0x08000208   Section        0  stm32f4xx_it.o(i.BusFault_Handler)
    i.CAN1_RX0_IRQHandler                    0x0800020c   Section        0  stm32f4xx_it.o(i.CAN1_RX0_IRQHandler)
    i.CANFilter_Init                         0x08000218   Section        0  can.o(i.CANFilter_Init)
    i.CAN_MotorRxMsgConv                     0x0800024c   Section        0  can_ctrl.o(i.CAN_MotorRxMsgConv)
    i.CAN_MotorTxMsgConv                     0x08000308   Section        0  can_ctrl.o(i.CAN_MotorTxMsgConv)
    i.CAN_Receive_IT                         0x08000338   Section        0  stm32f4xx_hal_can.o(i.CAN_Receive_IT)
    CAN_Receive_IT                           0x08000339   Thumb Code   296  stm32f4xx_hal_can.o(i.CAN_Receive_IT)
    i.CAN_SendMsg                            0x08000460   Section        0  can.o(i.CAN_SendMsg)
    i.CAN_Transmit_IT                        0x0800048a   Section        0  stm32f4xx_hal_can.o(i.CAN_Transmit_IT)
    CAN_Transmit_IT                          0x0800048b   Thumb Code    96  stm32f4xx_hal_can.o(i.CAN_Transmit_IT)
    i.DMA1_Stream1_IRQHandler                0x080004ec   Section        0  stm32f4xx_it.o(i.DMA1_Stream1_IRQHandler)
    i.DMA1_Stream2_IRQHandler                0x080004f8   Section        0  stm32f4xx_it.o(i.DMA1_Stream2_IRQHandler)
    i.DMA1_Stream4_IRQHandler                0x08000504   Section        0  stm32f4xx_it.o(i.DMA1_Stream4_IRQHandler)
    i.DMA1_Stream6_IRQHandler                0x08000510   Section        0  stm32f4xx_it.o(i.DMA1_Stream6_IRQHandler)
    i.DMA2_Stream2_IRQHandler                0x0800051c   Section        0  stm32f4xx_it.o(i.DMA2_Stream2_IRQHandler)
    i.DMA_CalcBaseAndBitshift                0x08000528   Section        0  stm32f4xx_hal_dma.o(i.DMA_CalcBaseAndBitshift)
    DMA_CalcBaseAndBitshift                  0x08000529   Thumb Code    34  stm32f4xx_hal_dma.o(i.DMA_CalcBaseAndBitshift)
    i.DMA_CheckFifoParam                     0x08000550   Section        0  stm32f4xx_hal_dma.o(i.DMA_CheckFifoParam)
    DMA_CheckFifoParam                       0x08000551   Thumb Code    84  stm32f4xx_hal_dma.o(i.DMA_CheckFifoParam)
    i.DMA_SetConfig                          0x080005a4   Section        0  stm32f4xx_hal_dma.o(i.DMA_SetConfig)
    DMA_SetConfig                            0x080005a5   Thumb Code    40  stm32f4xx_hal_dma.o(i.DMA_SetConfig)
    i.DebugMon_Handler                       0x080005cc   Section        0  stm32f4xx_it.o(i.DebugMon_Handler)
    i.HAL_CAN_ConfigFilter                   0x080005d0   Section        0  stm32f4xx_hal_can.o(i.HAL_CAN_ConfigFilter)
    i.HAL_CAN_ErrorCallback                  0x080006b4   Section        0  stm32f4xx_hal_can.o(i.HAL_CAN_ErrorCallback)
    i.HAL_CAN_IRQHandler                     0x080006b8   Section        0  stm32f4xx_hal_can.o(i.HAL_CAN_IRQHandler)
    i.HAL_CAN_Init                           0x08000838   Section        0  stm32f4xx_hal_can.o(i.HAL_CAN_Init)
    i.HAL_CAN_MspInit                        0x08000980   Section        0  can.o(i.HAL_CAN_MspInit)
    i.HAL_CAN_RxCpltCallback                 0x080009d4   Section        0  can_ctrl.o(i.HAL_CAN_RxCpltCallback)
    i.HAL_CAN_Transmit                       0x08000b24   Section        0  stm32f4xx_hal_can.o(i.HAL_CAN_Transmit)
    i.HAL_CAN_TxCpltCallback                 0x08000cb8   Section        0  stm32f4xx_hal_can.o(i.HAL_CAN_TxCpltCallback)
    i.HAL_DMA_Abort                          0x08000cba   Section        0  stm32f4xx_hal_dma.o(i.HAL_DMA_Abort)
    i.HAL_DMA_IRQHandler                     0x08000d48   Section        0  stm32f4xx_hal_dma.o(i.HAL_DMA_IRQHandler)
    i.HAL_DMA_Init                           0x08000ef0   Section        0  stm32f4xx_hal_dma.o(i.HAL_DMA_Init)
    i.HAL_DMA_Start_IT                       0x08000fc0   Section        0  stm32f4xx_hal_dma.o(i.HAL_DMA_Start_IT)
    i.HAL_Delay                              0x08001038   Section        0  stm32f4xx_hal.o(i.HAL_Delay)
    i.HAL_GPIO_Init                          0x08001050   Section        0  stm32f4xx_hal_gpio.o(i.HAL_GPIO_Init)
    i.HAL_GPIO_WritePin                      0x0800121c   Section        0  stm32f4xx_hal_gpio.o(i.HAL_GPIO_WritePin)
    i.HAL_GetTick                            0x08001228   Section        0  stm32f4xx_hal.o(i.HAL_GetTick)
    i.HAL_IncTick                            0x08001234   Section        0  stm32f4xx_hal.o(i.HAL_IncTick)
    i.HAL_Init                               0x08001244   Section        0  stm32f4xx_hal.o(i.HAL_Init)
    i.HAL_InitTick                           0x08001278   Section        0  stm32f4xx_hal.o(i.HAL_InitTick)
    i.HAL_MspInit                            0x080012a0   Section        0  stm32f4xx_hal.o(i.HAL_MspInit)
    i.HAL_MultiProcessor_Init                0x080012a2   Section        0  stm32f4xx_hal_uart.o(i.HAL_MultiProcessor_Init)
    i.HAL_NVIC_EnableIRQ                     0x08001330   Section        0  stm32f4xx_hal_cortex.o(i.HAL_NVIC_EnableIRQ)
    i.HAL_NVIC_SetPriority                   0x08001348   Section        0  stm32f4xx_hal_cortex.o(i.HAL_NVIC_SetPriority)
    i.HAL_NVIC_SetPriorityGrouping           0x08001388   Section        0  stm32f4xx_hal_cortex.o(i.HAL_NVIC_SetPriorityGrouping)
    i.HAL_RCC_ClockConfig                    0x080013ac   Section        0  stm32f4xx_hal_rcc.o(i.HAL_RCC_ClockConfig)
    i.HAL_RCC_GetHCLKFreq                    0x08001528   Section        0  stm32f4xx_hal_rcc.o(i.HAL_RCC_GetHCLKFreq)
    i.HAL_RCC_GetPCLK1Freq                   0x08001534   Section        0  stm32f4xx_hal_rcc.o(i.HAL_RCC_GetPCLK1Freq)
    i.HAL_RCC_GetPCLK2Freq                   0x08001564   Section        0  stm32f4xx_hal_rcc.o(i.HAL_RCC_GetPCLK2Freq)
    i.HAL_RCC_GetSysClockFreq                0x08001594   Section        0  stm32f4xx_hal_rcc.o(i.HAL_RCC_GetSysClockFreq)
    i.HAL_RCC_OscConfig                      0x08001608   Section        0  stm32f4xx_hal_rcc.o(i.HAL_RCC_OscConfig)
    i.HAL_SYSTICK_CLKSourceConfig            0x080018ec   Section        0  stm32f4xx_hal_cortex.o(i.HAL_SYSTICK_CLKSourceConfig)
    i.HAL_SYSTICK_Callback                   0x08001904   Section        0  stm32f4xx_hal_cortex.o(i.HAL_SYSTICK_Callback)
    i.HAL_SYSTICK_Config                     0x08001906   Section        0  stm32f4xx_hal_cortex.o(i.HAL_SYSTICK_Config)
    i.HAL_SYSTICK_IRQHandler                 0x0800192e   Section        0  stm32f4xx_hal_cortex.o(i.HAL_SYSTICK_IRQHandler)
    i.HAL_TIMEx_BreakCallback                0x08001936   Section        0  stm32f4xx_hal_tim_ex.o(i.HAL_TIMEx_BreakCallback)
    i.HAL_TIMEx_CommutationCallback          0x08001938   Section        0  stm32f4xx_hal_tim_ex.o(i.HAL_TIMEx_CommutationCallback)
    i.HAL_TIMEx_MasterConfigSynchronization  0x0800193a   Section        0  stm32f4xx_hal_tim_ex.o(i.HAL_TIMEx_MasterConfigSynchronization)
    i.HAL_TIM_Base_Init                      0x0800198a   Section        0  stm32f4xx_hal_tim.o(i.HAL_TIM_Base_Init)
    i.HAL_TIM_Base_MspInit                   0x080019c0   Section        0  tim.o(i.HAL_TIM_Base_MspInit)
    i.HAL_TIM_Base_Start_IT                  0x08001a24   Section        0  stm32f4xx_hal_tim.o(i.HAL_TIM_Base_Start_IT)
    i.HAL_TIM_ConfigClockSource              0x08001a3c   Section        0  stm32f4xx_hal_tim.o(i.HAL_TIM_ConfigClockSource)
    i.HAL_TIM_IC_CaptureCallback             0x08001b30   Section        0  shoot_ctrl.o(i.HAL_TIM_IC_CaptureCallback)
    i.HAL_TIM_IC_ConfigChannel               0x08001cf8   Section        0  stm32f4xx_hal_tim.o(i.HAL_TIM_IC_ConfigChannel)
    i.HAL_TIM_IC_Init                        0x08001e16   Section        0  stm32f4xx_hal_tim.o(i.HAL_TIM_IC_Init)
    i.HAL_TIM_IC_MspInit                     0x08001e4c   Section        0  stm32f4xx_hal_tim.o(i.HAL_TIM_IC_MspInit)
    i.HAL_TIM_IC_Start_IT                    0x08001e4e   Section        0  stm32f4xx_hal_tim.o(i.HAL_TIM_IC_Start_IT)
    i.HAL_TIM_IRQHandler                     0x08001e9a   Section        0  stm32f4xx_hal_tim.o(i.HAL_TIM_IRQHandler)
    i.HAL_TIM_MspPostInit                    0x08002000   Section        0  tim.o(i.HAL_TIM_MspPostInit)
    i.HAL_TIM_OC_DelayElapsedCallback        0x08002034   Section        0  stm32f4xx_hal_tim.o(i.HAL_TIM_OC_DelayElapsedCallback)
    i.HAL_TIM_PWM_ConfigChannel              0x08002036   Section        0  stm32f4xx_hal_tim.o(i.HAL_TIM_PWM_ConfigChannel)
    i.HAL_TIM_PWM_Init                       0x08002106   Section        0  stm32f4xx_hal_tim.o(i.HAL_TIM_PWM_Init)
    i.HAL_TIM_PWM_MspInit                    0x0800213c   Section        0  tim.o(i.HAL_TIM_PWM_MspInit)
    i.HAL_TIM_PWM_PulseFinishedCallback      0x08002164   Section        0  stm32f4xx_hal_tim.o(i.HAL_TIM_PWM_PulseFinishedCallback)
    i.HAL_TIM_PWM_Start                      0x08002168   Section        0  stm32f4xx_hal_tim.o(i.HAL_TIM_PWM_Start)
    i.HAL_TIM_PeriodElapsedCallback          0x080021a0   Section        0  stm32f4xx_hal_tim.o(i.HAL_TIM_PeriodElapsedCallback)
    i.HAL_TIM_ReadCapturedValue              0x080021a2   Section        0  stm32f4xx_hal_tim.o(i.HAL_TIM_ReadCapturedValue)
    i.HAL_TIM_TriggerCallback                0x080021e6   Section        0  stm32f4xx_hal_tim.o(i.HAL_TIM_TriggerCallback)
    i.HAL_UART_DMAStop                       0x080021e8   Section        0  stm32f4xx_hal_uart.o(i.HAL_UART_DMAStop)
    i.HAL_UART_ErrorCallback                 0x08002240   Section        0  stm32f4xx_hal_uart.o(i.HAL_UART_ErrorCallback)
    i.HAL_UART_Init                          0x08002242   Section        0  stm32f4xx_hal_uart.o(i.HAL_UART_Init)
    i.HAL_UART_MspInit                       0x080022a4   Section        0  usart.o(i.HAL_UART_MspInit)
    i.HAL_UART_Receive_DMA                   0x080023fc   Section        0  stm32f4xx_hal_uart.o(i.HAL_UART_Receive_DMA)
    i.HAL_UART_RxCpltCallback                0x0800248c   Section        0  stm32f4xx_hal_uart.o(i.HAL_UART_RxCpltCallback)
    i.HAL_UART_RxHalfCpltCallback            0x0800248e   Section        0  stm32f4xx_hal_uart.o(i.HAL_UART_RxHalfCpltCallback)
    i.HardFault_Handler                      0x08002490   Section        0  stm32f4xx_it.o(i.HardFault_Handler)
    i.JY901_Data_Receive                     0x08002494   Section        0  imu.o(i.JY901_Data_Receive)
    i.JY901_Decode                           0x08002518   Section        0  imu.o(i.JY901_Decode)
    i.MX_CAN1_Init                           0x08002598   Section        0  can.o(i.MX_CAN1_Init)
    i.MX_DMA_Init                            0x080025f8   Section        0  dma.o(i.MX_DMA_Init)
    i.MX_GPIO_Init                           0x08002674   Section        0  gpio.o(i.MX_GPIO_Init)
    i.MX_TIM3_Init                           0x0800272c   Section        0  tim.o(i.MX_TIM3_Init)
    i.MX_TIM4_Init                           0x080027a4   Section        0  tim.o(i.MX_TIM4_Init)
    i.MX_TIM5_Init                           0x08002850   Section        0  tim.o(i.MX_TIM5_Init)
    i.MX_UART7_Init                          0x08002928   Section        0  usart.o(i.MX_UART7_Init)
    i.MX_UART8_Init                          0x0800297c   Section        0  usart.o(i.MX_UART8_Init)
    i.MX_USART1_UART_Init                    0x080029cc   Section        0  usart.o(i.MX_USART1_UART_Init)
    i.MemManage_Handler                      0x08002a24   Section        0  stm32f4xx_it.o(i.MemManage_Handler)
    i.MocaWheelInit                          0x08002a26   Section        0  shoot_ctrl.o(i.MocaWheelInit)
    i.Motor_IncPos                           0x08002a38   Section        0  motor_func.o(i.Motor_IncPos)
    i.Motor_PosCtrl                          0x08002a6c   Section        0  motor_func.o(i.Motor_PosCtrl)
    i.Motor_SetVel                           0x08002be4   Section        0  motor_func.o(i.Motor_SetVel)
    i.Motor_ValueSet                         0x08002bea   Section        0  motor_func.o(i.Motor_ValueSet)
    i.Motor_VeloCtrl                         0x08002c14   Section        0  motor_func.o(i.Motor_VeloCtrl)
    i.NMI_Handler                            0x08002cbc   Section        0  stm32f4xx_it.o(i.NMI_Handler)
    i.NVIC_SetPriority                       0x08002cbe   Section        0  stm32f4xx_hal_cortex.o(i.NVIC_SetPriority)
    NVIC_SetPriority                         0x08002cbf   Thumb Code    32  stm32f4xx_hal_cortex.o(i.NVIC_SetPriority)
    i.PendSV_Handler                         0x08002cde   Section        0  stm32f4xx_it.o(i.PendSV_Handler)
    i.RC_DataHandle                          0x08002ce0   Section        0  remote_ctrl.o(i.RC_DataHandle)
    i.RemoteCtl_Data_Receive                 0x08002d60   Section        0  remote_ctrl.o(i.RemoteCtl_Data_Receive)
    i.SVC_Handler                            0x08002df0   Section        0  stm32f4xx_it.o(i.SVC_Handler)
    i.ShootWheel_Control                     0x08002df4   Section        0  shoot_ctrl.o(i.ShootWheel_Control)
    i.SysNVIC_SetPriority                    0x08002e90   Section        0  sys.o(i.SysNVIC_SetPriority)
    i.SysTick_Handler                        0x08002ee6   Section        0  stm32f4xx_it.o(i.SysTick_Handler)
    i.SystemClock_Config                     0x08002ef4   Section        0  main.o(i.SystemClock_Config)
    i.SystemInit                             0x08002f94   Section        0  system_stm32f4xx.o(i.SystemInit)
    i.TIM3_IRQHandler                        0x08002fe8   Section        0  stm32f4xx_it.o(i.TIM3_IRQHandler)
    i.TIM5_IRQHandler                        0x08002ffc   Section        0  stm32f4xx_it.o(i.TIM5_IRQHandler)
    i.TIM_Base_SetConfig                     0x08003008   Section        0  stm32f4xx_hal_tim.o(i.TIM_Base_SetConfig)
    i.TIM_CCxChannelCmd                      0x080030c8   Section        0  stm32f4xx_hal_tim.o(i.TIM_CCxChannelCmd)
    i.TIM_ETR_SetConfig                      0x080030de   Section        0  stm32f4xx_hal_tim.o(i.TIM_ETR_SetConfig)
    TIM_ETR_SetConfig                        0x080030df   Thumb Code    20  stm32f4xx_hal_tim.o(i.TIM_ETR_SetConfig)
    i.TIM_ITRx_SetConfig                     0x080030f2   Section        0  stm32f4xx_hal_tim.o(i.TIM_ITRx_SetConfig)
    TIM_ITRx_SetConfig                       0x080030f3   Thumb Code    16  stm32f4xx_hal_tim.o(i.TIM_ITRx_SetConfig)
    i.TIM_OC1_SetConfig                      0x08003104   Section        0  stm32f4xx_hal_tim.o(i.TIM_OC1_SetConfig)
    TIM_OC1_SetConfig                        0x08003105   Thumb Code    80  stm32f4xx_hal_tim.o(i.TIM_OC1_SetConfig)
    i.TIM_OC2_SetConfig                      0x0800315c   Section        0  stm32f4xx_hal_tim.o(i.TIM_OC2_SetConfig)
    i.TIM_OC3_SetConfig                      0x080031c0   Section        0  stm32f4xx_hal_tim.o(i.TIM_OC3_SetConfig)
    TIM_OC3_SetConfig                        0x080031c1   Thumb Code    88  stm32f4xx_hal_tim.o(i.TIM_OC3_SetConfig)
    i.TIM_OC4_SetConfig                      0x08003220   Section        0  stm32f4xx_hal_tim.o(i.TIM_OC4_SetConfig)
    TIM_OC4_SetConfig                        0x08003221   Thumb Code    70  stm32f4xx_hal_tim.o(i.TIM_OC4_SetConfig)
    i.TIM_TI1_ConfigInputStage               0x08003270   Section        0  stm32f4xx_hal_tim.o(i.TIM_TI1_ConfigInputStage)
    TIM_TI1_ConfigInputStage                 0x08003271   Thumb Code    34  stm32f4xx_hal_tim.o(i.TIM_TI1_ConfigInputStage)
    i.TIM_TI1_SetConfig                      0x08003294   Section        0  stm32f4xx_hal_tim.o(i.TIM_TI1_SetConfig)
    i.TIM_TI2_ConfigInputStage               0x08003318   Section        0  stm32f4xx_hal_tim.o(i.TIM_TI2_ConfigInputStage)
    TIM_TI2_ConfigInputStage                 0x08003319   Thumb Code    36  stm32f4xx_hal_tim.o(i.TIM_TI2_ConfigInputStage)
    i.TIM_TI2_SetConfig                      0x0800333c   Section        0  stm32f4xx_hal_tim.o(i.TIM_TI2_SetConfig)
    TIM_TI2_SetConfig                        0x0800333d   Thumb Code    54  stm32f4xx_hal_tim.o(i.TIM_TI2_SetConfig)
    i.UART7_IRQHandler                       0x08003372   Section        0  stm32f4xx_it.o(i.UART7_IRQHandler)
    i.UART8_IRQHandler                       0x08003374   Section        0  stm32f4xx_it.o(i.UART8_IRQHandler)
    i.UART_DMAError                          0x08003378   Section        0  stm32f4xx_hal_uart.o(i.UART_DMAError)
    UART_DMAError                            0x08003379   Thumb Code    74  stm32f4xx_hal_uart.o(i.UART_DMAError)
    i.UART_DMAReceiveCplt                    0x080033c2   Section        0  stm32f4xx_hal_uart.o(i.UART_DMAReceiveCplt)
    UART_DMAReceiveCplt                      0x080033c3   Thumb Code    60  stm32f4xx_hal_uart.o(i.UART_DMAReceiveCplt)
    i.UART_DMARxHalfCplt                     0x080033fe   Section        0  stm32f4xx_hal_uart.o(i.UART_DMARxHalfCplt)
    UART_DMARxHalfCplt                       0x080033ff   Thumb Code    10  stm32f4xx_hal_uart.o(i.UART_DMARxHalfCplt)
    i.UART_EndRxTransfer                     0x08003408   Section        0  stm32f4xx_hal_uart.o(i.UART_EndRxTransfer)
    UART_EndRxTransfer                       0x08003409   Thumb Code    28  stm32f4xx_hal_uart.o(i.UART_EndRxTransfer)
    i.UART_EndTxTransfer                     0x08003424   Section        0  stm32f4xx_hal_uart.o(i.UART_EndTxTransfer)
    UART_EndTxTransfer                       0x08003425   Thumb Code    18  stm32f4xx_hal_uart.o(i.UART_EndTxTransfer)
    i.UART_SetConfig                         0x08003438   Section        0  stm32f4xx_hal_uart.o(i.UART_SetConfig)
    UART_SetConfig                           0x08003439   Thumb Code   676  stm32f4xx_hal_uart.o(i.UART_SetConfig)
    i.USART1_IRQHandler                      0x080036e4   Section        0  stm32f4xx_it.o(i.USART1_IRQHandler)
    i.UsageFault_Handler                     0x080036e8   Section        0  stm32f4xx_it.o(i.UsageFault_Handler)
    i._Error_Handler                         0x080036ea   Section        0  main.o(i._Error_Handler)
    i.__hardfp_sqrtf                         0x080036ec   Section        0  sqrtf.o(i.__hardfp_sqrtf)
    i.__scatterload_copy                     0x08003726   Section       14  handlers.o(i.__scatterload_copy)
    i.__scatterload_null                     0x08003734   Section        2  handlers.o(i.__scatterload_null)
    i.__scatterload_zeroinit                 0x08003736   Section       14  handlers.o(i.__scatterload_zeroinit)
    i.__set_errno                            0x08003744   Section        0  errno.o(i.__set_errno)
    i.main                                   0x08003750   Section        0  main.o(i.main)
    i.sysControl                             0x080038f0   Section        0  control_loop.o(i.sysControl)
    .constdata                               0x080039a0   Section       16  stm32f4xx_hal_rcc.o(.constdata)
    .constdata                               0x080039b0   Section        8  stm32f4xx_hal_dma.o(.constdata)
    flagBitshiftOffset                       0x080039b0   Data           8  stm32f4xx_hal_dma.o(.constdata)
    .data                                    0x20000000   Section        4  stm32f4xx_hal.o(.data)
    .data                                    0x20000004   Section        4  system_stm32f4xx.o(.data)
    .data                                    0x20000008   Section       12  can_ctrl.o(.data)
    .data                                    0x20000014   Section       12  control_loop.o(.data)
    .data                                    0x20000020   Section        1  motor_func.o(.data)
    readyCount                               0x20000020   Data           1  motor_func.o(.data)
    .data                                    0x20000021   Section        1  remote_ctrl.o(.data)
    .data                                    0x20000024   Section       24  shoot_ctrl.o(.data)
    .data                                    0x2000003c   Section        4  errno.o(.data)
    _errno                                   0x2000003c   Data           4  errno.o(.data)
    .bss                                     0x20000040   Section      384  can_ctrl.o(.bss)
    .bss                                     0x200001c0   Section       52  remote_ctrl.o(.bss)
    .bss                                     0x200001f4   Section       72  shoot_ctrl.o(.bss)
    .bss                                     0x2000023c   Section       56  shoot_ctrl.o(.bss)
    .bss                                     0x20000274   Section       56  shoot_ctrl.o(.bss)
    .bss                                     0x200002ac   Section      108  imu.o(.bss)
    .bss                                     0x20000318   Section      128  can.o(.bss)
    TxMessage                                0x20000318   Data          28  can.o(.bss)
    RxMessage                                0x20000334   Data          36  can.o(.bss)
    .bss                                     0x20000398   Section      180  tim.o(.bss)
    .bss                                     0x2000044c   Section       96  tim.o(.bss)
    .bss                                     0x200004ac   Section       96  tim.o(.bss)
    .bss                                     0x2000050c   Section      384  usart.o(.bss)
    .bss                                     0x2000068c   Section       96  usart.o(.bss)
    STACK                                    0x200006f0   Section     1024  startup_stm32f427xx.o(STACK)

    Global Symbols

    Symbol Name                              Value     Ov Type        Size  Object(Section)

    BuildAttributes$$THM_ISAv4$E$P$D$K$B$S$7EM$VFPi3$EXTD16$VFPS$VFMA$PE$A:L22UL41UL21$X:L11$S22US41US21$IEEE1$IW$USESV6$~STKCKD$USESV7$~SHL$OTIME$ROPI$IEEEX$EBA8$MICROLIB$REQ8$PRES8$EABIv2 0x00000000   Number         0  anon$$obj.o ABSOLUTE
    __ARM_use_no_argv                        0x00000000   Number         0  main.o ABSOLUTE
    __cpp_initialize__aeabi_                  - Undefined Weak Reference
    __cxa_finalize                            - Undefined Weak Reference
    __decompress                              - Undefined Weak Reference
    _clock_init                               - Undefined Weak Reference
    _microlib_exit                            - Undefined Weak Reference
    __Vectors_Size                           0x000001ac   Number         0  startup_stm32f427xx.o ABSOLUTE
    __Vectors                                0x08000000   Data           4  startup_stm32f427xx.o(RESET)
    __Vectors_End                            0x080001ac   Data           0  startup_stm32f427xx.o(RESET)
    __main                                   0x080001ad   Thumb Code     0  entry.o(.ARM.Collect$$$$00000000)
    _main_stk                                0x080001ad   Thumb Code     0  entry2.o(.ARM.Collect$$$$00000001)
    _main_scatterload                        0x080001b1   Thumb Code     0  entry5.o(.ARM.Collect$$$$00000004)
    __main_after_scatterload                 0x080001b5   Thumb Code     0  entry5.o(.ARM.Collect$$$$00000004)
    _main_clock                              0x080001b5   Thumb Code     0  entry7b.o(.ARM.Collect$$$$00000008)
    _main_cpp_init                           0x080001b5   Thumb Code     0  entry8b.o(.ARM.Collect$$$$0000000A)
    _main_init                               0x080001b5   Thumb Code     0  entry9a.o(.ARM.Collect$$$$0000000B)
    __rt_final_cpp                           0x080001bd   Thumb Code     0  entry10a.o(.ARM.Collect$$$$0000000D)
    __rt_final_exit                          0x080001bd   Thumb Code     0  entry11a.o(.ARM.Collect$$$$0000000F)
    Reset_Handler                            0x080001c1   Thumb Code     8  startup_stm32f427xx.o(.text)
    ADC_IRQHandler                           0x080001db   Thumb Code     0  startup_stm32f427xx.o(.text)
    CAN1_RX1_IRQHandler                      0x080001db   Thumb Code     0  startup_stm32f427xx.o(.text)
    CAN1_SCE_IRQHandler                      0x080001db   Thumb Code     0  startup_stm32f427xx.o(.text)
    CAN1_TX_IRQHandler                       0x080001db   Thumb Code     0  startup_stm32f427xx.o(.text)
    CAN2_RX0_IRQHandler                      0x080001db   Thumb Code     0  startup_stm32f427xx.o(.text)
    CAN2_RX1_IRQHandler                      0x080001db   Thumb Code     0  startup_stm32f427xx.o(.text)
    CAN2_SCE_IRQHandler                      0x080001db   Thumb Code     0  startup_stm32f427xx.o(.text)
    CAN2_TX_IRQHandler                       0x080001db   Thumb Code     0  startup_stm32f427xx.o(.text)
    DCMI_IRQHandler                          0x080001db   Thumb Code     0  startup_stm32f427xx.o(.text)
    DMA1_Stream0_IRQHandler                  0x080001db   Thumb Code     0  startup_stm32f427xx.o(.text)
    DMA1_Stream3_IRQHandler                  0x080001db   Thumb Code     0  startup_stm32f427xx.o(.text)
    DMA1_Stream5_IRQHandler                  0x080001db   Thumb Code     0  startup_stm32f427xx.o(.text)
    DMA1_Stream7_IRQHandler                  0x080001db   Thumb Code     0  startup_stm32f427xx.o(.text)
    DMA2D_IRQHandler                         0x080001db   Thumb Code     0  startup_stm32f427xx.o(.text)
    DMA2_Stream0_IRQHandler                  0x080001db   Thumb Code     0  startup_stm32f427xx.o(.text)
    DMA2_Stream1_IRQHandler                  0x080001db   Thumb Code     0  startup_stm32f427xx.o(.text)
    DMA2_Stream3_IRQHandler                  0x080001db   Thumb Code     0  startup_stm32f427xx.o(.text)
    DMA2_Stream4_IRQHandler                  0x080001db   Thumb Code     0  startup_stm32f427xx.o(.text)
    DMA2_Stream5_IRQHandler                  0x080001db   Thumb Code     0  startup_stm32f427xx.o(.text)
    DMA2_Stream6_IRQHandler                  0x080001db   Thumb Code     0  startup_stm32f427xx.o(.text)
    DMA2_Stream7_IRQHandler                  0x080001db   Thumb Code     0  startup_stm32f427xx.o(.text)
    ETH_IRQHandler                           0x080001db   Thumb Code     0  startup_stm32f427xx.o(.text)
    ETH_WKUP_IRQHandler                      0x080001db   Thumb Code     0  startup_stm32f427xx.o(.text)
    EXTI0_IRQHandler                         0x080001db   Thumb Code     0  startup_stm32f427xx.o(.text)
    EXTI15_10_IRQHandler                     0x080001db   Thumb Code     0  startup_stm32f427xx.o(.text)
    EXTI1_IRQHandler                         0x080001db   Thumb Code     0  startup_stm32f427xx.o(.text)
    EXTI2_IRQHandler                         0x080001db   Thumb Code     0  startup_stm32f427xx.o(.text)
    EXTI3_IRQHandler                         0x080001db   Thumb Code     0  startup_stm32f427xx.o(.text)
    EXTI4_IRQHandler                         0x080001db   Thumb Code     0  startup_stm32f427xx.o(.text)
    EXTI9_5_IRQHandler                       0x080001db   Thumb Code     0  startup_stm32f427xx.o(.text)
    FLASH_IRQHandler                         0x080001db   Thumb Code     0  startup_stm32f427xx.o(.text)
    FMC_IRQHandler                           0x080001db   Thumb Code     0  startup_stm32f427xx.o(.text)
    FPU_IRQHandler                           0x080001db   Thumb Code     0  startup_stm32f427xx.o(.text)
    HASH_RNG_IRQHandler                      0x080001db   Thumb Code     0  startup_stm32f427xx.o(.text)
    I2C1_ER_IRQHandler                       0x080001db   Thumb Code     0  startup_stm32f427xx.o(.text)
    I2C1_EV_IRQHandler                       0x080001db   Thumb Code     0  startup_stm32f427xx.o(.text)
    I2C2_ER_IRQHandler                       0x080001db   Thumb Code     0  startup_stm32f427xx.o(.text)
    I2C2_EV_IRQHandler                       0x080001db   Thumb Code     0  startup_stm32f427xx.o(.text)
    I2C3_ER_IRQHandler                       0x080001db   Thumb Code     0  startup_stm32f427xx.o(.text)
    I2C3_EV_IRQHandler                       0x080001db   Thumb Code     0  startup_stm32f427xx.o(.text)
    OTG_FS_IRQHandler                        0x080001db   Thumb Code     0  startup_stm32f427xx.o(.text)
    OTG_FS_WKUP_IRQHandler                   0x080001db   Thumb Code     0  startup_stm32f427xx.o(.text)
    OTG_HS_EP1_IN_IRQHandler                 0x080001db   Thumb Code     0  startup_stm32f427xx.o(.text)
    OTG_HS_EP1_OUT_IRQHandler                0x080001db   Thumb Code     0  startup_stm32f427xx.o(.text)
    OTG_HS_IRQHandler                        0x080001db   Thumb Code     0  startup_stm32f427xx.o(.text)
    OTG_HS_WKUP_IRQHandler                   0x080001db   Thumb Code     0  startup_stm32f427xx.o(.text)
    PVD_IRQHandler                           0x080001db   Thumb Code     0  startup_stm32f427xx.o(.text)
    RCC_IRQHandler                           0x080001db   Thumb Code     0  startup_stm32f427xx.o(.text)
    RTC_Alarm_IRQHandler                     0x080001db   Thumb Code     0  startup_stm32f427xx.o(.text)
    RTC_WKUP_IRQHandler                      0x080001db   Thumb Code     0  startup_stm32f427xx.o(.text)
    SAI1_IRQHandler                          0x080001db   Thumb Code     0  startup_stm32f427xx.o(.text)
    SDIO_IRQHandler                          0x080001db   Thumb Code     0  startup_stm32f427xx.o(.text)
    SPI1_IRQHandler                          0x080001db   Thumb Code     0  startup_stm32f427xx.o(.text)
    SPI2_IRQHandler                          0x080001db   Thumb Code     0  startup_stm32f427xx.o(.text)
    SPI3_IRQHandler                          0x080001db   Thumb Code     0  startup_stm32f427xx.o(.text)
    SPI4_IRQHandler                          0x080001db   Thumb Code     0  startup_stm32f427xx.o(.text)
    SPI5_IRQHandler                          0x080001db   Thumb Code     0  startup_stm32f427xx.o(.text)
    SPI6_IRQHandler                          0x080001db   Thumb Code     0  startup_stm32f427xx.o(.text)
    TAMP_STAMP_IRQHandler                    0x080001db   Thumb Code     0  startup_stm32f427xx.o(.text)
    TIM1_BRK_TIM9_IRQHandler                 0x080001db   Thumb Code     0  startup_stm32f427xx.o(.text)
    TIM1_CC_IRQHandler                       0x080001db   Thumb Code     0  startup_stm32f427xx.o(.text)
    TIM1_TRG_COM_TIM11_IRQHandler            0x080001db   Thumb Code     0  startup_stm32f427xx.o(.text)
    TIM1_UP_TIM10_IRQHandler                 0x080001db   Thumb Code     0  startup_stm32f427xx.o(.text)
    TIM2_IRQHandler                          0x080001db   Thumb Code     0  startup_stm32f427xx.o(.text)
    TIM4_IRQHandler                          0x080001db   Thumb Code     0  startup_stm32f427xx.o(.text)
    TIM6_DAC_IRQHandler                      0x080001db   Thumb Code     0  startup_stm32f427xx.o(.text)
    TIM7_IRQHandler                          0x080001db   Thumb Code     0  startup_stm32f427xx.o(.text)
    TIM8_BRK_TIM12_IRQHandler                0x080001db   Thumb Code     0  startup_stm32f427xx.o(.text)
    TIM8_CC_IRQHandler                       0x080001db   Thumb Code     0  startup_stm32f427xx.o(.text)
    TIM8_TRG_COM_TIM14_IRQHandler            0x080001db   Thumb Code     0  startup_stm32f427xx.o(.text)
    TIM8_UP_TIM13_IRQHandler                 0x080001db   Thumb Code     0  startup_stm32f427xx.o(.text)
    UART4_IRQHandler                         0x080001db   Thumb Code     0  startup_stm32f427xx.o(.text)
    UART5_IRQHandler                         0x080001db   Thumb Code     0  startup_stm32f427xx.o(.text)
    USART2_IRQHandler                        0x080001db   Thumb Code     0  startup_stm32f427xx.o(.text)
    USART3_IRQHandler                        0x080001db   Thumb Code     0  startup_stm32f427xx.o(.text)
    USART6_IRQHandler                        0x080001db   Thumb Code     0  startup_stm32f427xx.o(.text)
    WWDG_IRQHandler                          0x080001db   Thumb Code     0  startup_stm32f427xx.o(.text)
    __I$use$fp                               0x080001e5   Thumb Code     0  iusefp.o(.text)
    __scatterload                            0x080001e5   Thumb Code    28  init.o(.text)
    __scatterload_rt2                        0x080001e5   Thumb Code     0  init.o(.text)
    BusFault_Handler                         0x08000209   Thumb Code     2  stm32f4xx_it.o(i.BusFault_Handler)
    CAN1_RX0_IRQHandler                      0x0800020d   Thumb Code     6  stm32f4xx_it.o(i.CAN1_RX0_IRQHandler)
    CANFilter_Init                           0x08000219   Thumb Code    46  can.o(i.CANFilter_Init)
    CAN_MotorRxMsgConv                       0x0800024d   Thumb Code   166  can_ctrl.o(i.CAN_MotorRxMsgConv)
    CAN_MotorTxMsgConv                       0x08000309   Thumb Code    46  can_ctrl.o(i.CAN_MotorTxMsgConv)
    CAN_SendMsg                              0x08000461   Thumb Code    42  can.o(i.CAN_SendMsg)
    DMA1_Stream1_IRQHandler                  0x080004ed   Thumb Code     6  stm32f4xx_it.o(i.DMA1_Stream1_IRQHandler)
    DMA1_Stream2_IRQHandler                  0x080004f9   Thumb Code     6  stm32f4xx_it.o(i.DMA1_Stream2_IRQHandler)
    DMA1_Stream4_IRQHandler                  0x08000505   Thumb Code     6  stm32f4xx_it.o(i.DMA1_Stream4_IRQHandler)
    DMA1_Stream6_IRQHandler                  0x08000511   Thumb Code     6  stm32f4xx_it.o(i.DMA1_Stream6_IRQHandler)
    DMA2_Stream2_IRQHandler                  0x0800051d   Thumb Code     6  stm32f4xx_it.o(i.DMA2_Stream2_IRQHandler)
    DebugMon_Handler                         0x080005cd   Thumb Code     2  stm32f4xx_it.o(i.DebugMon_Handler)
    HAL_CAN_ConfigFilter                     0x080005d1   Thumb Code   218  stm32f4xx_hal_can.o(i.HAL_CAN_ConfigFilter)
    HAL_CAN_ErrorCallback                    0x080006b5   Thumb Code     2  stm32f4xx_hal_can.o(i.HAL_CAN_ErrorCallback)
    HAL_CAN_IRQHandler                       0x080006b9   Thumb Code   370  stm32f4xx_hal_can.o(i.HAL_CAN_IRQHandler)
    HAL_CAN_Init                             0x08000839   Thumb Code   328  stm32f4xx_hal_can.o(i.HAL_CAN_Init)
    HAL_CAN_MspInit                          0x08000981   Thumb Code    72  can.o(i.HAL_CAN_MspInit)
    HAL_CAN_RxCpltCallback                   0x080009d5   Thumb Code   310  can_ctrl.o(i.HAL_CAN_RxCpltCallback)
    HAL_CAN_Transmit                         0x08000b25   Thumb Code   390  stm32f4xx_hal_can.o(i.HAL_CAN_Transmit)
    HAL_CAN_TxCpltCallback                   0x08000cb9   Thumb Code     2  stm32f4xx_hal_can.o(i.HAL_CAN_TxCpltCallback)
    HAL_DMA_Abort                            0x08000cbb   Thumb Code   142  stm32f4xx_hal_dma.o(i.HAL_DMA_Abort)
    HAL_DMA_IRQHandler                       0x08000d49   Thumb Code   414  stm32f4xx_hal_dma.o(i.HAL_DMA_IRQHandler)
    HAL_DMA_Init                             0x08000ef1   Thumb Code   202  stm32f4xx_hal_dma.o(i.HAL_DMA_Init)
    HAL_DMA_Start_IT                         0x08000fc1   Thumb Code   120  stm32f4xx_hal_dma.o(i.HAL_DMA_Start_IT)
    HAL_Delay                                0x08001039   Thumb Code    22  stm32f4xx_hal.o(i.HAL_Delay)
    HAL_GPIO_Init                            0x08001051   Thumb Code   408  stm32f4xx_hal_gpio.o(i.HAL_GPIO_Init)
    HAL_GPIO_WritePin                        0x0800121d   Thumb Code    10  stm32f4xx_hal_gpio.o(i.HAL_GPIO_WritePin)
    HAL_GetTick                              0x08001229   Thumb Code     6  stm32f4xx_hal.o(i.HAL_GetTick)
    HAL_IncTick                              0x08001235   Thumb Code    10  stm32f4xx_hal.o(i.HAL_IncTick)
    HAL_Init                                 0x08001245   Thumb Code    48  stm32f4xx_hal.o(i.HAL_Init)
    HAL_InitTick                             0x08001279   Thumb Code    34  stm32f4xx_hal.o(i.HAL_InitTick)
    HAL_MspInit                              0x080012a1   Thumb Code     2  stm32f4xx_hal.o(i.HAL_MspInit)
    HAL_MultiProcessor_Init                  0x080012a3   Thumb Code   142  stm32f4xx_hal_uart.o(i.HAL_MultiProcessor_Init)
    HAL_NVIC_EnableIRQ                       0x08001331   Thumb Code    22  stm32f4xx_hal_cortex.o(i.HAL_NVIC_EnableIRQ)
    HAL_NVIC_SetPriority                     0x08001349   Thumb Code    60  stm32f4xx_hal_cortex.o(i.HAL_NVIC_SetPriority)
    HAL_NVIC_SetPriorityGrouping             0x08001389   Thumb Code    26  stm32f4xx_hal_cortex.o(i.HAL_NVIC_SetPriorityGrouping)
    HAL_RCC_ClockConfig                      0x080013ad   Thumb Code   364  stm32f4xx_hal_rcc.o(i.HAL_RCC_ClockConfig)
    HAL_RCC_GetHCLKFreq                      0x08001529   Thumb Code     6  stm32f4xx_hal_rcc.o(i.HAL_RCC_GetHCLKFreq)
    HAL_RCC_GetPCLK1Freq                     0x08001535   Thumb Code    34  stm32f4xx_hal_rcc.o(i.HAL_RCC_GetPCLK1Freq)
    HAL_RCC_GetPCLK2Freq                     0x08001565   Thumb Code    34  stm32f4xx_hal_rcc.o(i.HAL_RCC_GetPCLK2Freq)
    HAL_RCC_GetSysClockFreq                  0x08001595   Thumb Code   104  stm32f4xx_hal_rcc.o(i.HAL_RCC_GetSysClockFreq)
    HAL_RCC_OscConfig                        0x08001609   Thumb Code   722  stm32f4xx_hal_rcc.o(i.HAL_RCC_OscConfig)
    HAL_SYSTICK_CLKSourceConfig              0x080018ed   Thumb Code    24  stm32f4xx_hal_cortex.o(i.HAL_SYSTICK_CLKSourceConfig)
    HAL_SYSTICK_Callback                     0x08001905   Thumb Code     2  stm32f4xx_hal_cortex.o(i.HAL_SYSTICK_Callback)
    HAL_SYSTICK_Config                       0x08001907   Thumb Code    40  stm32f4xx_hal_cortex.o(i.HAL_SYSTICK_Config)
    HAL_SYSTICK_IRQHandler                   0x0800192f   Thumb Code     8  stm32f4xx_hal_cortex.o(i.HAL_SYSTICK_IRQHandler)
    HAL_TIMEx_BreakCallback                  0x08001937   Thumb Code     2  stm32f4xx_hal_tim_ex.o(i.HAL_TIMEx_BreakCallback)
    HAL_TIMEx_CommutationCallback            0x08001939   Thumb Code     2  stm32f4xx_hal_tim_ex.o(i.HAL_TIMEx_CommutationCallback)
    HAL_TIMEx_MasterConfigSynchronization    0x0800193b   Thumb Code    80  stm32f4xx_hal_tim_ex.o(i.HAL_TIMEx_MasterConfigSynchronization)
    HAL_TIM_Base_Init                        0x0800198b   Thumb Code    54  stm32f4xx_hal_tim.o(i.HAL_TIM_Base_Init)
    HAL_TIM_Base_MspInit                     0x080019c1   Thumb Code    82  tim.o(i.HAL_TIM_Base_MspInit)
    HAL_TIM_Base_Start_IT                    0x08001a25   Thumb Code    24  stm32f4xx_hal_tim.o(i.HAL_TIM_Base_Start_IT)
    HAL_TIM_ConfigClockSource                0x08001a3d   Thumb Code   242  stm32f4xx_hal_tim.o(i.HAL_TIM_ConfigClockSource)
    HAL_TIM_IC_CaptureCallback               0x08001b31   Thumb Code   424  shoot_ctrl.o(i.HAL_TIM_IC_CaptureCallback)
    HAL_TIM_IC_ConfigChannel                 0x08001cf9   Thumb Code   286  stm32f4xx_hal_tim.o(i.HAL_TIM_IC_ConfigChannel)
    HAL_TIM_IC_Init                          0x08001e17   Thumb Code    54  stm32f4xx_hal_tim.o(i.HAL_TIM_IC_Init)
    HAL_TIM_IC_MspInit                       0x08001e4d   Thumb Code     2  stm32f4xx_hal_tim.o(i.HAL_TIM_IC_MspInit)
    HAL_TIM_IC_Start_IT                      0x08001e4f   Thumb Code    76  stm32f4xx_hal_tim.o(i.HAL_TIM_IC_Start_IT)
    HAL_TIM_IRQHandler                       0x08001e9b   Thumb Code   358  stm32f4xx_hal_tim.o(i.HAL_TIM_IRQHandler)
    HAL_TIM_MspPostInit                      0x08002001   Thumb Code    42  tim.o(i.HAL_TIM_MspPostInit)
    HAL_TIM_OC_DelayElapsedCallback          0x08002035   Thumb Code     2  stm32f4xx_hal_tim.o(i.HAL_TIM_OC_DelayElapsedCallback)
    HAL_TIM_PWM_ConfigChannel                0x08002037   Thumb Code   208  stm32f4xx_hal_tim.o(i.HAL_TIM_PWM_ConfigChannel)
    HAL_TIM_PWM_Init                         0x08002107   Thumb Code    54  stm32f4xx_hal_tim.o(i.HAL_TIM_PWM_Init)
    HAL_TIM_PWM_MspInit                      0x0800213d   Thumb Code    30  tim.o(i.HAL_TIM_PWM_MspInit)
    HAL_TIM_PWM_PulseFinishedCallback        0x08002165   Thumb Code     2  stm32f4xx_hal_tim.o(i.HAL_TIM_PWM_PulseFinishedCallback)
    HAL_TIM_PWM_Start                        0x08002169   Thumb Code    48  stm32f4xx_hal_tim.o(i.HAL_TIM_PWM_Start)
    HAL_TIM_PeriodElapsedCallback            0x080021a1   Thumb Code     2  stm32f4xx_hal_tim.o(i.HAL_TIM_PeriodElapsedCallback)
    HAL_TIM_ReadCapturedValue                0x080021a3   Thumb Code    68  stm32f4xx_hal_tim.o(i.HAL_TIM_ReadCapturedValue)
    HAL_TIM_TriggerCallback                  0x080021e7   Thumb Code     2  stm32f4xx_hal_tim.o(i.HAL_TIM_TriggerCallback)
    HAL_UART_DMAStop                         0x080021e9   Thumb Code    88  stm32f4xx_hal_uart.o(i.HAL_UART_DMAStop)
    HAL_UART_ErrorCallback                   0x08002241   Thumb Code     2  stm32f4xx_hal_uart.o(i.HAL_UART_ErrorCallback)
    HAL_UART_Init                            0x08002243   Thumb Code    98  stm32f4xx_hal_uart.o(i.HAL_UART_Init)
    HAL_UART_MspInit                         0x080022a5   Thumb Code   284  usart.o(i.HAL_UART_MspInit)
    HAL_UART_Receive_DMA                     0x080023fd   Thumb Code   132  stm32f4xx_hal_uart.o(i.HAL_UART_Receive_DMA)
    HAL_UART_RxCpltCallback                  0x0800248d   Thumb Code     2  stm32f4xx_hal_uart.o(i.HAL_UART_RxCpltCallback)
    HAL_UART_RxHalfCpltCallback              0x0800248f   Thumb Code     2  stm32f4xx_hal_uart.o(i.HAL_UART_RxHalfCpltCallback)
    HardFault_Handler                        0x08002491   Thumb Code     2  stm32f4xx_it.o(i.HardFault_Handler)
    JY901_Data_Receive                       0x08002495   Thumb Code   110  imu.o(i.JY901_Data_Receive)
    JY901_Decode                             0x08002519   Thumb Code   124  imu.o(i.JY901_Decode)
    MX_CAN1_Init                             0x08002599   Thumb Code    66  can.o(i.MX_CAN1_Init)
    MX_DMA_Init                              0x080025f9   Thumb Code   120  dma.o(i.MX_DMA_Init)
    MX_GPIO_Init                             0x08002675   Thumb Code   176  gpio.o(i.MX_GPIO_Init)
    MX_TIM3_Init                             0x0800272d   Thumb Code    92  tim.o(i.MX_TIM3_Init)
    MX_TIM4_Init                             0x080027a5   Thumb Code   142  tim.o(i.MX_TIM4_Init)
    MX_TIM5_Init                             0x08002851   Thumb Code   186  tim.o(i.MX_TIM5_Init)
    MX_UART7_Init                            0x08002929   Thumb Code    54  usart.o(i.MX_UART7_Init)
    MX_UART8_Init                            0x0800297d   Thumb Code    52  usart.o(i.MX_UART8_Init)
    MX_USART1_UART_Init                      0x080029cd   Thumb Code    56  usart.o(i.MX_USART1_UART_Init)
    MemManage_Handler                        0x08002a25   Thumb Code     2  stm32f4xx_it.o(i.MemManage_Handler)
    MocaWheelInit                            0x08002a27   Thumb Code    18  shoot_ctrl.o(i.MocaWheelInit)
    Motor_IncPos                             0x08002a39   Thumb Code    52  motor_func.o(i.Motor_IncPos)
    Motor_PosCtrl                            0x08002a6d   Thumb Code   334  motor_func.o(i.Motor_PosCtrl)
    Motor_SetVel                             0x08002be5   Thumb Code     6  motor_func.o(i.Motor_SetVel)
    Motor_ValueSet                           0x08002beb   Thumb Code    40  motor_func.o(i.Motor_ValueSet)
    Motor_VeloCtrl                           0x08002c15   Thumb Code   152  motor_func.o(i.Motor_VeloCtrl)
    NMI_Handler                              0x08002cbd   Thumb Code     2  stm32f4xx_it.o(i.NMI_Handler)
    PendSV_Handler                           0x08002cdf   Thumb Code     2  stm32f4xx_it.o(i.PendSV_Handler)
    RC_DataHandle                            0x08002ce1   Thumb Code   118  remote_ctrl.o(i.RC_DataHandle)
    RemoteCtl_Data_Receive                   0x08002d61   Thumb Code   118  remote_ctrl.o(i.RemoteCtl_Data_Receive)
    SVC_Handler                              0x08002df1   Thumb Code     2  stm32f4xx_it.o(i.SVC_Handler)
    ShootWheel_Control                       0x08002df5   Thumb Code   138  shoot_ctrl.o(i.ShootWheel_Control)
    SysNVIC_SetPriority                      0x08002e91   Thumb Code    86  sys.o(i.SysNVIC_SetPriority)
    SysTick_Handler                          0x08002ee7   Thumb Code    14  stm32f4xx_it.o(i.SysTick_Handler)
    SystemClock_Config                       0x08002ef5   Thumb Code   150  main.o(i.SystemClock_Config)
    SystemInit                               0x08002f95   Thumb Code    66  system_stm32f4xx.o(i.SystemInit)
    TIM3_IRQHandler                          0x08002fe9   Thumb Code    16  stm32f4xx_it.o(i.TIM3_IRQHandler)
    TIM5_IRQHandler                          0x08002ffd   Thumb Code     6  stm32f4xx_it.o(i.TIM5_IRQHandler)
    TIM_Base_SetConfig                       0x08003009   Thumb Code   148  stm32f4xx_hal_tim.o(i.TIM_Base_SetConfig)
    TIM_CCxChannelCmd                        0x080030c9   Thumb Code    22  stm32f4xx_hal_tim.o(i.TIM_CCxChannelCmd)
    TIM_OC2_SetConfig                        0x0800315d   Thumb Code    90  stm32f4xx_hal_tim.o(i.TIM_OC2_SetConfig)
    TIM_TI1_SetConfig                        0x08003295   Thumb Code   104  stm32f4xx_hal_tim.o(i.TIM_TI1_SetConfig)
    UART7_IRQHandler                         0x08003373   Thumb Code     2  stm32f4xx_it.o(i.UART7_IRQHandler)
    UART8_IRQHandler                         0x08003375   Thumb Code     4  stm32f4xx_it.o(i.UART8_IRQHandler)
    USART1_IRQHandler                        0x080036e5   Thumb Code     4  stm32f4xx_it.o(i.USART1_IRQHandler)
    UsageFault_Handler                       0x080036e9   Thumb Code     2  stm32f4xx_it.o(i.UsageFault_Handler)
    _Error_Handler                           0x080036eb   Thumb Code     2  main.o(i._Error_Handler)
    __hardfp_sqrtf                           0x080036ed   Thumb Code    58  sqrtf.o(i.__hardfp_sqrtf)
    __scatterload_copy                       0x08003727   Thumb Code    14  handlers.o(i.__scatterload_copy)
    __scatterload_null                       0x08003735   Thumb Code     2  handlers.o(i.__scatterload_null)
    __scatterload_zeroinit                   0x08003737   Thumb Code    14  handlers.o(i.__scatterload_zeroinit)
    __set_errno                              0x08003745   Thumb Code     6  errno.o(i.__set_errno)
    main                                     0x08003751   Thumb Code   322  main.o(i.main)
    sysControl                               0x080038f1   Thumb Code   130  control_loop.o(i.sysControl)
    APBAHBPrescTable                         0x080039a0   Data          16  stm32f4xx_hal_rcc.o(.constdata)
    Region$$Table$$Base                      0x080039b8   Number         0  anon$$obj.o(Region$$Table)
    Region$$Table$$Limit                     0x080039d8   Number         0  anon$$obj.o(Region$$Table)
    uwTick                                   0x20000000   Data           4  stm32f4xx_hal.o(.data)
    SystemCoreClock                          0x20000004   Data           4  system_stm32f4xx.o(.data)
    bodanCwCcwFlag                           0x20000008   Data           4  can_ctrl.o(.data)
    detaPos                                  0x2000000c   Data           4  can_ctrl.o(.data)
    temperature                              0x20000010   Data           4  can_ctrl.o(.data)
    pitchPos                                 0x20000014   Data           4  control_loop.o(.data)
    yawPos                                   0x20000018   Data           4  control_loop.o(.data)
    BodanSpeed                               0x2000001c   Data           4  control_loop.o(.data)
    RemoteCtrlFlag                           0x20000021   Data           1  remote_ctrl.o(.data)
    fireFlag                                 0x20000024   Data           4  shoot_ctrl.o(.data)
    countA                                   0x20000028   Data           4  shoot_ctrl.o(.data)
    countB                                   0x2000002c   Data           4  shoot_ctrl.o(.data)
    setVelo                                  0x20000030   Data           4  shoot_ctrl.o(.data)
    fire1                                    0x20000034   Data           4  shoot_ctrl.o(.data)
    fire2                                    0x20000038   Data           4  shoot_ctrl.o(.data)
    motorYaw                                 0x20000040   Data         128  can_ctrl.o(.bss)
    motorPitch                               0x200000c0   Data         128  can_ctrl.o(.bss)
    motorBodan                               0x20000140   Data         128  can_ctrl.o(.bss)
    USART1_DMA_RX_BUF                        0x200001c0   Data          30  remote_ctrl.o(.bss)
    RemoteCtrlData                           0x200001de   Data          22  remote_ctrl.o(.bss)
    shootVeloA                               0x200001f4   Data          24  shoot_ctrl.o(.bss)
    shootVeloB                               0x2000020c   Data          24  shoot_ctrl.o(.bss)
    halAVelo                                 0x20000224   Data          12  shoot_ctrl.o(.bss)
    halBVelo                                 0x20000230   Data          12  shoot_ctrl.o(.bss)
    motorA                                   0x2000023c   Data          56  shoot_ctrl.o(.bss)
    motorB                                   0x20000274   Data          56  shoot_ctrl.o(.bss)
    JY901_Receive_Data                       0x200002ac   Data          90  imu.o(.bss)
    JYgyro                                   0x20000308   Data          16  imu.o(.bss)
    hcan1                                    0x20000358   Data          64  can.o(.bss)
    htim3                                    0x20000398   Data          60  tim.o(.bss)
    htim4                                    0x200003d4   Data          60  tim.o(.bss)
    htim5                                    0x20000410   Data          60  tim.o(.bss)
    hdma_tim5_ch1                            0x2000044c   Data          96  tim.o(.bss)
    hdma_tim5_ch2                            0x200004ac   Data          96  tim.o(.bss)
    huart1                                   0x2000050c   Data          64  usart.o(.bss)
    huart7                                   0x2000054c   Data          64  usart.o(.bss)
    huart8                                   0x2000058c   Data          64  usart.o(.bss)
    hdma_usart1_rx                           0x200005cc   Data          96  usart.o(.bss)
    hdma_uart8_rx                            0x2000062c   Data          96  usart.o(.bss)
    hdma_uart7_tx                            0x2000068c   Data          96  usart.o(.bss)
    __initial_sp                             0x20000af0   Data           0  startup_stm32f427xx.o(STACK)



==============================================================================

Memory Map of the image

  Image Entry point : 0x080001ad

  Load Region LR_IROM1 (Base: 0x08000000, Size: 0x00003a18, Max: 0x00200000, ABSOLUTE)

    Execution Region ER_IROM1 (Exec base: 0x08000000, Load base: 0x08000000, Size: 0x000039d8, Max: 0x00200000, ABSOLUTE)

    Exec Addr    Load Addr    Size         Type   Attr      Idx    E Section Name        Object

    0x08000000   0x08000000   0x000001ac   Data   RO            3    RESET               startup_stm32f427xx.o
    0x080001ac   0x080001ac   0x00000000   Code   RO         3353  * .ARM.Collect$$$$00000000  mc_w.l(entry.o)
    0x080001ac   0x080001ac   0x00000004   Code   RO         3401    .ARM.Collect$$$$00000001  mc_w.l(entry2.o)
    0x080001b0   0x080001b0   0x00000004   Code   RO         3404    .ARM.Collect$$$$00000004  mc_w.l(entry5.o)
    0x080001b4   0x080001b4   0x00000000   Code   RO         3406    .ARM.Collect$$$$00000008  mc_w.l(entry7b.o)
    0x080001b4   0x080001b4   0x00000000   Code   RO         3408    .ARM.Collect$$$$0000000A  mc_w.l(entry8b.o)
    0x080001b4   0x080001b4   0x00000008   Code   RO         3409    .ARM.Collect$$$$0000000B  mc_w.l(entry9a.o)
    0x080001bc   0x080001bc   0x00000000   Code   RO         3411    .ARM.Collect$$$$0000000D  mc_w.l(entry10a.o)
    0x080001bc   0x080001bc   0x00000000   Code   RO         3413    .ARM.Collect$$$$0000000F  mc_w.l(entry11a.o)
    0x080001bc   0x080001bc   0x00000004   Code   RO         3402    .ARM.Collect$$$$00002712  mc_w.l(entry2.o)
    0x080001c0   0x080001c0   0x00000024   Code   RO            4    .text               startup_stm32f427xx.o
    0x080001e4   0x080001e4   0x00000000   Code   RO         3426    .text               mc_w.l(iusefp.o)
    0x080001e4   0x080001e4   0x00000024   Code   RO         3441    .text               mc_w.l(init.o)
    0x08000208   0x08000208   0x00000002   Code   RO         2427    i.BusFault_Handler  stm32f4xx_it.o
    0x0800020a   0x0800020a   0x00000002   PAD
    0x0800020c   0x0800020c   0x0000000c   Code   RO         2428    i.CAN1_RX0_IRQHandler  stm32f4xx_it.o
    0x08000218   0x08000218   0x00000034   Code   RO         3099    i.CANFilter_Init    can.o
    0x0800024c   0x0800024c   0x000000bc   Code   RO         2691    i.CAN_MotorRxMsgConv  can_ctrl.o
    0x08000308   0x08000308   0x0000002e   Code   RO         2692    i.CAN_MotorTxMsgConv  can_ctrl.o
    0x08000336   0x08000336   0x00000002   PAD
    0x08000338   0x08000338   0x00000128   Code   RO           13    i.CAN_Receive_IT    stm32f4xx_hal_can.o
    0x08000460   0x08000460   0x0000002a   Code   RO         3100    i.CAN_SendMsg       can.o
    0x0800048a   0x0800048a   0x00000060   Code   RO           14    i.CAN_Transmit_IT   stm32f4xx_hal_can.o
    0x080004ea   0x080004ea   0x00000002   PAD
    0x080004ec   0x080004ec   0x0000000c   Code   RO         2429    i.DMA1_Stream1_IRQHandler  stm32f4xx_it.o
    0x080004f8   0x080004f8   0x0000000c   Code   RO         2430    i.DMA1_Stream2_IRQHandler  stm32f4xx_it.o
    0x08000504   0x08000504   0x0000000c   Code   RO         2431    i.DMA1_Stream4_IRQHandler  stm32f4xx_it.o
    0x08000510   0x08000510   0x0000000c   Code   RO         2432    i.DMA1_Stream6_IRQHandler  stm32f4xx_it.o
    0x0800051c   0x0800051c   0x0000000c   Code   RO         2433    i.DMA2_Stream2_IRQHandler  stm32f4xx_it.o
    0x08000528   0x08000528   0x00000028   Code   RO         1847    i.DMA_CalcBaseAndBitshift  stm32f4xx_hal_dma.o
    0x08000550   0x08000550   0x00000054   Code   RO         1848    i.DMA_CheckFifoParam  stm32f4xx_hal_dma.o
    0x080005a4   0x080005a4   0x00000028   Code   RO         1849    i.DMA_SetConfig     stm32f4xx_hal_dma.o
    0x080005cc   0x080005cc   0x00000002   Code   RO         2434    i.DebugMon_Handler  stm32f4xx_it.o
    0x080005ce   0x080005ce   0x00000002   PAD
    0x080005d0   0x080005d0   0x000000e4   Code   RO           15    i.HAL_CAN_ConfigFilter  stm32f4xx_hal_can.o
    0x080006b4   0x080006b4   0x00000002   Code   RO           17    i.HAL_CAN_ErrorCallback  stm32f4xx_hal_can.o
    0x080006b6   0x080006b6   0x00000002   PAD
    0x080006b8   0x080006b8   0x00000180   Code   RO           20    i.HAL_CAN_IRQHandler  stm32f4xx_hal_can.o
    0x08000838   0x08000838   0x00000148   Code   RO           21    i.HAL_CAN_Init      stm32f4xx_hal_can.o
    0x08000980   0x08000980   0x00000054   Code   RO         3102    i.HAL_CAN_MspInit   can.o
    0x080009d4   0x080009d4   0x00000150   Code   RO         2693    i.HAL_CAN_RxCpltCallback  can_ctrl.o
    0x08000b24   0x08000b24   0x00000194   Code   RO           28    i.HAL_CAN_Transmit  stm32f4xx_hal_can.o
    0x08000cb8   0x08000cb8   0x00000002   Code   RO           30    i.HAL_CAN_TxCpltCallback  stm32f4xx_hal_can.o
    0x08000cba   0x08000cba   0x0000008e   Code   RO         1850    i.HAL_DMA_Abort     stm32f4xx_hal_dma.o
    0x08000d48   0x08000d48   0x000001a8   Code   RO         1855    i.HAL_DMA_IRQHandler  stm32f4xx_hal_dma.o
    0x08000ef0   0x08000ef0   0x000000d0   Code   RO         1856    i.HAL_DMA_Init      stm32f4xx_hal_dma.o
    0x08000fc0   0x08000fc0   0x00000078   Code   RO         1860    i.HAL_DMA_Start_IT  stm32f4xx_hal_dma.o
    0x08001038   0x08001038   0x00000016   Code   RO         2275    i.HAL_Delay         stm32f4xx_hal.o
    0x0800104e   0x0800104e   0x00000002   PAD
    0x08001050   0x08001050   0x000001cc   Code   RO         1743    i.HAL_GPIO_Init     stm32f4xx_hal_gpio.o
    0x0800121c   0x0800121c   0x0000000a   Code   RO         1747    i.HAL_GPIO_WritePin  stm32f4xx_hal_gpio.o
    0x08001226   0x08001226   0x00000002   PAD
    0x08001228   0x08001228   0x0000000c   Code   RO         2283    i.HAL_GetTick       stm32f4xx_hal.o
    0x08001234   0x08001234   0x00000010   Code   RO         2284    i.HAL_IncTick       stm32f4xx_hal.o
    0x08001244   0x08001244   0x00000034   Code   RO         2285    i.HAL_Init          stm32f4xx_hal.o
    0x08001278   0x08001278   0x00000028   Code   RO         2286    i.HAL_InitTick      stm32f4xx_hal.o
    0x080012a0   0x080012a0   0x00000002   Code   RO         2288    i.HAL_MspInit       stm32f4xx_hal.o
    0x080012a2   0x080012a2   0x0000008e   Code   RO         1118    i.HAL_MultiProcessor_Init  stm32f4xx_hal_uart.o
    0x08001330   0x08001330   0x00000016   Code   RO         2148    i.HAL_NVIC_EnableIRQ  stm32f4xx_hal_cortex.o
    0x08001346   0x08001346   0x00000002   PAD
    0x08001348   0x08001348   0x00000040   Code   RO         2154    i.HAL_NVIC_SetPriority  stm32f4xx_hal_cortex.o
    0x08001388   0x08001388   0x00000024   Code   RO         2155    i.HAL_NVIC_SetPriorityGrouping  stm32f4xx_hal_cortex.o
    0x080013ac   0x080013ac   0x0000017c   Code   RO         1364    i.HAL_RCC_ClockConfig  stm32f4xx_hal_rcc.o
    0x08001528   0x08001528   0x0000000c   Code   RO         1369    i.HAL_RCC_GetHCLKFreq  stm32f4xx_hal_rcc.o
    0x08001534   0x08001534   0x00000030   Code   RO         1371    i.HAL_RCC_GetPCLK1Freq  stm32f4xx_hal_rcc.o
    0x08001564   0x08001564   0x00000030   Code   RO         1372    i.HAL_RCC_GetPCLK2Freq  stm32f4xx_hal_rcc.o
    0x08001594   0x08001594   0x00000074   Code   RO         1373    i.HAL_RCC_GetSysClockFreq  stm32f4xx_hal_rcc.o
    0x08001608   0x08001608   0x000002e4   Code   RO         1376    i.HAL_RCC_OscConfig  stm32f4xx_hal_rcc.o
    0x080018ec   0x080018ec   0x00000018   Code   RO         2157    i.HAL_SYSTICK_CLKSourceConfig  stm32f4xx_hal_cortex.o
    0x08001904   0x08001904   0x00000002   Code   RO         2158    i.HAL_SYSTICK_Callback  stm32f4xx_hal_cortex.o
    0x08001906   0x08001906   0x00000028   Code   RO         2159    i.HAL_SYSTICK_Config  stm32f4xx_hal_cortex.o
    0x0800192e   0x0800192e   0x00000008   Code   RO         2160    i.HAL_SYSTICK_IRQHandler  stm32f4xx_hal_cortex.o
    0x08001936   0x08001936   0x00000002   Code   RO          872    i.HAL_TIMEx_BreakCallback  stm32f4xx_hal_tim_ex.o
    0x08001938   0x08001938   0x00000002   Code   RO          873    i.HAL_TIMEx_CommutationCallback  stm32f4xx_hal_tim_ex.o
    0x0800193a   0x0800193a   0x00000050   Code   RO          889    i.HAL_TIMEx_MasterConfigSynchronization  stm32f4xx_hal_tim_ex.o
    0x0800198a   0x0800198a   0x00000036   Code   RO          243    i.HAL_TIM_Base_Init  stm32f4xx_hal_tim.o
    0x080019c0   0x080019c0   0x00000064   Code   RO         3202    i.HAL_TIM_Base_MspInit  tim.o
    0x08001a24   0x08001a24   0x00000018   Code   RO          248    i.HAL_TIM_Base_Start_IT  stm32f4xx_hal_tim.o
    0x08001a3c   0x08001a3c   0x000000f2   Code   RO          252    i.HAL_TIM_ConfigClockSource  stm32f4xx_hal_tim.o
    0x08001b2e   0x08001b2e   0x00000002   PAD
    0x08001b30   0x08001b30   0x000001c8   Code   RO         2919    i.HAL_TIM_IC_CaptureCallback  shoot_ctrl.o
    0x08001cf8   0x08001cf8   0x0000011e   Code   RO          273    i.HAL_TIM_IC_ConfigChannel  stm32f4xx_hal_tim.o
    0x08001e16   0x08001e16   0x00000036   Code   RO          276    i.HAL_TIM_IC_Init   stm32f4xx_hal_tim.o
    0x08001e4c   0x08001e4c   0x00000002   Code   RO          278    i.HAL_TIM_IC_MspInit  stm32f4xx_hal_tim.o
    0x08001e4e   0x08001e4e   0x0000004c   Code   RO          281    i.HAL_TIM_IC_Start_IT  stm32f4xx_hal_tim.o
    0x08001e9a   0x08001e9a   0x00000166   Code   RO          285    i.HAL_TIM_IRQHandler  stm32f4xx_hal_tim.o
    0x08002000   0x08002000   0x00000034   Code   RO         3203    i.HAL_TIM_MspPostInit  tim.o
    0x08002034   0x08002034   0x00000002   Code   RO          288    i.HAL_TIM_OC_DelayElapsedCallback  stm32f4xx_hal_tim.o
    0x08002036   0x08002036   0x000000d0   Code   RO          309    i.HAL_TIM_PWM_ConfigChannel  stm32f4xx_hal_tim.o
    0x08002106   0x08002106   0x00000036   Code   RO          312    i.HAL_TIM_PWM_Init  stm32f4xx_hal_tim.o
    0x0800213c   0x0800213c   0x00000028   Code   RO         3205    i.HAL_TIM_PWM_MspInit  tim.o
    0x08002164   0x08002164   0x00000002   Code   RO          315    i.HAL_TIM_PWM_PulseFinishedCallback  stm32f4xx_hal_tim.o
    0x08002166   0x08002166   0x00000002   PAD
    0x08002168   0x08002168   0x00000038   Code   RO          316    i.HAL_TIM_PWM_Start  stm32f4xx_hal_tim.o
    0x080021a0   0x080021a0   0x00000002   Code   RO          322    i.HAL_TIM_PeriodElapsedCallback  stm32f4xx_hal_tim.o
    0x080021a2   0x080021a2   0x00000044   Code   RO          323    i.HAL_TIM_ReadCapturedValue  stm32f4xx_hal_tim.o
    0x080021e6   0x080021e6   0x00000002   Code   RO          326    i.HAL_TIM_TriggerCallback  stm32f4xx_hal_tim.o
    0x080021e8   0x080021e8   0x00000058   Code   RO         1121    i.HAL_UART_DMAStop  stm32f4xx_hal_uart.o
    0x08002240   0x08002240   0x00000002   Code   RO         1123    i.HAL_UART_ErrorCallback  stm32f4xx_hal_uart.o
    0x08002242   0x08002242   0x00000062   Code   RO         1127    i.HAL_UART_Init     stm32f4xx_hal_uart.o
    0x080022a4   0x080022a4   0x00000158   Code   RO         3276    i.HAL_UART_MspInit  usart.o
    0x080023fc   0x080023fc   0x00000090   Code   RO         1131    i.HAL_UART_Receive_DMA  stm32f4xx_hal_uart.o
    0x0800248c   0x0800248c   0x00000002   Code   RO         1133    i.HAL_UART_RxCpltCallback  stm32f4xx_hal_uart.o
    0x0800248e   0x0800248e   0x00000002   Code   RO         1134    i.HAL_UART_RxHalfCpltCallback  stm32f4xx_hal_uart.o
    0x08002490   0x08002490   0x00000002   Code   RO         2435    i.HardFault_Handler  stm32f4xx_it.o
    0x08002492   0x08002492   0x00000002   PAD
    0x08002494   0x08002494   0x00000084   Code   RO         2964    i.JY901_Data_Receive  imu.o
    0x08002518   0x08002518   0x00000080   Code   RO         2965    i.JY901_Decode      imu.o
    0x08002598   0x08002598   0x00000060   Code   RO         3103    i.MX_CAN1_Init      can.o
    0x080025f8   0x080025f8   0x0000007c   Code   RO         3153    i.MX_DMA_Init       dma.o
    0x08002674   0x08002674   0x000000b8   Code   RO         3177    i.MX_GPIO_Init      gpio.o
    0x0800272c   0x0800272c   0x00000078   Code   RO         3206    i.MX_TIM3_Init      tim.o
    0x080027a4   0x080027a4   0x000000ac   Code   RO         3207    i.MX_TIM4_Init      tim.o
    0x08002850   0x08002850   0x000000d8   Code   RO         3208    i.MX_TIM5_Init      tim.o
    0x08002928   0x08002928   0x00000054   Code   RO         3277    i.MX_UART7_Init     usart.o
    0x0800297c   0x0800297c   0x00000050   Code   RO         3278    i.MX_UART8_Init     usart.o
    0x080029cc   0x080029cc   0x00000058   Code   RO         3279    i.MX_USART1_UART_Init  usart.o
    0x08002a24   0x08002a24   0x00000002   Code   RO         2436    i.MemManage_Handler  stm32f4xx_it.o
    0x08002a26   0x08002a26   0x00000012   Code   RO         2920    i.MocaWheelInit     shoot_ctrl.o
    0x08002a38   0x08002a38   0x00000034   Code   RO         2813    i.Motor_IncPos      motor_func.o
    0x08002a6c   0x08002a6c   0x00000178   Code   RO         2814    i.Motor_PosCtrl     motor_func.o
    0x08002be4   0x08002be4   0x00000006   Code   RO         2815    i.Motor_SetVel      motor_func.o
    0x08002bea   0x08002bea   0x00000028   Code   RO         2816    i.Motor_ValueSet    motor_func.o
    0x08002c12   0x08002c12   0x00000002   PAD
    0x08002c14   0x08002c14   0x000000a8   Code   RO         2817    i.Motor_VeloCtrl    motor_func.o
    0x08002cbc   0x08002cbc   0x00000002   Code   RO         2437    i.NMI_Handler       stm32f4xx_it.o
    0x08002cbe   0x08002cbe   0x00000020   Code   RO         2161    i.NVIC_SetPriority  stm32f4xx_hal_cortex.o
    0x08002cde   0x08002cde   0x00000002   Code   RO         2438    i.PendSV_Handler    stm32f4xx_it.o
    0x08002ce0   0x08002ce0   0x00000080   Code   RO         2878    i.RC_DataHandle     remote_ctrl.o
    0x08002d60   0x08002d60   0x00000090   Code   RO         2879    i.RemoteCtl_Data_Receive  remote_ctrl.o
    0x08002df0   0x08002df0   0x00000002   Code   RO         2439    i.SVC_Handler       stm32f4xx_it.o
    0x08002df2   0x08002df2   0x00000002   PAD
    0x08002df4   0x08002df4   0x0000009c   Code   RO         2921    i.ShootWheel_Control  shoot_ctrl.o
    0x08002e90   0x08002e90   0x00000056   Code   RO         3072    i.SysNVIC_SetPriority  sys.o
    0x08002ee6   0x08002ee6   0x0000000e   Code   RO         2440    i.SysTick_Handler   stm32f4xx_it.o
    0x08002ef4   0x08002ef4   0x000000a0   Code   RO         2635    i.SystemClock_Config  main.o
    0x08002f94   0x08002f94   0x00000054   Code   RO         2599    i.SystemInit        system_stm32f4xx.o
    0x08002fe8   0x08002fe8   0x00000014   Code   RO         2441    i.TIM3_IRQHandler   stm32f4xx_it.o
    0x08002ffc   0x08002ffc   0x0000000c   Code   RO         2442    i.TIM5_IRQHandler   stm32f4xx_it.o
    0x08003008   0x08003008   0x000000c0   Code   RO          327    i.TIM_Base_SetConfig  stm32f4xx_hal_tim.o
    0x080030c8   0x080030c8   0x00000016   Code   RO          328    i.TIM_CCxChannelCmd  stm32f4xx_hal_tim.o
    0x080030de   0x080030de   0x00000014   Code   RO          334    i.TIM_ETR_SetConfig  stm32f4xx_hal_tim.o
    0x080030f2   0x080030f2   0x00000010   Code   RO          335    i.TIM_ITRx_SetConfig  stm32f4xx_hal_tim.o
    0x08003102   0x08003102   0x00000002   PAD
    0x08003104   0x08003104   0x00000058   Code   RO          336    i.TIM_OC1_SetConfig  stm32f4xx_hal_tim.o
    0x0800315c   0x0800315c   0x00000064   Code   RO          337    i.TIM_OC2_SetConfig  stm32f4xx_hal_tim.o
    0x080031c0   0x080031c0   0x00000060   Code   RO          338    i.TIM_OC3_SetConfig  stm32f4xx_hal_tim.o
    0x08003220   0x08003220   0x00000050   Code   RO          339    i.TIM_OC4_SetConfig  stm32f4xx_hal_tim.o
    0x08003270   0x08003270   0x00000022   Code   RO          341    i.TIM_TI1_ConfigInputStage  stm32f4xx_hal_tim.o
    0x08003292   0x08003292   0x00000002   PAD
    0x08003294   0x08003294   0x00000084   Code   RO          342    i.TIM_TI1_SetConfig  stm32f4xx_hal_tim.o
    0x08003318   0x08003318   0x00000024   Code   RO          343    i.TIM_TI2_ConfigInputStage  stm32f4xx_hal_tim.o
    0x0800333c   0x0800333c   0x00000036   Code   RO          344    i.TIM_TI2_SetConfig  stm32f4xx_hal_tim.o
    0x08003372   0x08003372   0x00000002   Code   RO         2443    i.UART7_IRQHandler  stm32f4xx_it.o
    0x08003374   0x08003374   0x00000004   Code   RO         2444    i.UART8_IRQHandler  stm32f4xx_it.o
    0x08003378   0x08003378   0x0000004a   Code   RO         1141    i.UART_DMAError     stm32f4xx_hal_uart.o
    0x080033c2   0x080033c2   0x0000003c   Code   RO         1142    i.UART_DMAReceiveCplt  stm32f4xx_hal_uart.o
    0x080033fe   0x080033fe   0x0000000a   Code   RO         1143    i.UART_DMARxHalfCplt  stm32f4xx_hal_uart.o
    0x08003408   0x08003408   0x0000001c   Code   RO         1146    i.UART_EndRxTransfer  stm32f4xx_hal_uart.o
    0x08003424   0x08003424   0x00000012   Code   RO         1147    i.UART_EndTxTransfer  stm32f4xx_hal_uart.o
    0x08003436   0x08003436   0x00000002   PAD
    0x08003438   0x08003438   0x000002ac   Code   RO         1149    i.UART_SetConfig    stm32f4xx_hal_uart.o
    0x080036e4   0x080036e4   0x00000004   Code   RO         2445    i.USART1_IRQHandler  stm32f4xx_it.o
    0x080036e8   0x080036e8   0x00000002   Code   RO         2446    i.UsageFault_Handler  stm32f4xx_it.o
    0x080036ea   0x080036ea   0x00000002   Code   RO         2636    i._Error_Handler    main.o
    0x080036ec   0x080036ec   0x0000003a   Code   RO         3341    i.__hardfp_sqrtf    m_wm.l(sqrtf.o)
    0x08003726   0x08003726   0x0000000e   Code   RO         3451    i.__scatterload_copy  mc_w.l(handlers.o)
    0x08003734   0x08003734   0x00000002   Code   RO         3452    i.__scatterload_null  mc_w.l(handlers.o)
    0x08003736   0x08003736   0x0000000e   Code   RO         3453    i.__scatterload_zeroinit  mc_w.l(handlers.o)
    0x08003744   0x08003744   0x0000000c   Code   RO         3421    i.__set_errno       mc_w.l(errno.o)
    0x08003750   0x08003750   0x000001a0   Code   RO         2637    i.main              main.o
    0x080038f0   0x080038f0   0x000000b0   Code   RO         2734    i.sysControl        control_loop.o
    0x080039a0   0x080039a0   0x00000010   Data   RO         1377    .constdata          stm32f4xx_hal_rcc.o
    0x080039b0   0x080039b0   0x00000008   Data   RO         1862    .constdata          stm32f4xx_hal_dma.o
    0x080039b8   0x080039b8   0x00000020   Data   RO         3449    Region$$Table       anon$$obj.o


    Execution Region RW_IRAM1 (Exec base: 0x20000000, Load base: 0x080039d8, Size: 0x00000af0, Max: 0x00030000, ABSOLUTE)

    Exec Addr    Load Addr    Size         Type   Attr      Idx    E Section Name        Object

    0x20000000   0x080039d8   0x00000004   Data   RW         2291    .data               stm32f4xx_hal.o
    0x20000004   0x080039dc   0x00000004   Data   RW         2601    .data               system_stm32f4xx.o
    0x20000008   0x080039e0   0x0000000c   Data   RW         2695    .data               can_ctrl.o
    0x20000014   0x080039ec   0x0000000c   Data   RW         2735    .data               control_loop.o
    0x20000020   0x080039f8   0x00000001   Data   RW         2818    .data               motor_func.o
    0x20000021   0x080039f9   0x00000001   Data   RW         2881    .data               remote_ctrl.o
    0x20000022   0x080039fa   0x00000002   PAD
    0x20000024   0x080039fc   0x00000018   Data   RW         2925    .data               shoot_ctrl.o
    0x2000003c   0x08003a14   0x00000004   Data   RW         3422    .data               mc_w.l(errno.o)
    0x20000040        -       0x00000180   Zero   RW         2694    .bss                can_ctrl.o
    0x200001c0        -       0x00000034   Zero   RW         2880    .bss                remote_ctrl.o
    0x200001f4        -       0x00000048   Zero   RW         2922    .bss                shoot_ctrl.o
    0x2000023c        -       0x00000038   Zero   RW         2923    .bss                shoot_ctrl.o
    0x20000274        -       0x00000038   Zero   RW         2924    .bss                shoot_ctrl.o
    0x200002ac        -       0x0000006c   Zero   RW         2966    .bss                imu.o
    0x20000318        -       0x00000080   Zero   RW         3104    .bss                can.o
    0x20000398        -       0x000000b4   Zero   RW         3209    .bss                tim.o
    0x2000044c        -       0x00000060   Zero   RW         3210    .bss                tim.o
    0x200004ac        -       0x00000060   Zero   RW         3211    .bss                tim.o
    0x2000050c        -       0x00000180   Zero   RW         3280    .bss                usart.o
    0x2000068c        -       0x00000060   Zero   RW         3281    .bss                usart.o
    0x200006ec   0x08003a18   0x00000004   PAD
    0x200006f0        -       0x00000400   Zero   RW            1    STACK               startup_stm32f427xx.o


==============================================================================

Image component sizes


      Code (inc. data)   RO Data    RW Data    ZI Data      Debug   Object Name

       274         48          0          0        128       2968   can.o
       570         48          0         12        384       2891   can_ctrl.o
       176         46          0         12          0        854   control_loop.o
       124          4          0          0          0        866   dma.o
       184          8          0          0          0       1159   gpio.o
       260         26          0          0        108       2244   imu.o
       578        104          0          0          0       2317   main.o
       642         58          0          1          0       4220   motor_func.o
       272         36          0          1         52       2835   remote_ctrl.o
       630         50          0         24        184       3289   shoot_ctrl.o
        36          8        428          0       1024        872   startup_stm32f427xx.o
       144         22          0          4          0       4805   stm32f4xx_hal.o
      1740         38          0          0          0     356811   stm32f4xx_hal_can.o
       228         14          0          0          0      32253   stm32f4xx_hal_cortex.o
      1058         22          8          0          0       6827   stm32f4xx_hal_dma.o
       470         52          0          0          0       2572   stm32f4xx_hal_gpio.o
      1344         80         16          0          0       6007   stm32f4xx_hal_rcc.o
      2360        116          0          0          0      21641   stm32f4xx_hal_tim.o
        84          0          0          0          0       2462   stm32f4xx_hal_tim_ex.o
      1352         20          0          0          0       9213   stm32f4xx_hal_uart.o
       144         46          0          0          0      10884   stm32f4xx_it.o
        86          0          0          0          0        554   sys.o
        84         18          0          4          0       1189   system_stm32f4xx.o
       700        126          0          0        372       4556   tim.o
       596        150          0          0        480       3315   usart.o

    ----------------------------------------------------------------------
     14168       1140        484         60       2736     487604   Object Totals
         0          0         32          0          0          0   (incl. Generated)
        32          0          0          2          4          0   (incl. Padding)

    ----------------------------------------------------------------------

      Code (inc. data)   RO Data    RW Data    ZI Data      Debug   Library Member Name

        58          0          0          0          0        136   sqrtf.o
         0          0          0          0          0          0   entry.o
         0          0          0          0          0          0   entry10a.o
         0          0          0          0          0          0   entry11a.o
         8          4          0          0          0          0   entry2.o
         4          0          0          0          0          0   entry5.o
         0          0          0          0          0          0   entry7b.o
         0          0          0          0          0          0   entry8b.o
         8          4          0          0          0          0   entry9a.o
        12          6          0          4          0         68   errno.o
        30          0          0          0          0          0   handlers.o
        36          8          0          0          0         68   init.o
         0          0          0          0          0          0   iusefp.o

    ----------------------------------------------------------------------
       156         22          0          4          0        272   Library Totals
         0          0          0          0          0          0   (incl. Padding)

    ----------------------------------------------------------------------

      Code (inc. data)   RO Data    RW Data    ZI Data      Debug   Library Name

        58          0          0          0          0        136   m_wm.l
        98         22          0          4          0        136   mc_w.l

    ----------------------------------------------------------------------
       156         22          0          4          0        272   Library Totals

    ----------------------------------------------------------------------

==============================================================================


      Code (inc. data)   RO Data    RW Data    ZI Data      Debug   

     14324       1162        484         64       2736     475680   Grand Totals
     14324       1162        484         64       2736     475680   ELF Image Totals
     14324       1162        484         64          0          0   ROM Totals

==============================================================================

    Total RO  Size (Code + RO Data)                14808 (  14.46kB)
    Total RW  Size (RW Data + ZI Data)              2800 (   2.73kB)
    Total ROM Size (Code + RO Data + RW Data)      14872 (  14.52kB)

==============================================================================

